[2024-11-09T17:55:22.180+0000] {local_task_job_runner.py:123} INFO - ::group::Pre task execution logs
[2024-11-09T17:55:22.197+0000] {taskinstance.py:2612} INFO - Dependencies all met for dep_context=non-requeueable deps ti=<TaskInstance: spotify_pipeline.health_check manual__2024-11-09T17:55:20.397979+00:00 [queued]>
[2024-11-09T17:55:22.205+0000] {taskinstance.py:2612} INFO - Dependencies all met for dep_context=requeueable deps ti=<TaskInstance: spotify_pipeline.health_check manual__2024-11-09T17:55:20.397979+00:00 [queued]>
[2024-11-09T17:55:22.206+0000] {taskinstance.py:2865} INFO - Starting attempt 1 of 1
[2024-11-09T17:55:22.220+0000] {taskinstance.py:2888} INFO - Executing <Task(SparkSubmitOperator): health_check> on 2024-11-09 17:55:20.397979+00:00
[2024-11-09T17:55:22.224+0000] {standard_task_runner.py:72} INFO - Started process 525 to run task
[2024-11-09T17:55:22.226+0000] {standard_task_runner.py:104} INFO - Running: ['***', 'tasks', 'run', 'spotify_pipeline', 'health_check', 'manual__2024-11-09T17:55:20.397979+00:00', '--job-id', '39', '--raw', '--subdir', 'DAGS_FOLDER/spotify_pipeline.py', '--cfg-path', '/tmp/tmpbmn6bgrg']
[2024-11-09T17:55:22.229+0000] {standard_task_runner.py:105} INFO - Job 39: Subtask health_check
[2024-11-09T17:55:22.277+0000] {task_command.py:467} INFO - Running <TaskInstance: spotify_pipeline.health_check manual__2024-11-09T17:55:20.397979+00:00 [running]> on host d2265ead819e
[2024-11-09T17:55:22.364+0000] {taskinstance.py:3131} INFO - Exporting env vars: AIRFLOW_CTX_DAG_OWNER='JK' AIRFLOW_CTX_DAG_ID='spotify_pipeline' AIRFLOW_CTX_TASK_ID='health_check' AIRFLOW_CTX_EXECUTION_DATE='2024-11-09T17:55:20.397979+00:00' AIRFLOW_CTX_TRY_NUMBER='1' AIRFLOW_CTX_DAG_RUN_ID='manual__2024-11-09T17:55:20.397979+00:00'
[2024-11-09T17:55:22.365+0000] {taskinstance.py:731} INFO - ::endgroup::
[2024-11-09T17:55:22.385+0000] {base.py:84} INFO - Retrieving connection 'spark-conn'
[2024-11-09T17:55:22.386+0000] {spark_submit.py:473} INFO - Spark-Submit cmd: spark-submit --master spark://172.23.0.3:7077 --name arrow-spark --deploy-mode client jobs/python/health_check.py
[2024-11-09T17:55:25.347+0000] {spark_submit.py:634} INFO - 24/11/09 17:55:25 INFO SparkContext: Running Spark version 3.4.2
[2024-11-09T17:55:25.409+0000] {spark_submit.py:634} INFO - 24/11/09 17:55:25 WARN NativeCodeLoader: Unable to load native-hadoop library for your platform... using builtin-java classes where applicable
[2024-11-09T17:55:25.515+0000] {spark_submit.py:634} INFO - 24/11/09 17:55:25 INFO ResourceUtils: ==============================================================
[2024-11-09T17:55:25.517+0000] {spark_submit.py:634} INFO - 24/11/09 17:55:25 INFO ResourceUtils: No custom resources configured for spark.driver.
[2024-11-09T17:55:25.519+0000] {spark_submit.py:634} INFO - 24/11/09 17:55:25 INFO ResourceUtils: ==============================================================
[2024-11-09T17:55:25.520+0000] {spark_submit.py:634} INFO - 24/11/09 17:55:25 INFO SparkContext: Submitted application: HealthCheck
[2024-11-09T17:55:25.550+0000] {spark_submit.py:634} INFO - 24/11/09 17:55:25 INFO ResourceProfile: Default ResourceProfile created, executor resources: Map(memory -> name: memory, amount: 1024, script: , vendor: , offHeap -> name: offHeap, amount: 0, script: , vendor: ), task resources: Map(cpus -> name: cpus, amount: 1.0)
[2024-11-09T17:55:25.562+0000] {spark_submit.py:634} INFO - 24/11/09 17:55:25 INFO ResourceProfile: Limiting resource is cpu
[2024-11-09T17:55:25.564+0000] {spark_submit.py:634} INFO - 24/11/09 17:55:25 INFO ResourceProfileManager: Added ResourceProfile id: 0
[2024-11-09T17:55:25.626+0000] {spark_submit.py:634} INFO - 24/11/09 17:55:25 INFO SecurityManager: Changing view acls to: root
[2024-11-09T17:55:25.628+0000] {spark_submit.py:634} INFO - 24/11/09 17:55:25 INFO SecurityManager: Changing modify acls to: root
[2024-11-09T17:55:25.629+0000] {spark_submit.py:634} INFO - 24/11/09 17:55:25 INFO SecurityManager: Changing view acls groups to:
[2024-11-09T17:55:25.631+0000] {spark_submit.py:634} INFO - 24/11/09 17:55:25 INFO SecurityManager: Changing modify acls groups to:
[2024-11-09T17:55:25.632+0000] {spark_submit.py:634} INFO - 24/11/09 17:55:25 INFO SecurityManager: SecurityManager: authentication disabled; ui acls disabled; users with view permissions: root; groups with view permissions: EMPTY; users with modify permissions: root; groups with modify permissions: EMPTY
[2024-11-09T17:55:25.960+0000] {spark_submit.py:634} INFO - 24/11/09 17:55:25 INFO Utils: Successfully started service 'sparkDriver' on port 37713.
[2024-11-09T17:55:25.995+0000] {spark_submit.py:634} INFO - 24/11/09 17:55:25 INFO SparkEnv: Registering MapOutputTracker
[2024-11-09T17:55:26.048+0000] {spark_submit.py:634} INFO - 24/11/09 17:55:26 INFO SparkEnv: Registering BlockManagerMaster
[2024-11-09T17:55:26.080+0000] {spark_submit.py:634} INFO - 24/11/09 17:55:26 INFO BlockManagerMasterEndpoint: Using org.apache.spark.storage.DefaultTopologyMapper for getting topology information
[2024-11-09T17:55:26.082+0000] {spark_submit.py:634} INFO - 24/11/09 17:55:26 INFO BlockManagerMasterEndpoint: BlockManagerMasterEndpoint up
[2024-11-09T17:55:26.089+0000] {spark_submit.py:634} INFO - 24/11/09 17:55:26 INFO SparkEnv: Registering BlockManagerMasterHeartbeat
[2024-11-09T17:55:26.113+0000] {spark_submit.py:634} INFO - 24/11/09 17:55:26 INFO DiskBlockManager: Created local directory at /tmp/blockmgr-2c409305-8566-4a58-8dfc-bfe3ea470154
[2024-11-09T17:55:26.133+0000] {spark_submit.py:634} INFO - 24/11/09 17:55:26 INFO MemoryStore: MemoryStore started with capacity 434.4 MiB
[2024-11-09T17:55:26.162+0000] {spark_submit.py:634} INFO - 24/11/09 17:55:26 INFO SparkEnv: Registering OutputCommitCoordinator
[2024-11-09T17:55:26.376+0000] {spark_submit.py:634} INFO - 24/11/09 17:55:26 INFO JettyUtils: Start Jetty 0.0.0.0:4040 for SparkUI
[2024-11-09T17:55:26.451+0000] {spark_submit.py:634} INFO - 24/11/09 17:55:26 INFO Utils: Successfully started service 'SparkUI' on port 4040.
[2024-11-09T17:55:26.599+0000] {spark_submit.py:634} INFO - 24/11/09 17:55:26 INFO StandaloneAppClient$ClientEndpoint: Connecting to master spark://172.23.0.3:7077...
[2024-11-09T17:55:26.654+0000] {spark_submit.py:634} INFO - 24/11/09 17:55:26 WARN StandaloneAppClient$ClientEndpoint: Failed to connect to master 172.23.0.3:7077
[2024-11-09T17:55:26.656+0000] {spark_submit.py:634} INFO - org.apache.spark.SparkException: Exception thrown in awaitResult:
[2024-11-09T17:55:26.657+0000] {spark_submit.py:634} INFO - at org.apache.spark.util.ThreadUtils$.awaitResult(ThreadUtils.scala:322)
[2024-11-09T17:55:26.658+0000] {spark_submit.py:634} INFO - at org.apache.spark.rpc.RpcTimeout.awaitResult(RpcTimeout.scala:75)
[2024-11-09T17:55:26.659+0000] {spark_submit.py:634} INFO - at org.apache.spark.rpc.RpcEnv.setupEndpointRefByURI(RpcEnv.scala:102)
[2024-11-09T17:55:26.661+0000] {spark_submit.py:634} INFO - at org.apache.spark.rpc.RpcEnv.setupEndpointRef(RpcEnv.scala:110)
[2024-11-09T17:55:26.662+0000] {spark_submit.py:634} INFO - at org.apache.spark.deploy.client.StandaloneAppClient$ClientEndpoint$$anon$1.run(StandaloneAppClient.scala:108)
[2024-11-09T17:55:26.663+0000] {spark_submit.py:634} INFO - at java.base/java.util.concurrent.Executors$RunnableAdapter.call(Executors.java:539)
[2024-11-09T17:55:26.664+0000] {spark_submit.py:634} INFO - at java.base/java.util.concurrent.FutureTask.run(FutureTask.java:264)
[2024-11-09T17:55:26.664+0000] {spark_submit.py:634} INFO - at java.base/java.util.concurrent.ThreadPoolExecutor.runWorker(ThreadPoolExecutor.java:1136)
[2024-11-09T17:55:26.665+0000] {spark_submit.py:634} INFO - at java.base/java.util.concurrent.ThreadPoolExecutor$Worker.run(ThreadPoolExecutor.java:635)
[2024-11-09T17:55:26.667+0000] {spark_submit.py:634} INFO - at java.base/java.lang.Thread.run(Thread.java:840)
[2024-11-09T17:55:26.668+0000] {spark_submit.py:634} INFO - Caused by: java.io.IOException: Failed to connect to /172.23.0.3:7077
[2024-11-09T17:55:26.669+0000] {spark_submit.py:634} INFO - at org.apache.spark.network.client.TransportClientFactory.createClient(TransportClientFactory.java:294)
[2024-11-09T17:55:26.670+0000] {spark_submit.py:634} INFO - at org.apache.spark.network.client.TransportClientFactory.createClient(TransportClientFactory.java:214)
[2024-11-09T17:55:26.671+0000] {spark_submit.py:634} INFO - at org.apache.spark.network.client.TransportClientFactory.createClient(TransportClientFactory.java:226)
[2024-11-09T17:55:26.672+0000] {spark_submit.py:634} INFO - at org.apache.spark.rpc.netty.NettyRpcEnv.createClient(NettyRpcEnv.scala:204)
[2024-11-09T17:55:26.673+0000] {spark_submit.py:634} INFO - at org.apache.spark.rpc.netty.Outbox$$anon$1.call(Outbox.scala:202)
[2024-11-09T17:55:26.675+0000] {spark_submit.py:634} INFO - at org.apache.spark.rpc.netty.Outbox$$anon$1.call(Outbox.scala:198)
[2024-11-09T17:55:26.676+0000] {spark_submit.py:634} INFO - ... 4 more
[2024-11-09T17:55:26.676+0000] {spark_submit.py:634} INFO - Caused by: io.netty.channel.AbstractChannel$AnnotatedConnectException: Connection refused: /172.23.0.3:7077
[2024-11-09T17:55:26.677+0000] {spark_submit.py:634} INFO - Caused by: java.net.ConnectException: Connection refused
[2024-11-09T17:55:26.678+0000] {spark_submit.py:634} INFO - at java.base/sun.nio.ch.Net.pollConnect(Native Method)
[2024-11-09T17:55:26.680+0000] {spark_submit.py:634} INFO - at java.base/sun.nio.ch.Net.pollConnectNow(Net.java:672)
[2024-11-09T17:55:26.681+0000] {spark_submit.py:634} INFO - at java.base/sun.nio.ch.SocketChannelImpl.finishConnect(SocketChannelImpl.java:946)
[2024-11-09T17:55:26.682+0000] {spark_submit.py:634} INFO - at io.netty.channel.socket.nio.NioSocketChannel.doFinishConnect(NioSocketChannel.java:337)
[2024-11-09T17:55:26.683+0000] {spark_submit.py:634} INFO - at io.netty.channel.nio.AbstractNioChannel$AbstractNioUnsafe.finishConnect(AbstractNioChannel.java:334)
[2024-11-09T17:55:26.684+0000] {spark_submit.py:634} INFO - at io.netty.channel.nio.NioEventLoop.processSelectedKey(NioEventLoop.java:776)
[2024-11-09T17:55:26.686+0000] {spark_submit.py:634} INFO - at io.netty.channel.nio.NioEventLoop.processSelectedKeysOptimized(NioEventLoop.java:724)
[2024-11-09T17:55:26.687+0000] {spark_submit.py:634} INFO - at io.netty.channel.nio.NioEventLoop.processSelectedKeys(NioEventLoop.java:650)
[2024-11-09T17:55:26.688+0000] {spark_submit.py:634} INFO - at io.netty.channel.nio.NioEventLoop.run(NioEventLoop.java:562)
[2024-11-09T17:55:26.689+0000] {spark_submit.py:634} INFO - at io.netty.util.concurrent.SingleThreadEventExecutor$4.run(SingleThreadEventExecutor.java:997)
[2024-11-09T17:55:26.691+0000] {spark_submit.py:634} INFO - at io.netty.util.internal.ThreadExecutorMap$2.run(ThreadExecutorMap.java:74)
[2024-11-09T17:55:26.692+0000] {spark_submit.py:634} INFO - at io.netty.util.concurrent.FastThreadLocalRunnable.run(FastThreadLocalRunnable.java:30)
[2024-11-09T17:55:26.693+0000] {spark_submit.py:634} INFO - at java.base/java.lang.Thread.run(Thread.java:840)
[2024-11-09T17:55:46.599+0000] {spark_submit.py:634} INFO - 24/11/09 17:55:46 INFO StandaloneAppClient$ClientEndpoint: Connecting to master spark://172.23.0.3:7077...
[2024-11-09T17:55:46.603+0000] {spark_submit.py:634} INFO - 24/11/09 17:55:46 WARN StandaloneAppClient$ClientEndpoint: Failed to connect to master 172.23.0.3:7077
[2024-11-09T17:55:46.604+0000] {spark_submit.py:634} INFO - org.apache.spark.SparkException: Exception thrown in awaitResult:
[2024-11-09T17:55:46.605+0000] {spark_submit.py:634} INFO - at org.apache.spark.util.ThreadUtils$.awaitResult(ThreadUtils.scala:322)
[2024-11-09T17:55:46.605+0000] {spark_submit.py:634} INFO - at org.apache.spark.rpc.RpcTimeout.awaitResult(RpcTimeout.scala:75)
[2024-11-09T17:55:46.606+0000] {spark_submit.py:634} INFO - at org.apache.spark.rpc.RpcEnv.setupEndpointRefByURI(RpcEnv.scala:102)
[2024-11-09T17:55:46.607+0000] {spark_submit.py:634} INFO - at org.apache.spark.rpc.RpcEnv.setupEndpointRef(RpcEnv.scala:110)
[2024-11-09T17:55:46.608+0000] {spark_submit.py:634} INFO - at org.apache.spark.deploy.client.StandaloneAppClient$ClientEndpoint$$anon$1.run(StandaloneAppClient.scala:108)
[2024-11-09T17:55:46.608+0000] {spark_submit.py:634} INFO - at java.base/java.util.concurrent.Executors$RunnableAdapter.call(Executors.java:539)
[2024-11-09T17:55:46.610+0000] {spark_submit.py:634} INFO - at java.base/java.util.concurrent.FutureTask.run(FutureTask.java:264)
[2024-11-09T17:55:46.610+0000] {spark_submit.py:634} INFO - at java.base/java.util.concurrent.ThreadPoolExecutor.runWorker(ThreadPoolExecutor.java:1136)
[2024-11-09T17:55:46.611+0000] {spark_submit.py:634} INFO - at java.base/java.util.concurrent.ThreadPoolExecutor$Worker.run(ThreadPoolExecutor.java:635)
[2024-11-09T17:55:46.612+0000] {spark_submit.py:634} INFO - at java.base/java.lang.Thread.run(Thread.java:840)
[2024-11-09T17:55:46.613+0000] {spark_submit.py:634} INFO - Caused by: java.io.IOException: Failed to connect to /172.23.0.3:7077
[2024-11-09T17:55:46.613+0000] {spark_submit.py:634} INFO - at org.apache.spark.network.client.TransportClientFactory.createClient(TransportClientFactory.java:294)
[2024-11-09T17:55:46.614+0000] {spark_submit.py:634} INFO - at org.apache.spark.network.client.TransportClientFactory.createClient(TransportClientFactory.java:214)
[2024-11-09T17:55:46.615+0000] {spark_submit.py:634} INFO - at org.apache.spark.network.client.TransportClientFactory.createClient(TransportClientFactory.java:226)
[2024-11-09T17:55:46.615+0000] {spark_submit.py:634} INFO - at org.apache.spark.rpc.netty.NettyRpcEnv.createClient(NettyRpcEnv.scala:204)
[2024-11-09T17:55:46.617+0000] {spark_submit.py:634} INFO - at org.apache.spark.rpc.netty.Outbox$$anon$1.call(Outbox.scala:202)
[2024-11-09T17:55:46.618+0000] {spark_submit.py:634} INFO - at org.apache.spark.rpc.netty.Outbox$$anon$1.call(Outbox.scala:198)
[2024-11-09T17:55:46.618+0000] {spark_submit.py:634} INFO - ... 4 more
[2024-11-09T17:55:46.619+0000] {spark_submit.py:634} INFO - Caused by: io.netty.channel.AbstractChannel$AnnotatedConnectException: Connection refused: /172.23.0.3:7077
[2024-11-09T17:55:46.620+0000] {spark_submit.py:634} INFO - Caused by: java.net.ConnectException: Connection refused
[2024-11-09T17:55:46.621+0000] {spark_submit.py:634} INFO - at java.base/sun.nio.ch.Net.pollConnect(Native Method)
[2024-11-09T17:55:46.621+0000] {spark_submit.py:634} INFO - at java.base/sun.nio.ch.Net.pollConnectNow(Net.java:672)
[2024-11-09T17:55:46.622+0000] {spark_submit.py:634} INFO - at java.base/sun.nio.ch.SocketChannelImpl.finishConnect(SocketChannelImpl.java:946)
[2024-11-09T17:55:46.623+0000] {spark_submit.py:634} INFO - at io.netty.channel.socket.nio.NioSocketChannel.doFinishConnect(NioSocketChannel.java:337)
[2024-11-09T17:55:46.624+0000] {spark_submit.py:634} INFO - at io.netty.channel.nio.AbstractNioChannel$AbstractNioUnsafe.finishConnect(AbstractNioChannel.java:334)
[2024-11-09T17:55:46.625+0000] {spark_submit.py:634} INFO - at io.netty.channel.nio.NioEventLoop.processSelectedKey(NioEventLoop.java:776)
[2024-11-09T17:55:46.625+0000] {spark_submit.py:634} INFO - at io.netty.channel.nio.NioEventLoop.processSelectedKeysOptimized(NioEventLoop.java:724)
[2024-11-09T17:55:46.626+0000] {spark_submit.py:634} INFO - at io.netty.channel.nio.NioEventLoop.processSelectedKeys(NioEventLoop.java:650)
[2024-11-09T17:55:46.627+0000] {spark_submit.py:634} INFO - at io.netty.channel.nio.NioEventLoop.run(NioEventLoop.java:562)
[2024-11-09T17:55:46.628+0000] {spark_submit.py:634} INFO - at io.netty.util.concurrent.SingleThreadEventExecutor$4.run(SingleThreadEventExecutor.java:997)
[2024-11-09T17:55:46.628+0000] {spark_submit.py:634} INFO - at io.netty.util.internal.ThreadExecutorMap$2.run(ThreadExecutorMap.java:74)
[2024-11-09T17:55:46.629+0000] {spark_submit.py:634} INFO - at io.netty.util.concurrent.FastThreadLocalRunnable.run(FastThreadLocalRunnable.java:30)
[2024-11-09T17:55:46.629+0000] {spark_submit.py:634} INFO - at java.base/java.lang.Thread.run(Thread.java:840)
[2024-11-09T17:56:06.599+0000] {spark_submit.py:634} INFO - 24/11/09 17:56:06 INFO StandaloneAppClient$ClientEndpoint: Connecting to master spark://172.23.0.3:7077...
[2024-11-09T17:56:06.602+0000] {spark_submit.py:634} INFO - 24/11/09 17:56:06 WARN StandaloneAppClient$ClientEndpoint: Failed to connect to master 172.23.0.3:7077
[2024-11-09T17:56:06.603+0000] {spark_submit.py:634} INFO - org.apache.spark.SparkException: Exception thrown in awaitResult:
[2024-11-09T17:56:06.604+0000] {spark_submit.py:634} INFO - at org.apache.spark.util.ThreadUtils$.awaitResult(ThreadUtils.scala:322)
[2024-11-09T17:56:06.605+0000] {spark_submit.py:634} INFO - at org.apache.spark.rpc.RpcTimeout.awaitResult(RpcTimeout.scala:75)
[2024-11-09T17:56:06.605+0000] {spark_submit.py:634} INFO - at org.apache.spark.rpc.RpcEnv.setupEndpointRefByURI(RpcEnv.scala:102)
[2024-11-09T17:56:06.606+0000] {spark_submit.py:634} INFO - at org.apache.spark.rpc.RpcEnv.setupEndpointRef(RpcEnv.scala:110)
[2024-11-09T17:56:06.607+0000] {spark_submit.py:634} INFO - at org.apache.spark.deploy.client.StandaloneAppClient$ClientEndpoint$$anon$1.run(StandaloneAppClient.scala:108)
[2024-11-09T17:56:06.607+0000] {spark_submit.py:634} INFO - at java.base/java.util.concurrent.Executors$RunnableAdapter.call(Executors.java:539)
[2024-11-09T17:56:06.608+0000] {spark_submit.py:634} INFO - at java.base/java.util.concurrent.FutureTask.run(FutureTask.java:264)
[2024-11-09T17:56:06.609+0000] {spark_submit.py:634} INFO - at java.base/java.util.concurrent.ThreadPoolExecutor.runWorker(ThreadPoolExecutor.java:1136)
[2024-11-09T17:56:06.609+0000] {spark_submit.py:634} INFO - at java.base/java.util.concurrent.ThreadPoolExecutor$Worker.run(ThreadPoolExecutor.java:635)
[2024-11-09T17:56:06.610+0000] {spark_submit.py:634} INFO - at java.base/java.lang.Thread.run(Thread.java:840)
[2024-11-09T17:56:06.611+0000] {spark_submit.py:634} INFO - Caused by: java.io.IOException: Failed to connect to /172.23.0.3:7077
[2024-11-09T17:56:06.612+0000] {spark_submit.py:634} INFO - at org.apache.spark.network.client.TransportClientFactory.createClient(TransportClientFactory.java:294)
[2024-11-09T17:56:06.612+0000] {spark_submit.py:634} INFO - at org.apache.spark.network.client.TransportClientFactory.createClient(TransportClientFactory.java:214)
[2024-11-09T17:56:06.613+0000] {spark_submit.py:634} INFO - at org.apache.spark.network.client.TransportClientFactory.createClient(TransportClientFactory.java:226)
[2024-11-09T17:56:06.614+0000] {spark_submit.py:634} INFO - at org.apache.spark.rpc.netty.NettyRpcEnv.createClient(NettyRpcEnv.scala:204)
[2024-11-09T17:56:06.614+0000] {spark_submit.py:634} INFO - at org.apache.spark.rpc.netty.Outbox$$anon$1.call(Outbox.scala:202)
[2024-11-09T17:56:06.615+0000] {spark_submit.py:634} INFO - at org.apache.spark.rpc.netty.Outbox$$anon$1.call(Outbox.scala:198)
[2024-11-09T17:56:06.616+0000] {spark_submit.py:634} INFO - ... 4 more
[2024-11-09T17:56:06.617+0000] {spark_submit.py:634} INFO - Caused by: io.netty.channel.AbstractChannel$AnnotatedConnectException: Connection refused: /172.23.0.3:7077
[2024-11-09T17:56:06.618+0000] {spark_submit.py:634} INFO - Caused by: java.net.ConnectException: Connection refused
[2024-11-09T17:56:06.618+0000] {spark_submit.py:634} INFO - at java.base/sun.nio.ch.Net.pollConnect(Native Method)
[2024-11-09T17:56:06.619+0000] {spark_submit.py:634} INFO - at java.base/sun.nio.ch.Net.pollConnectNow(Net.java:672)
[2024-11-09T17:56:06.620+0000] {spark_submit.py:634} INFO - at java.base/sun.nio.ch.SocketChannelImpl.finishConnect(SocketChannelImpl.java:946)
[2024-11-09T17:56:06.620+0000] {spark_submit.py:634} INFO - at io.netty.channel.socket.nio.NioSocketChannel.doFinishConnect(NioSocketChannel.java:337)
[2024-11-09T17:56:06.621+0000] {spark_submit.py:634} INFO - at io.netty.channel.nio.AbstractNioChannel$AbstractNioUnsafe.finishConnect(AbstractNioChannel.java:334)
[2024-11-09T17:56:06.621+0000] {spark_submit.py:634} INFO - at io.netty.channel.nio.NioEventLoop.processSelectedKey(NioEventLoop.java:776)
[2024-11-09T17:56:06.622+0000] {spark_submit.py:634} INFO - at io.netty.channel.nio.NioEventLoop.processSelectedKeysOptimized(NioEventLoop.java:724)
[2024-11-09T17:56:06.623+0000] {spark_submit.py:634} INFO - at io.netty.channel.nio.NioEventLoop.processSelectedKeys(NioEventLoop.java:650)
[2024-11-09T17:56:06.624+0000] {spark_submit.py:634} INFO - at io.netty.channel.nio.NioEventLoop.run(NioEventLoop.java:562)
[2024-11-09T17:56:06.624+0000] {spark_submit.py:634} INFO - at io.netty.util.concurrent.SingleThreadEventExecutor$4.run(SingleThreadEventExecutor.java:997)
[2024-11-09T17:56:06.625+0000] {spark_submit.py:634} INFO - at io.netty.util.internal.ThreadExecutorMap$2.run(ThreadExecutorMap.java:74)
[2024-11-09T17:56:06.625+0000] {spark_submit.py:634} INFO - at io.netty.util.concurrent.FastThreadLocalRunnable.run(FastThreadLocalRunnable.java:30)
[2024-11-09T17:56:06.626+0000] {spark_submit.py:634} INFO - at java.base/java.lang.Thread.run(Thread.java:840)
[2024-11-09T17:56:26.600+0000] {spark_submit.py:634} INFO - 24/11/09 17:56:26 WARN StandaloneSchedulerBackend: Application ID is not initialized yet.
[2024-11-09T17:56:26.602+0000] {spark_submit.py:634} INFO - 24/11/09 17:56:26 ERROR StandaloneSchedulerBackend: Application has been killed. Reason: All masters are unresponsive! Giving up.
[2024-11-09T17:56:26.607+0000] {spark_submit.py:634} INFO - 24/11/09 17:56:26 INFO Utils: Successfully started service 'org.apache.spark.network.netty.NettyBlockTransferService' on port 41649.
[2024-11-09T17:56:26.609+0000] {spark_submit.py:634} INFO - 24/11/09 17:56:26 INFO NettyBlockTransferService: Server created on d2265ead819e:41649
[2024-11-09T17:56:26.611+0000] {spark_submit.py:634} INFO - 24/11/09 17:56:26 INFO BlockManager: Using org.apache.spark.storage.RandomBlockReplicationPolicy for block replication policy
[2024-11-09T17:56:26.618+0000] {spark_submit.py:634} INFO - 24/11/09 17:56:26 INFO BlockManagerMaster: Registering BlockManager BlockManagerId(driver, d2265ead819e, 41649, None)
[2024-11-09T17:56:26.621+0000] {spark_submit.py:634} INFO - 24/11/09 17:56:26 INFO BlockManagerMasterEndpoint: Registering block manager d2265ead819e:41649 with 434.4 MiB RAM, BlockManagerId(driver, d2265ead819e, 41649, None)
[2024-11-09T17:56:26.623+0000] {spark_submit.py:634} INFO - 24/11/09 17:56:26 INFO BlockManagerMaster: Registered BlockManager BlockManagerId(driver, d2265ead819e, 41649, None)
[2024-11-09T17:56:26.625+0000] {spark_submit.py:634} INFO - 24/11/09 17:56:26 INFO BlockManager: Initialized BlockManager: BlockManagerId(driver, d2265ead819e, 41649, None)
[2024-11-09T17:56:26.777+0000] {spark_submit.py:634} INFO - 24/11/09 17:56:26 INFO StandaloneSchedulerBackend: SchedulerBackend is ready for scheduling beginning after reached minRegisteredResourcesRatio: 0.0
[2024-11-09T17:56:27.061+0000] {spark_submit.py:634} INFO - 24/11/09 17:56:27 INFO SparkContext: SparkContext is stopping with exitCode 0.
[2024-11-09T17:56:27.086+0000] {spark_submit.py:634} INFO - 24/11/09 17:56:27 INFO SparkUI: Stopped Spark web UI at http://d2265ead819e:4040
[2024-11-09T17:56:27.095+0000] {spark_submit.py:634} INFO - 24/11/09 17:56:27 INFO StandaloneSchedulerBackend: Shutting down all executors
[2024-11-09T17:56:27.100+0000] {spark_submit.py:634} INFO - 24/11/09 17:56:27 INFO StandaloneSchedulerBackend$StandaloneDriverEndpoint: Asking each executor to shut down
[2024-11-09T17:56:27.107+0000] {spark_submit.py:634} INFO - 24/11/09 17:56:27 WARN StandaloneAppClient$ClientEndpoint: Drop UnregisterApplication(null) because has not yet connected to master
[2024-11-09T17:56:27.121+0000] {spark_submit.py:634} INFO - 24/11/09 17:56:27 INFO MapOutputTrackerMasterEndpoint: MapOutputTrackerMasterEndpoint stopped!
[2024-11-09T17:56:27.145+0000] {spark_submit.py:634} INFO - 24/11/09 17:56:27 INFO MemoryStore: MemoryStore cleared
[2024-11-09T17:56:27.147+0000] {spark_submit.py:634} INFO - 24/11/09 17:56:27 INFO BlockManager: BlockManager stopped
[2024-11-09T17:56:27.151+0000] {spark_submit.py:634} INFO - Traceback (most recent call last):
[2024-11-09T17:56:27.154+0000] {spark_submit.py:634} INFO - File "/opt/***/jobs/python/health_check.py", line 7, in <module>
[2024-11-09T17:56:27.156+0000] {spark_submit.py:634} INFO - 24/11/09 17:56:27 INFO BlockManagerMaster: BlockManagerMaster stopped
[2024-11-09T17:56:27.157+0000] {spark_submit.py:634} INFO - words = spark.sparkContext.parallelize(text.split(" "))
[2024-11-09T17:56:27.159+0000] {spark_submit.py:634} INFO - ^^^^^^^^^^^^^^^^^^^^^^^^^^^^^^^^^^^^^^^^^^^^^^^
[2024-11-09T17:56:27.161+0000] {spark_submit.py:634} INFO - File "/home/***/.local/lib/python3.11/site-packages/pyspark/python/lib/pyspark.zip/pyspark/context.py", line 821, in parallelize
[2024-11-09T17:56:27.162+0000] {spark_submit.py:634} INFO - File "/home/***/.local/lib/python3.11/site-packages/pyspark/python/lib/pyspark.zip/pyspark/context.py", line 867, in _serialize_to_jvm
[2024-11-09T17:56:27.164+0000] {spark_submit.py:634} INFO - File "/home/***/.local/lib/python3.11/site-packages/pyspark/python/lib/pyspark.zip/pyspark/context.py", line 815, in reader_func
[2024-11-09T17:56:27.166+0000] {spark_submit.py:634} INFO - 24/11/09 17:56:27 INFO OutputCommitCoordinator$OutputCommitCoordinatorEndpoint: OutputCommitCoordinator stopped!
[2024-11-09T17:56:27.168+0000] {spark_submit.py:634} INFO - File "/home/***/.local/lib/python3.11/site-packages/pyspark/python/lib/py4j-0.10.9.7-src.zip/py4j/java_gateway.py", line 1322, in __call__
[2024-11-09T17:56:27.169+0000] {spark_submit.py:634} INFO - File "/home/***/.local/lib/python3.11/site-packages/pyspark/python/lib/pyspark.zip/pyspark/errors/exceptions/captured.py", line 169, in deco
[2024-11-09T17:56:27.171+0000] {spark_submit.py:634} INFO - File "/home/***/.local/lib/python3.11/site-packages/pyspark/python/lib/py4j-0.10.9.7-src.zip/py4j/protocol.py", line 326, in get_return_value
[2024-11-09T17:56:27.173+0000] {spark_submit.py:634} INFO - py4j.protocol.Py4JJavaError: An error occurred while calling z:org.apache.spark.api.python.PythonRDD.readRDDFromFile.
[2024-11-09T17:56:27.174+0000] {spark_submit.py:634} INFO - : java.lang.IllegalStateException: Cannot call methods on a stopped SparkContext.
[2024-11-09T17:56:27.176+0000] {spark_submit.py:634} INFO - This stopped SparkContext was created at:
[2024-11-09T17:56:27.177+0000] {spark_submit.py:634} INFO - 
[2024-11-09T17:56:27.178+0000] {spark_submit.py:634} INFO - org.apache.spark.api.java.JavaSparkContext.<init>(JavaSparkContext.scala:58)
[2024-11-09T17:56:27.179+0000] {spark_submit.py:634} INFO - java.base/jdk.internal.reflect.NativeConstructorAccessorImpl.newInstance0(Native Method)
[2024-11-09T17:56:27.181+0000] {spark_submit.py:634} INFO - java.base/jdk.internal.reflect.NativeConstructorAccessorImpl.newInstance(NativeConstructorAccessorImpl.java:77)
[2024-11-09T17:56:27.182+0000] {spark_submit.py:634} INFO - java.base/jdk.internal.reflect.DelegatingConstructorAccessorImpl.newInstance(DelegatingConstructorAccessorImpl.java:45)
[2024-11-09T17:56:27.183+0000] {spark_submit.py:634} INFO - java.base/java.lang.reflect.Constructor.newInstanceWithCaller(Constructor.java:500)
[2024-11-09T17:56:27.184+0000] {spark_submit.py:634} INFO - java.base/java.lang.reflect.Constructor.newInstance(Constructor.java:481)
[2024-11-09T17:56:27.185+0000] {spark_submit.py:634} INFO - py4j.reflection.MethodInvoker.invoke(MethodInvoker.java:247)
[2024-11-09T17:56:27.186+0000] {spark_submit.py:634} INFO - py4j.reflection.ReflectionEngine.invoke(ReflectionEngine.java:374)
[2024-11-09T17:56:27.188+0000] {spark_submit.py:634} INFO - py4j.Gateway.invoke(Gateway.java:238)
[2024-11-09T17:56:27.189+0000] {spark_submit.py:634} INFO - py4j.commands.ConstructorCommand.invokeConstructor(ConstructorCommand.java:80)
[2024-11-09T17:56:27.190+0000] {spark_submit.py:634} INFO - py4j.commands.ConstructorCommand.execute(ConstructorCommand.java:69)
[2024-11-09T17:56:27.191+0000] {spark_submit.py:634} INFO - py4j.ClientServerConnection.waitForCommands(ClientServerConnection.java:182)
[2024-11-09T17:56:27.192+0000] {spark_submit.py:634} INFO - py4j.ClientServerConnection.run(ClientServerConnection.java:106)
[2024-11-09T17:56:27.193+0000] {spark_submit.py:634} INFO - java.base/java.lang.Thread.run(Thread.java:840)
[2024-11-09T17:56:27.195+0000] {spark_submit.py:634} INFO - 
[2024-11-09T17:56:27.196+0000] {spark_submit.py:634} INFO - The currently active SparkContext was created at:
[2024-11-09T17:56:27.198+0000] {spark_submit.py:634} INFO - 
[2024-11-09T17:56:27.199+0000] {spark_submit.py:634} INFO - org.apache.spark.api.java.JavaSparkContext.<init>(JavaSparkContext.scala:58)
[2024-11-09T17:56:27.201+0000] {spark_submit.py:634} INFO - java.base/jdk.internal.reflect.NativeConstructorAccessorImpl.newInstance0(Native Method)
[2024-11-09T17:56:27.202+0000] {spark_submit.py:634} INFO - java.base/jdk.internal.reflect.NativeConstructorAccessorImpl.newInstance(NativeConstructorAccessorImpl.java:77)
[2024-11-09T17:56:27.203+0000] {spark_submit.py:634} INFO - java.base/jdk.internal.reflect.DelegatingConstructorAccessorImpl.newInstance(DelegatingConstructorAccessorImpl.java:45)
[2024-11-09T17:56:27.204+0000] {spark_submit.py:634} INFO - java.base/java.lang.reflect.Constructor.newInstanceWithCaller(Constructor.java:500)
[2024-11-09T17:56:27.205+0000] {spark_submit.py:634} INFO - java.base/java.lang.reflect.Constructor.newInstance(Constructor.java:481)
[2024-11-09T17:56:27.206+0000] {spark_submit.py:634} INFO - py4j.reflection.MethodInvoker.invoke(MethodInvoker.java:247)
[2024-11-09T17:56:27.208+0000] {spark_submit.py:634} INFO - py4j.reflection.ReflectionEngine.invoke(ReflectionEngine.java:374)
[2024-11-09T17:56:27.209+0000] {spark_submit.py:634} INFO - py4j.Gateway.invoke(Gateway.java:238)
[2024-11-09T17:56:27.211+0000] {spark_submit.py:634} INFO - py4j.commands.ConstructorCommand.invokeConstructor(ConstructorCommand.java:80)
[2024-11-09T17:56:27.212+0000] {spark_submit.py:634} INFO - py4j.commands.ConstructorCommand.execute(ConstructorCommand.java:69)
[2024-11-09T17:56:27.214+0000] {spark_submit.py:634} INFO - py4j.ClientServerConnection.waitForCommands(ClientServerConnection.java:182)
[2024-11-09T17:56:27.215+0000] {spark_submit.py:634} INFO - py4j.ClientServerConnection.run(ClientServerConnection.java:106)
[2024-11-09T17:56:27.216+0000] {spark_submit.py:634} INFO - java.base/java.lang.Thread.run(Thread.java:840)
[2024-11-09T17:56:27.217+0000] {spark_submit.py:634} INFO - 
[2024-11-09T17:56:27.219+0000] {spark_submit.py:634} INFO - at org.apache.spark.SparkContext.assertNotStopped(SparkContext.scala:120)
[2024-11-09T17:56:27.220+0000] {spark_submit.py:634} INFO - at org.apache.spark.SparkContext.$anonfun$parallelize$1(SparkContext.scala:828)
[2024-11-09T17:56:27.221+0000] {spark_submit.py:634} INFO - at org.apache.spark.rdd.RDDOperationScope$.withScope(RDDOperationScope.scala:151)
[2024-11-09T17:56:27.222+0000] {spark_submit.py:634} INFO - at org.apache.spark.rdd.RDDOperationScope$.withScope(RDDOperationScope.scala:112)
[2024-11-09T17:56:27.223+0000] {spark_submit.py:634} INFO - at org.apache.spark.SparkContext.withScope(SparkContext.scala:810)
[2024-11-09T17:56:27.224+0000] {spark_submit.py:634} INFO - at org.apache.spark.SparkContext.parallelize(SparkContext.scala:827)
[2024-11-09T17:56:27.225+0000] {spark_submit.py:634} INFO - at org.apache.spark.api.java.JavaRDD$.readRDDFromInputStream(JavaRDD.scala:259)
[2024-11-09T17:56:27.226+0000] {spark_submit.py:634} INFO - at org.apache.spark.api.java.JavaRDD$.readRDDFromFile(JavaRDD.scala:239)
[2024-11-09T17:56:27.227+0000] {spark_submit.py:634} INFO - at org.apache.spark.api.python.PythonRDD$.readRDDFromFile(PythonRDD.scala:287)
[2024-11-09T17:56:27.229+0000] {spark_submit.py:634} INFO - at org.apache.spark.api.python.PythonRDD.readRDDFromFile(PythonRDD.scala)
[2024-11-09T17:56:27.231+0000] {spark_submit.py:634} INFO - at java.base/jdk.internal.reflect.NativeMethodAccessorImpl.invoke0(Native Method)
[2024-11-09T17:56:27.233+0000] {spark_submit.py:634} INFO - at java.base/jdk.internal.reflect.NativeMethodAccessorImpl.invoke(NativeMethodAccessorImpl.java:77)
[2024-11-09T17:56:27.234+0000] {spark_submit.py:634} INFO - at java.base/jdk.internal.reflect.DelegatingMethodAccessorImpl.invoke(DelegatingMethodAccessorImpl.java:43)
[2024-11-09T17:56:27.236+0000] {spark_submit.py:634} INFO - at java.base/java.lang.reflect.Method.invoke(Method.java:569)
[2024-11-09T17:56:27.237+0000] {spark_submit.py:634} INFO - at py4j.reflection.MethodInvoker.invoke(MethodInvoker.java:244)
[2024-11-09T17:56:27.238+0000] {spark_submit.py:634} INFO - at py4j.reflection.ReflectionEngine.invoke(ReflectionEngine.java:374)
[2024-11-09T17:56:27.239+0000] {spark_submit.py:634} INFO - at py4j.Gateway.invoke(Gateway.java:282)
[2024-11-09T17:56:27.241+0000] {spark_submit.py:634} INFO - at py4j.commands.AbstractCommand.invokeMethod(AbstractCommand.java:132)
[2024-11-09T17:56:27.242+0000] {spark_submit.py:634} INFO - at py4j.commands.CallCommand.execute(CallCommand.java:79)
[2024-11-09T17:56:27.243+0000] {spark_submit.py:634} INFO - at py4j.ClientServerConnection.waitForCommands(ClientServerConnection.java:182)
[2024-11-09T17:56:27.244+0000] {spark_submit.py:634} INFO - at py4j.ClientServerConnection.run(ClientServerConnection.java:106)
[2024-11-09T17:56:27.245+0000] {spark_submit.py:634} INFO - at java.base/java.lang.Thread.run(Thread.java:840)
[2024-11-09T17:56:27.246+0000] {spark_submit.py:634} INFO - 
[2024-11-09T17:56:27.247+0000] {spark_submit.py:634} INFO - 24/11/09 17:56:27 INFO SparkContext: Successfully stopped SparkContext
[2024-11-09T17:56:27.251+0000] {spark_submit.py:634} INFO - 24/11/09 17:56:27 INFO ShutdownHookManager: Shutdown hook called
[2024-11-09T17:56:27.252+0000] {spark_submit.py:634} INFO - 24/11/09 17:56:27 INFO ShutdownHookManager: Deleting directory /tmp/spark-c67e5ec4-97f6-46e7-92fd-a56dbd9b1699
[2024-11-09T17:56:27.256+0000] {spark_submit.py:634} INFO - 24/11/09 17:56:27 INFO ShutdownHookManager: Deleting directory /tmp/spark-c67e5ec4-97f6-46e7-92fd-a56dbd9b1699/pyspark-423d8aad-83ab-46d8-b399-8f9b4246ed02
[2024-11-09T17:56:27.260+0000] {spark_submit.py:634} INFO - 24/11/09 17:56:27 INFO ShutdownHookManager: Deleting directory /tmp/spark-0560655e-73b0-4d89-a270-48f871d898c4
[2024-11-09T17:56:27.318+0000] {taskinstance.py:3310} ERROR - Task failed with exception
Traceback (most recent call last):
  File "/home/airflow/.local/lib/python3.11/site-packages/airflow/models/taskinstance.py", line 767, in _execute_task
    result = _execute_callable(context=context, **execute_callable_kwargs)
             ^^^^^^^^^^^^^^^^^^^^^^^^^^^^^^^^^^^^^^^^^^^^^^^^^^^^^^^^^^^^^
  File "/home/airflow/.local/lib/python3.11/site-packages/airflow/models/taskinstance.py", line 733, in _execute_callable
    return ExecutionCallableRunner(
           ^^^^^^^^^^^^^^^^^^^^^^^^
  File "/home/airflow/.local/lib/python3.11/site-packages/airflow/utils/operator_helpers.py", line 252, in run
    return self.func(*args, **kwargs)
           ^^^^^^^^^^^^^^^^^^^^^^^^^^
  File "/home/airflow/.local/lib/python3.11/site-packages/airflow/models/baseoperator.py", line 406, in wrapper
    return func(self, *args, **kwargs)
           ^^^^^^^^^^^^^^^^^^^^^^^^^^^
  File "/home/airflow/.local/lib/python3.11/site-packages/airflow/providers/apache/spark/operators/spark_submit.py", line 176, in execute
    self._hook.submit(self.application)
  File "/home/airflow/.local/lib/python3.11/site-packages/airflow/providers/apache/spark/hooks/spark_submit.py", line 560, in submit
    raise AirflowException(
airflow.exceptions.AirflowException: Cannot execute: spark-submit --master spark://172.23.0.3:7077 --name arrow-spark --deploy-mode client jobs/python/health_check.py. Error code is: 1.
[2024-11-09T17:56:27.325+0000] {taskinstance.py:1225} INFO - Marking task as FAILED. dag_id=spotify_pipeline, task_id=health_check, run_id=manual__2024-11-09T17:55:20.397979+00:00, execution_date=20241109T175520, start_date=20241109T175522, end_date=20241109T175627
[2024-11-09T17:56:27.341+0000] {taskinstance.py:340} INFO - ::group::Post task execution logs
[2024-11-09T17:56:27.343+0000] {standard_task_runner.py:124} ERROR - Failed to execute job 39 for task health_check (Cannot execute: spark-submit --master spark://172.23.0.3:7077 --name arrow-spark --deploy-mode client jobs/python/health_check.py. Error code is: 1.; 525)
Traceback (most recent call last):
  File "/home/airflow/.local/lib/python3.11/site-packages/airflow/task/task_runner/standard_task_runner.py", line 117, in _start_by_fork
    ret = args.func(args, dag=self.dag)
          ^^^^^^^^^^^^^^^^^^^^^^^^^^^^^
  File "/home/airflow/.local/lib/python3.11/site-packages/airflow/cli/cli_config.py", line 49, in command
    return func(*args, **kwargs)
           ^^^^^^^^^^^^^^^^^^^^^
  File "/home/airflow/.local/lib/python3.11/site-packages/airflow/utils/cli.py", line 115, in wrapper
    return f(*args, **kwargs)
           ^^^^^^^^^^^^^^^^^^
  File "/home/airflow/.local/lib/python3.11/site-packages/airflow/cli/commands/task_command.py", line 483, in task_run
    task_return_code = _run_task_by_selected_method(args, _dag, ti)
                       ^^^^^^^^^^^^^^^^^^^^^^^^^^^^^^^^^^^^^^^^^^^^
  File "/home/airflow/.local/lib/python3.11/site-packages/airflow/cli/commands/task_command.py", line 256, in _run_task_by_selected_method
    return _run_raw_task(args, ti)
           ^^^^^^^^^^^^^^^^^^^^^^^
  File "/home/airflow/.local/lib/python3.11/site-packages/airflow/cli/commands/task_command.py", line 341, in _run_raw_task
    return ti._run_raw_task(
           ^^^^^^^^^^^^^^^^^
  File "/home/airflow/.local/lib/python3.11/site-packages/airflow/utils/session.py", line 97, in wrapper
    return func(*args, session=session, **kwargs)
           ^^^^^^^^^^^^^^^^^^^^^^^^^^^^^^^^^^^^^^
  File "/home/airflow/.local/lib/python3.11/site-packages/airflow/models/taskinstance.py", line 3004, in _run_raw_task
    return _run_raw_task(
           ^^^^^^^^^^^^^^
  File "/home/airflow/.local/lib/python3.11/site-packages/airflow/models/taskinstance.py", line 273, in _run_raw_task
    TaskInstance._execute_task_with_callbacks(
  File "/home/airflow/.local/lib/python3.11/site-packages/airflow/models/taskinstance.py", line 3158, in _execute_task_with_callbacks
    result = self._execute_task(context, task_orig)
             ^^^^^^^^^^^^^^^^^^^^^^^^^^^^^^^^^^^^^^
  File "/home/airflow/.local/lib/python3.11/site-packages/airflow/models/taskinstance.py", line 3182, in _execute_task
    return _execute_task(self, context, task_orig)
           ^^^^^^^^^^^^^^^^^^^^^^^^^^^^^^^^^^^^^^^
  File "/home/airflow/.local/lib/python3.11/site-packages/airflow/models/taskinstance.py", line 767, in _execute_task
    result = _execute_callable(context=context, **execute_callable_kwargs)
             ^^^^^^^^^^^^^^^^^^^^^^^^^^^^^^^^^^^^^^^^^^^^^^^^^^^^^^^^^^^^^
  File "/home/airflow/.local/lib/python3.11/site-packages/airflow/models/taskinstance.py", line 733, in _execute_callable
    return ExecutionCallableRunner(
           ^^^^^^^^^^^^^^^^^^^^^^^^
  File "/home/airflow/.local/lib/python3.11/site-packages/airflow/utils/operator_helpers.py", line 252, in run
    return self.func(*args, **kwargs)
           ^^^^^^^^^^^^^^^^^^^^^^^^^^
  File "/home/airflow/.local/lib/python3.11/site-packages/airflow/models/baseoperator.py", line 406, in wrapper
    return func(self, *args, **kwargs)
           ^^^^^^^^^^^^^^^^^^^^^^^^^^^
  File "/home/airflow/.local/lib/python3.11/site-packages/airflow/providers/apache/spark/operators/spark_submit.py", line 176, in execute
    self._hook.submit(self.application)
  File "/home/airflow/.local/lib/python3.11/site-packages/airflow/providers/apache/spark/hooks/spark_submit.py", line 560, in submit
    raise AirflowException(
airflow.exceptions.AirflowException: Cannot execute: spark-submit --master spark://172.23.0.3:7077 --name arrow-spark --deploy-mode client jobs/python/health_check.py. Error code is: 1.
[2024-11-09T17:56:27.362+0000] {local_task_job_runner.py:266} INFO - Task exited with return code 1
[2024-11-09T17:56:27.386+0000] {taskinstance.py:3900} INFO - 0 downstream tasks scheduled from follow-on schedule check
[2024-11-09T17:56:27.391+0000] {local_task_job_runner.py:245} INFO - ::endgroup::
