[2024-11-10T00:00:01.583+0000] {local_task_job_runner.py:123} INFO - ::group::Pre task execution logs
[2024-11-10T00:00:01.601+0000] {taskinstance.py:2612} INFO - Dependencies all met for dep_context=non-requeueable deps ti=<TaskInstance: sparking_flow.scala_job scheduled__2024-11-09T00:00:00+00:00 [queued]>
[2024-11-10T00:00:01.610+0000] {taskinstance.py:2612} INFO - Dependencies all met for dep_context=requeueable deps ti=<TaskInstance: sparking_flow.scala_job scheduled__2024-11-09T00:00:00+00:00 [queued]>
[2024-11-10T00:00:01.611+0000] {taskinstance.py:2865} INFO - Starting attempt 1 of 1
[2024-11-10T00:00:01.626+0000] {taskinstance.py:2888} INFO - Executing <Task(SparkSubmitOperator): scala_job> on 2024-11-09 00:00:00+00:00
[2024-11-10T00:00:01.632+0000] {standard_task_runner.py:72} INFO - Started process 9174 to run task
[2024-11-10T00:00:01.637+0000] {standard_task_runner.py:104} INFO - Running: ['***', 'tasks', 'run', 'sparking_flow', 'scala_job', 'scheduled__2024-11-09T00:00:00+00:00', '--job-id', '49', '--raw', '--subdir', 'DAGS_FOLDER/spark_***.py', '--cfg-path', '/tmp/tmpnb0ao803']
[2024-11-10T00:00:01.642+0000] {standard_task_runner.py:105} INFO - Job 49: Subtask scala_job
[2024-11-10T00:00:01.696+0000] {task_command.py:467} INFO - Running <TaskInstance: sparking_flow.scala_job scheduled__2024-11-09T00:00:00+00:00 [running]> on host d2265ead819e
[2024-11-10T00:00:01.780+0000] {taskinstance.py:3131} INFO - Exporting env vars: AIRFLOW_CTX_DAG_OWNER='Yusuf Ganiyu' AIRFLOW_CTX_DAG_ID='sparking_flow' AIRFLOW_CTX_TASK_ID='scala_job' AIRFLOW_CTX_EXECUTION_DATE='2024-11-09T00:00:00+00:00' AIRFLOW_CTX_TRY_NUMBER='1' AIRFLOW_CTX_DAG_RUN_ID='scheduled__2024-11-09T00:00:00+00:00'
[2024-11-10T00:00:01.782+0000] {taskinstance.py:731} INFO - ::endgroup::
[2024-11-10T00:00:01.804+0000] {base.py:84} INFO - Retrieving connection 'spark-conn'
[2024-11-10T00:00:01.806+0000] {spark_submit.py:473} INFO - Spark-Submit cmd: spark-submit --master spark://172.23.0.2:7077 --name arrow-spark --deploy-mode client jobs/scala/target/scala-2.12/word-count_2.12-0.1.jar
[2024-11-10T00:00:04.839+0000] {spark_submit.py:634} INFO - 24/11/10 00:00:04 WARN NativeCodeLoader: Unable to load native-hadoop library for your platform... using builtin-java classes where applicable
[2024-11-10T00:00:05.302+0000] {spark_submit.py:634} INFO - 24/11/10 00:00:05 INFO SparkContext: Running Spark version 3.4.2
[2024-11-10T00:00:05.349+0000] {spark_submit.py:634} INFO - 24/11/10 00:00:05 INFO ResourceUtils: ==============================================================
[2024-11-10T00:00:05.350+0000] {spark_submit.py:634} INFO - 24/11/10 00:00:05 INFO ResourceUtils: No custom resources configured for spark.driver.
[2024-11-10T00:00:05.351+0000] {spark_submit.py:634} INFO - 24/11/10 00:00:05 INFO ResourceUtils: ==============================================================
[2024-11-10T00:00:05.352+0000] {spark_submit.py:634} INFO - 24/11/10 00:00:05 INFO SparkContext: Submitted application: Word Count
[2024-11-10T00:00:05.378+0000] {spark_submit.py:634} INFO - 24/11/10 00:00:05 INFO ResourceProfile: Default ResourceProfile created, executor resources: Map(memory -> name: memory, amount: 1024, script: , vendor: , offHeap -> name: offHeap, amount: 0, script: , vendor: ), task resources: Map(cpus -> name: cpus, amount: 1.0)
[2024-11-10T00:00:05.389+0000] {spark_submit.py:634} INFO - 24/11/10 00:00:05 INFO ResourceProfile: Limiting resource is cpu
[2024-11-10T00:00:05.390+0000] {spark_submit.py:634} INFO - 24/11/10 00:00:05 INFO ResourceProfileManager: Added ResourceProfile id: 0
[2024-11-10T00:00:05.448+0000] {spark_submit.py:634} INFO - 24/11/10 00:00:05 INFO SecurityManager: Changing view acls to: root
[2024-11-10T00:00:05.449+0000] {spark_submit.py:634} INFO - 24/11/10 00:00:05 INFO SecurityManager: Changing modify acls to: root
[2024-11-10T00:00:05.451+0000] {spark_submit.py:634} INFO - 24/11/10 00:00:05 INFO SecurityManager: Changing view acls groups to:
[2024-11-10T00:00:05.452+0000] {spark_submit.py:634} INFO - 24/11/10 00:00:05 INFO SecurityManager: Changing modify acls groups to:
[2024-11-10T00:00:05.454+0000] {spark_submit.py:634} INFO - 24/11/10 00:00:05 INFO SecurityManager: SecurityManager: authentication disabled; ui acls disabled; users with view permissions: root; groups with view permissions: EMPTY; users with modify permissions: root; groups with modify permissions: EMPTY
[2024-11-10T00:00:05.823+0000] {spark_submit.py:634} INFO - 24/11/10 00:00:05 INFO Utils: Successfully started service 'sparkDriver' on port 35097.
[2024-11-10T00:00:05.857+0000] {spark_submit.py:634} INFO - 24/11/10 00:00:05 INFO SparkEnv: Registering MapOutputTracker
[2024-11-10T00:00:05.900+0000] {spark_submit.py:634} INFO - 24/11/10 00:00:05 INFO SparkEnv: Registering BlockManagerMaster
[2024-11-10T00:00:05.924+0000] {spark_submit.py:634} INFO - 24/11/10 00:00:05 INFO BlockManagerMasterEndpoint: Using org.apache.spark.storage.DefaultTopologyMapper for getting topology information
[2024-11-10T00:00:05.926+0000] {spark_submit.py:634} INFO - 24/11/10 00:00:05 INFO BlockManagerMasterEndpoint: BlockManagerMasterEndpoint up
[2024-11-10T00:00:05.932+0000] {spark_submit.py:634} INFO - 24/11/10 00:00:05 INFO SparkEnv: Registering BlockManagerMasterHeartbeat
[2024-11-10T00:00:05.956+0000] {spark_submit.py:634} INFO - 24/11/10 00:00:05 INFO DiskBlockManager: Created local directory at /tmp/blockmgr-b44f1bb9-f224-42ef-a4fd-5124614d4dbf
[2024-11-10T00:00:05.981+0000] {spark_submit.py:634} INFO - 24/11/10 00:00:05 INFO MemoryStore: MemoryStore started with capacity 434.4 MiB
[2024-11-10T00:00:06.004+0000] {spark_submit.py:634} INFO - 24/11/10 00:00:06 INFO SparkEnv: Registering OutputCommitCoordinator
[2024-11-10T00:00:06.206+0000] {spark_submit.py:634} INFO - 24/11/10 00:00:06 INFO JettyUtils: Start Jetty 0.0.0.0:4040 for SparkUI
[2024-11-10T00:00:06.290+0000] {spark_submit.py:634} INFO - 24/11/10 00:00:06 WARN Utils: Service 'SparkUI' could not bind on port 4040. Attempting port 4041.
[2024-11-10T00:00:06.309+0000] {spark_submit.py:634} INFO - 24/11/10 00:00:06 INFO Utils: Successfully started service 'SparkUI' on port 4041.
[2024-11-10T00:00:06.371+0000] {spark_submit.py:634} INFO - 24/11/10 00:00:06 INFO SparkContext: Added JAR file:/opt/***/jobs/scala/target/scala-2.12/word-count_2.12-0.1.jar at spark://d2265ead819e:35097/jars/word-count_2.12-0.1.jar with timestamp 1731196805285
[2024-11-10T00:00:06.487+0000] {spark_submit.py:634} INFO - 24/11/10 00:00:06 INFO StandaloneAppClient$ClientEndpoint: Connecting to master spark://spark-master:7077...
[2024-11-10T00:00:06.568+0000] {spark_submit.py:634} INFO - 24/11/10 00:00:06 INFO TransportClientFactory: Successfully created connection to spark-master/172.23.0.2:7077 after 53 ms (0 ms spent in bootstraps)
[2024-11-10T00:00:06.722+0000] {spark_submit.py:634} INFO - 24/11/10 00:00:06 INFO StandaloneSchedulerBackend: Connected to Spark cluster with app ID app-20241110000006-0004
[2024-11-10T00:00:06.729+0000] {spark_submit.py:634} INFO - 24/11/10 00:00:06 INFO StandaloneAppClient$ClientEndpoint: Executor added: app-20241110000006-0004/0 on worker-20241109175335-172.23.0.5-35065 (172.23.0.5:35065) with 2 core(s)
[2024-11-10T00:00:06.737+0000] {spark_submit.py:634} INFO - 24/11/10 00:00:06 INFO Utils: Successfully started service 'org.apache.spark.network.netty.NettyBlockTransferService' on port 42659.
[2024-11-10T00:00:06.744+0000] {spark_submit.py:634} INFO - 24/11/10 00:00:06 INFO NettyBlockTransferService: Server created on d2265ead819e:42659
[2024-11-10T00:00:06.746+0000] {spark_submit.py:634} INFO - 24/11/10 00:00:06 INFO StandaloneSchedulerBackend: Granted executor ID app-20241110000006-0004/0 on hostPort 172.23.0.5:35065 with 2 core(s), 1024.0 MiB RAM
[2024-11-10T00:00:06.748+0000] {spark_submit.py:634} INFO - 24/11/10 00:00:06 INFO BlockManager: Using org.apache.spark.storage.RandomBlockReplicationPolicy for block replication policy
[2024-11-10T00:00:06.755+0000] {spark_submit.py:634} INFO - 24/11/10 00:00:06 INFO BlockManagerMaster: Registering BlockManager BlockManagerId(driver, d2265ead819e, 42659, None)
[2024-11-10T00:00:06.763+0000] {spark_submit.py:634} INFO - 24/11/10 00:00:06 INFO BlockManagerMasterEndpoint: Registering block manager d2265ead819e:42659 with 434.4 MiB RAM, BlockManagerId(driver, d2265ead819e, 42659, None)
[2024-11-10T00:00:06.768+0000] {spark_submit.py:634} INFO - 24/11/10 00:00:06 INFO BlockManagerMaster: Registered BlockManager BlockManagerId(driver, d2265ead819e, 42659, None)
[2024-11-10T00:00:06.770+0000] {spark_submit.py:634} INFO - 24/11/10 00:00:06 INFO BlockManager: Initialized BlockManager: BlockManagerId(driver, d2265ead819e, 42659, None)
[2024-11-10T00:00:06.786+0000] {spark_submit.py:634} INFO - 24/11/10 00:00:06 INFO StandaloneAppClient$ClientEndpoint: Executor updated: app-20241110000006-0004/0 is now RUNNING
[2024-11-10T00:00:07.164+0000] {spark_submit.py:634} INFO - 24/11/10 00:00:07 INFO StandaloneSchedulerBackend: SchedulerBackend is ready for scheduling beginning after reached minRegisteredResourcesRatio: 0.0
[2024-11-10T00:00:07.981+0000] {spark_submit.py:634} INFO - 24/11/10 00:00:07 INFO SparkContext: Starting job: collect at wordcount.scala:14
[2024-11-10T00:00:08.605+0000] {spark_submit.py:634} INFO - 24/11/10 00:00:08 INFO DAGScheduler: Registering RDD 2 (map at wordcount.scala:11) as input to shuffle 0
[2024-11-10T00:00:08.614+0000] {spark_submit.py:634} INFO - 24/11/10 00:00:08 INFO DAGScheduler: Got job 0 (collect at wordcount.scala:14) with 2 output partitions
[2024-11-10T00:00:08.616+0000] {spark_submit.py:634} INFO - 24/11/10 00:00:08 INFO DAGScheduler: Final stage: ResultStage 1 (collect at wordcount.scala:14)
[2024-11-10T00:00:08.619+0000] {spark_submit.py:634} INFO - 24/11/10 00:00:08 INFO DAGScheduler: Parents of final stage: List(ShuffleMapStage 0)
[2024-11-10T00:00:08.621+0000] {spark_submit.py:634} INFO - 24/11/10 00:00:08 INFO DAGScheduler: Missing parents: List(ShuffleMapStage 0)
[2024-11-10T00:00:08.631+0000] {spark_submit.py:634} INFO - 24/11/10 00:00:08 INFO DAGScheduler: Submitting ShuffleMapStage 0 (MapPartitionsRDD[2] at map at wordcount.scala:11), which has no missing parents
[2024-11-10T00:00:08.755+0000] {spark_submit.py:634} INFO - 24/11/10 00:00:08 INFO MemoryStore: Block broadcast_0 stored as values in memory (estimated size 5.5 KiB, free 434.4 MiB)
[2024-11-10T00:00:08.799+0000] {spark_submit.py:634} INFO - 24/11/10 00:00:08 INFO MemoryStore: Block broadcast_0_piece0 stored as bytes in memory (estimated size 3.2 KiB, free 434.4 MiB)
[2024-11-10T00:00:08.805+0000] {spark_submit.py:634} INFO - 24/11/10 00:00:08 INFO BlockManagerInfo: Added broadcast_0_piece0 in memory on d2265ead819e:42659 (size: 3.2 KiB, free: 434.4 MiB)
[2024-11-10T00:00:08.812+0000] {spark_submit.py:634} INFO - 24/11/10 00:00:08 INFO SparkContext: Created broadcast 0 from broadcast at DAGScheduler.scala:1535
[2024-11-10T00:00:08.838+0000] {spark_submit.py:634} INFO - 24/11/10 00:00:08 INFO DAGScheduler: Submitting 2 missing tasks from ShuffleMapStage 0 (MapPartitionsRDD[2] at map at wordcount.scala:11) (first 15 tasks are for partitions Vector(0, 1))
[2024-11-10T00:00:08.840+0000] {spark_submit.py:634} INFO - 24/11/10 00:00:08 INFO TaskSchedulerImpl: Adding task set 0.0 with 2 tasks resource profile 0
[2024-11-10T00:00:10.748+0000] {spark_submit.py:634} INFO - 24/11/10 00:00:10 INFO StandaloneSchedulerBackend$StandaloneDriverEndpoint: Registered executor NettyRpcEndpointRef(spark-client://Executor) (172.23.0.5:36340) with ID 0,  ResourceProfileId 0
[2024-11-10T00:00:10.814+0000] {spark_submit.py:634} INFO - 24/11/10 00:00:10 INFO BlockManagerMasterEndpoint: Registering block manager 172.23.0.5:42955 with 434.4 MiB RAM, BlockManagerId(0, 172.23.0.5, 42955, None)
[2024-11-10T00:00:10.927+0000] {spark_submit.py:634} INFO - 24/11/10 00:00:10 INFO TaskSetManager: Starting task 0.0 in stage 0.0 (TID 0) (172.23.0.5, executor 0, partition 0, PROCESS_LOCAL, 7380 bytes)
[2024-11-10T00:00:10.931+0000] {spark_submit.py:634} INFO - 24/11/10 00:00:10 INFO TaskSetManager: Starting task 1.0 in stage 0.0 (TID 1) (172.23.0.5, executor 0, partition 1, PROCESS_LOCAL, 7395 bytes)
[2024-11-10T00:00:11.177+0000] {spark_submit.py:634} INFO - 24/11/10 00:00:11 INFO BlockManagerInfo: Added broadcast_0_piece0 in memory on 172.23.0.5:42955 (size: 3.2 KiB, free: 434.4 MiB)
[2024-11-10T00:00:11.697+0000] {spark_submit.py:634} INFO - 24/11/10 00:00:11 INFO TaskSetManager: Finished task 1.0 in stage 0.0 (TID 1) in 765 ms on 172.23.0.5 (executor 0) (1/2)
[2024-11-10T00:00:11.699+0000] {spark_submit.py:634} INFO - 24/11/10 00:00:11 INFO TaskSetManager: Finished task 0.0 in stage 0.0 (TID 0) in 786 ms on 172.23.0.5 (executor 0) (2/2)
[2024-11-10T00:00:11.700+0000] {spark_submit.py:634} INFO - 24/11/10 00:00:11 INFO TaskSchedulerImpl: Removed TaskSet 0.0, whose tasks have all completed, from pool
[2024-11-10T00:00:11.709+0000] {spark_submit.py:634} INFO - 24/11/10 00:00:11 INFO DAGScheduler: ShuffleMapStage 0 (map at wordcount.scala:11) finished in 3.054 s
[2024-11-10T00:00:11.711+0000] {spark_submit.py:634} INFO - 24/11/10 00:00:11 INFO DAGScheduler: looking for newly runnable stages
[2024-11-10T00:00:11.712+0000] {spark_submit.py:634} INFO - 24/11/10 00:00:11 INFO DAGScheduler: running: Set()
[2024-11-10T00:00:11.714+0000] {spark_submit.py:634} INFO - 24/11/10 00:00:11 INFO DAGScheduler: waiting: Set(ResultStage 1)
[2024-11-10T00:00:11.715+0000] {spark_submit.py:634} INFO - 24/11/10 00:00:11 INFO DAGScheduler: failed: Set()
[2024-11-10T00:00:11.717+0000] {spark_submit.py:634} INFO - 24/11/10 00:00:11 INFO DAGScheduler: Submitting ResultStage 1 (ShuffledRDD[3] at reduceByKey at wordcount.scala:12), which has no missing parents
[2024-11-10T00:00:11.730+0000] {spark_submit.py:634} INFO - 24/11/10 00:00:11 INFO MemoryStore: Block broadcast_1 stored as values in memory (estimated size 5.2 KiB, free 434.4 MiB)
[2024-11-10T00:00:11.734+0000] {spark_submit.py:634} INFO - 24/11/10 00:00:11 INFO MemoryStore: Block broadcast_1_piece0 stored as bytes in memory (estimated size 3.1 KiB, free 434.4 MiB)
[2024-11-10T00:00:11.736+0000] {spark_submit.py:634} INFO - 24/11/10 00:00:11 INFO BlockManagerInfo: Added broadcast_1_piece0 in memory on d2265ead819e:42659 (size: 3.1 KiB, free: 434.4 MiB)
[2024-11-10T00:00:11.737+0000] {spark_submit.py:634} INFO - 24/11/10 00:00:11 INFO SparkContext: Created broadcast 1 from broadcast at DAGScheduler.scala:1535
[2024-11-10T00:00:11.741+0000] {spark_submit.py:634} INFO - 24/11/10 00:00:11 INFO DAGScheduler: Submitting 2 missing tasks from ResultStage 1 (ShuffledRDD[3] at reduceByKey at wordcount.scala:12) (first 15 tasks are for partitions Vector(0, 1))
[2024-11-10T00:00:11.742+0000] {spark_submit.py:634} INFO - 24/11/10 00:00:11 INFO TaskSchedulerImpl: Adding task set 1.0 with 2 tasks resource profile 0
[2024-11-10T00:00:11.752+0000] {spark_submit.py:634} INFO - 24/11/10 00:00:11 INFO TaskSetManager: Starting task 0.0 in stage 1.0 (TID 2) (172.23.0.5, executor 0, partition 0, NODE_LOCAL, 7185 bytes)
[2024-11-10T00:00:11.753+0000] {spark_submit.py:634} INFO - 24/11/10 00:00:11 INFO TaskSetManager: Starting task 1.0 in stage 1.0 (TID 3) (172.23.0.5, executor 0, partition 1, NODE_LOCAL, 7185 bytes)
[2024-11-10T00:00:11.783+0000] {spark_submit.py:634} INFO - 24/11/10 00:00:11 INFO BlockManagerInfo: Added broadcast_1_piece0 in memory on 172.23.0.5:42955 (size: 3.1 KiB, free: 434.4 MiB)
[2024-11-10T00:00:11.839+0000] {spark_submit.py:634} INFO - 24/11/10 00:00:11 INFO MapOutputTrackerMasterEndpoint: Asked to send map output locations for shuffle 0 to 172.23.0.5:36340
[2024-11-10T00:00:11.953+0000] {spark_submit.py:634} INFO - 24/11/10 00:00:11 INFO TaskSetManager: Finished task 0.0 in stage 1.0 (TID 2) in 206 ms on 172.23.0.5 (executor 0) (1/2)
[2024-11-10T00:00:11.955+0000] {spark_submit.py:634} INFO - 24/11/10 00:00:11 INFO TaskSetManager: Finished task 1.0 in stage 1.0 (TID 3) in 202 ms on 172.23.0.5 (executor 0) (2/2)
[2024-11-10T00:00:11.957+0000] {spark_submit.py:634} INFO - 24/11/10 00:00:11 INFO TaskSchedulerImpl: Removed TaskSet 1.0, whose tasks have all completed, from pool
[2024-11-10T00:00:11.958+0000] {spark_submit.py:634} INFO - 24/11/10 00:00:11 INFO DAGScheduler: ResultStage 1 (collect at wordcount.scala:14) finished in 0.231 s
[2024-11-10T00:00:11.962+0000] {spark_submit.py:634} INFO - 24/11/10 00:00:11 INFO DAGScheduler: Job 0 is finished. Cancelling potential speculative or zombie tasks for this job
[2024-11-10T00:00:11.963+0000] {spark_submit.py:634} INFO - 24/11/10 00:00:11 INFO TaskSchedulerImpl: Killing all running tasks in stage 1: Stage finished
[2024-11-10T00:00:11.965+0000] {spark_submit.py:634} INFO - 24/11/10 00:00:11 INFO DAGScheduler: Job 0 finished: collect at wordcount.scala:14, took 3.982555 s
[2024-11-10T00:00:11.969+0000] {spark_submit.py:634} INFO - (Hello,5)
[2024-11-10T00:00:11.970+0000] {spark_submit.py:634} INFO - (Yusuf,1)
[2024-11-10T00:00:11.971+0000] {spark_submit.py:634} INFO - (World,1)
[2024-11-10T00:00:11.972+0000] {spark_submit.py:634} INFO - (Scala,1)
[2024-11-10T00:00:11.973+0000] {spark_submit.py:634} INFO - (Docker,1)
[2024-11-10T00:00:11.974+0000] {spark_submit.py:634} INFO - (spark,1)
[2024-11-10T00:00:11.975+0000] {spark_submit.py:634} INFO - 24/11/10 00:00:11 INFO SparkContext: SparkContext is stopping with exitCode 0.
[2024-11-10T00:00:11.980+0000] {spark_submit.py:634} INFO - 24/11/10 00:00:11 INFO SparkUI: Stopped Spark web UI at http://d2265ead819e:4041
[2024-11-10T00:00:11.985+0000] {spark_submit.py:634} INFO - 24/11/10 00:00:11 INFO StandaloneSchedulerBackend: Shutting down all executors
[2024-11-10T00:00:11.987+0000] {spark_submit.py:634} INFO - 24/11/10 00:00:11 INFO StandaloneSchedulerBackend$StandaloneDriverEndpoint: Asking each executor to shut down
[2024-11-10T00:00:12.010+0000] {spark_submit.py:634} INFO - 24/11/10 00:00:12 INFO MapOutputTrackerMasterEndpoint: MapOutputTrackerMasterEndpoint stopped!
[2024-11-10T00:00:12.035+0000] {spark_submit.py:634} INFO - 24/11/10 00:00:12 INFO MemoryStore: MemoryStore cleared
[2024-11-10T00:00:12.036+0000] {spark_submit.py:634} INFO - 24/11/10 00:00:12 INFO BlockManager: BlockManager stopped
[2024-11-10T00:00:12.054+0000] {spark_submit.py:634} INFO - 24/11/10 00:00:12 INFO BlockManagerMaster: BlockManagerMaster stopped
[2024-11-10T00:00:12.058+0000] {spark_submit.py:634} INFO - 24/11/10 00:00:12 INFO OutputCommitCoordinator$OutputCommitCoordinatorEndpoint: OutputCommitCoordinator stopped!
[2024-11-10T00:00:12.078+0000] {spark_submit.py:634} INFO - 24/11/10 00:00:12 INFO SparkContext: Successfully stopped SparkContext
[2024-11-10T00:00:12.081+0000] {spark_submit.py:634} INFO - 24/11/10 00:00:12 INFO ShutdownHookManager: Shutdown hook called
[2024-11-10T00:00:12.083+0000] {spark_submit.py:634} INFO - 24/11/10 00:00:12 INFO ShutdownHookManager: Deleting directory /tmp/spark-01a0c2ec-572f-4e6d-9c77-dee26fc3a636
[2024-11-10T00:00:12.086+0000] {spark_submit.py:634} INFO - 24/11/10 00:00:12 INFO ShutdownHookManager: Deleting directory /tmp/spark-04b4fda5-6842-4566-b3bd-b4bfaba72cce
[2024-11-10T00:00:12.132+0000] {taskinstance.py:340} INFO - ::group::Post task execution logs
[2024-11-10T00:00:12.133+0000] {taskinstance.py:352} INFO - Marking task as SUCCESS. dag_id=sparking_flow, task_id=scala_job, run_id=scheduled__2024-11-09T00:00:00+00:00, execution_date=20241109T000000, start_date=20241110T000001, end_date=20241110T000012
[2024-11-10T00:00:12.181+0000] {local_task_job_runner.py:266} INFO - Task exited with return code 0
[2024-11-10T00:00:12.197+0000] {taskinstance.py:3900} INFO - 0 downstream tasks scheduled from follow-on schedule check
[2024-11-10T00:00:12.200+0000] {local_task_job_runner.py:245} INFO - ::endgroup::
