[2024-11-09T06:59:33.385+0000] {local_task_job_runner.py:123} INFO - ::group::Pre task execution logs
[2024-11-09T06:59:33.442+0000] {taskinstance.py:2612} INFO - Dependencies all met for dep_context=non-requeueable deps ti=<TaskInstance: sparking_flow.start scheduled__2024-11-08T00:00:00+00:00 [queued]>
[2024-11-09T06:59:33.464+0000] {taskinstance.py:2612} INFO - Dependencies all met for dep_context=requeueable deps ti=<TaskInstance: sparking_flow.start scheduled__2024-11-08T00:00:00+00:00 [queued]>
[2024-11-09T06:59:33.466+0000] {taskinstance.py:2865} INFO - Starting attempt 1 of 1
[2024-11-09T06:59:33.516+0000] {taskinstance.py:2888} INFO - Executing <Task(PythonOperator): start> on 2024-11-08 00:00:00+00:00
[2024-11-09T06:59:33.524+0000] {standard_task_runner.py:72} INFO - Started process 8506 to run task
[2024-11-09T06:59:33.529+0000] {standard_task_runner.py:104} INFO - Running: ['***', 'tasks', 'run', 'sparking_flow', 'start', 'scheduled__2024-11-08T00:00:00+00:00', '--job-id', '86', '--raw', '--subdir', 'DAGS_FOLDER/spark_***.py', '--cfg-path', '/tmp/tmpkulvz71t']
[2024-11-09T06:59:33.534+0000] {standard_task_runner.py:105} INFO - Job 86: Subtask start
[2024-11-09T06:59:33.627+0000] {task_command.py:467} INFO - Running <TaskInstance: sparking_flow.start scheduled__2024-11-08T00:00:00+00:00 [running]> on host 4e8fe2d0691f
[2024-11-09T06:59:34.028+0000] {taskinstance.py:3131} INFO - Exporting env vars: AIRFLOW_CTX_DAG_OWNER='Yusuf Ganiyu' AIRFLOW_CTX_DAG_ID='sparking_flow' AIRFLOW_CTX_TASK_ID='start' AIRFLOW_CTX_EXECUTION_DATE='2024-11-08T00:00:00+00:00' AIRFLOW_CTX_TRY_NUMBER='1' AIRFLOW_CTX_DAG_RUN_ID='scheduled__2024-11-08T00:00:00+00:00'
[2024-11-09T06:59:34.039+0000] {taskinstance.py:731} INFO - ::endgroup::
[2024-11-09T06:59:34.132+0000] {logging_mixin.py:190} INFO - Jobs started
[2024-11-09T06:59:34.134+0000] {python.py:240} INFO - Done. Returned value was: None
[2024-11-09T06:59:34.158+0000] {taskinstance.py:340} INFO - ::group::Post task execution logs
[2024-11-09T06:59:34.160+0000] {taskinstance.py:352} INFO - Marking task as SUCCESS. dag_id=sparking_flow, task_id=start, run_id=scheduled__2024-11-08T00:00:00+00:00, execution_date=20241108T000000, start_date=20241109T065933, end_date=20241109T065934
[2024-11-09T06:59:34.211+0000] {local_task_job_runner.py:266} INFO - Task exited with return code 0
[2024-11-09T06:59:34.281+0000] {taskinstance.py:3900} INFO - 3 downstream tasks scheduled from follow-on schedule check
[2024-11-09T06:59:34.286+0000] {local_task_job_runner.py:245} INFO - ::endgroup::
[2024-11-09T11:41:38.417+0000] {local_task_job_runner.py:123} INFO - ::group::Pre task execution logs
[2024-11-09T11:41:38.437+0000] {taskinstance.py:2612} INFO - Dependencies all met for dep_context=non-requeueable deps ti=<TaskInstance: sparking_flow.start scheduled__2024-11-08T00:00:00+00:00 [queued]>
[2024-11-09T11:41:38.446+0000] {taskinstance.py:2612} INFO - Dependencies all met for dep_context=requeueable deps ti=<TaskInstance: sparking_flow.start scheduled__2024-11-08T00:00:00+00:00 [queued]>
[2024-11-09T11:41:38.447+0000] {taskinstance.py:2865} INFO - Starting attempt 1 of 1
[2024-11-09T11:41:38.461+0000] {taskinstance.py:2888} INFO - Executing <Task(PythonOperator): start> on 2024-11-08 00:00:00+00:00
[2024-11-09T11:41:38.468+0000] {standard_task_runner.py:72} INFO - Started process 251 to run task
[2024-11-09T11:41:38.471+0000] {standard_task_runner.py:104} INFO - Running: ['***', 'tasks', 'run', 'sparking_flow', 'start', 'scheduled__2024-11-08T00:00:00+00:00', '--job-id', '2', '--raw', '--subdir', 'DAGS_FOLDER/spark_***.py', '--cfg-path', '/tmp/tmpaza_u409']
[2024-11-09T11:41:38.474+0000] {standard_task_runner.py:105} INFO - Job 2: Subtask start
[2024-11-09T11:41:38.537+0000] {task_command.py:467} INFO - Running <TaskInstance: sparking_flow.start scheduled__2024-11-08T00:00:00+00:00 [running]> on host 3d16453afa47
[2024-11-09T11:41:38.644+0000] {taskinstance.py:3131} INFO - Exporting env vars: AIRFLOW_CTX_DAG_OWNER='Yusuf Ganiyu' AIRFLOW_CTX_DAG_ID='sparking_flow' AIRFLOW_CTX_TASK_ID='start' AIRFLOW_CTX_EXECUTION_DATE='2024-11-08T00:00:00+00:00' AIRFLOW_CTX_TRY_NUMBER='1' AIRFLOW_CTX_DAG_RUN_ID='scheduled__2024-11-08T00:00:00+00:00'
[2024-11-09T11:41:38.647+0000] {taskinstance.py:731} INFO - ::endgroup::
[2024-11-09T11:41:38.680+0000] {logging_mixin.py:190} INFO - Jobs started
[2024-11-09T11:41:38.681+0000] {python.py:240} INFO - Done. Returned value was: None
[2024-11-09T11:41:38.692+0000] {taskinstance.py:340} INFO - ::group::Post task execution logs
[2024-11-09T11:41:38.693+0000] {taskinstance.py:352} INFO - Marking task as SUCCESS. dag_id=sparking_flow, task_id=start, run_id=scheduled__2024-11-08T00:00:00+00:00, execution_date=20241108T000000, start_date=20241109T114138, end_date=20241109T114138
[2024-11-09T11:41:38.766+0000] {local_task_job_runner.py:266} INFO - Task exited with return code 0
[2024-11-09T11:41:38.797+0000] {taskinstance.py:3900} INFO - 3 downstream tasks scheduled from follow-on schedule check
[2024-11-09T11:41:38.801+0000] {local_task_job_runner.py:245} INFO - ::endgroup::
