[2024-11-10T00:00:01.584+0000] {local_task_job_runner.py:123} INFO - ::group::Pre task execution logs
[2024-11-10T00:00:01.601+0000] {taskinstance.py:2612} INFO - Dependencies all met for dep_context=non-requeueable deps ti=<TaskInstance: sparking_flow.java_job scheduled__2024-11-09T00:00:00+00:00 [queued]>
[2024-11-10T00:00:01.609+0000] {taskinstance.py:2612} INFO - Dependencies all met for dep_context=requeueable deps ti=<TaskInstance: sparking_flow.java_job scheduled__2024-11-09T00:00:00+00:00 [queued]>
[2024-11-10T00:00:01.611+0000] {taskinstance.py:2865} INFO - Starting attempt 1 of 1
[2024-11-10T00:00:01.626+0000] {taskinstance.py:2888} INFO - Executing <Task(SparkSubmitOperator): java_job> on 2024-11-09 00:00:00+00:00
[2024-11-10T00:00:01.631+0000] {standard_task_runner.py:72} INFO - Started process 9172 to run task
[2024-11-10T00:00:01.638+0000] {standard_task_runner.py:104} INFO - Running: ['***', 'tasks', 'run', 'sparking_flow', 'java_job', 'scheduled__2024-11-09T00:00:00+00:00', '--job-id', '50', '--raw', '--subdir', 'DAGS_FOLDER/spark_***.py', '--cfg-path', '/tmp/tmpv4ki5zeq']
[2024-11-10T00:00:01.643+0000] {standard_task_runner.py:105} INFO - Job 50: Subtask java_job
[2024-11-10T00:00:01.696+0000] {task_command.py:467} INFO - Running <TaskInstance: sparking_flow.java_job scheduled__2024-11-09T00:00:00+00:00 [running]> on host d2265ead819e
[2024-11-10T00:00:01.785+0000] {taskinstance.py:3131} INFO - Exporting env vars: AIRFLOW_CTX_DAG_OWNER='Yusuf Ganiyu' AIRFLOW_CTX_DAG_ID='sparking_flow' AIRFLOW_CTX_TASK_ID='java_job' AIRFLOW_CTX_EXECUTION_DATE='2024-11-09T00:00:00+00:00' AIRFLOW_CTX_TRY_NUMBER='1' AIRFLOW_CTX_DAG_RUN_ID='scheduled__2024-11-09T00:00:00+00:00'
[2024-11-10T00:00:01.786+0000] {taskinstance.py:731} INFO - ::endgroup::
[2024-11-10T00:00:01.808+0000] {base.py:84} INFO - Retrieving connection 'spark-conn'
[2024-11-10T00:00:01.810+0000] {spark_submit.py:473} INFO - Spark-Submit cmd: spark-submit --master spark://172.23.0.2:7077 --name arrow-spark --class com.airscholar.spark.WordCountJob --deploy-mode client jobs/java/spark-job/target/spark-job-1.0-SNAPSHOT.jar
[2024-11-10T00:00:04.939+0000] {spark_submit.py:634} INFO - 24/11/10 00:00:04 INFO SparkContext: Running Spark version 3.4.2
[2024-11-10T00:00:05.064+0000] {spark_submit.py:634} INFO - 24/11/10 00:00:05 WARN NativeCodeLoader: Unable to load native-hadoop library for your platform... using builtin-java classes where applicable
[2024-11-10T00:00:05.234+0000] {spark_submit.py:634} INFO - 24/11/10 00:00:05 INFO ResourceUtils: ==============================================================
[2024-11-10T00:00:05.235+0000] {spark_submit.py:634} INFO - 24/11/10 00:00:05 INFO ResourceUtils: No custom resources configured for spark.driver.
[2024-11-10T00:00:05.236+0000] {spark_submit.py:634} INFO - 24/11/10 00:00:05 INFO ResourceUtils: ==============================================================
[2024-11-10T00:00:05.238+0000] {spark_submit.py:634} INFO - 24/11/10 00:00:05 INFO SparkContext: Submitted application: Word Count Job
[2024-11-10T00:00:05.275+0000] {spark_submit.py:634} INFO - 24/11/10 00:00:05 INFO ResourceProfile: Default ResourceProfile created, executor resources: Map(cores -> name: cores, amount: 1, script: , vendor: , memory -> name: memory, amount: 1024, script: , vendor: , offHeap -> name: offHeap, amount: 0, script: , vendor: ), task resources: Map(cpus -> name: cpus, amount: 1.0)
[2024-11-10T00:00:05.296+0000] {spark_submit.py:634} INFO - 24/11/10 00:00:05 INFO ResourceProfile: Limiting resource is cpu
[2024-11-10T00:00:05.299+0000] {spark_submit.py:634} INFO - 24/11/10 00:00:05 INFO ResourceProfileManager: Added ResourceProfile id: 0
[2024-11-10T00:00:05.366+0000] {spark_submit.py:634} INFO - 24/11/10 00:00:05 INFO SecurityManager: Changing view acls to: root
[2024-11-10T00:00:05.367+0000] {spark_submit.py:634} INFO - 24/11/10 00:00:05 INFO SecurityManager: Changing modify acls to: root
[2024-11-10T00:00:05.369+0000] {spark_submit.py:634} INFO - 24/11/10 00:00:05 INFO SecurityManager: Changing view acls groups to:
[2024-11-10T00:00:05.370+0000] {spark_submit.py:634} INFO - 24/11/10 00:00:05 INFO SecurityManager: Changing modify acls groups to:
[2024-11-10T00:00:05.371+0000] {spark_submit.py:634} INFO - 24/11/10 00:00:05 INFO SecurityManager: SecurityManager: authentication disabled; ui acls disabled; users with view permissions: root; groups with view permissions: EMPTY; users with modify permissions: root; groups with modify permissions: EMPTY
[2024-11-10T00:00:05.686+0000] {spark_submit.py:634} INFO - 24/11/10 00:00:05 INFO Utils: Successfully started service 'sparkDriver' on port 40527.
[2024-11-10T00:00:05.719+0000] {spark_submit.py:634} INFO - 24/11/10 00:00:05 INFO SparkEnv: Registering MapOutputTracker
[2024-11-10T00:00:05.769+0000] {spark_submit.py:634} INFO - 24/11/10 00:00:05 INFO SparkEnv: Registering BlockManagerMaster
[2024-11-10T00:00:05.791+0000] {spark_submit.py:634} INFO - 24/11/10 00:00:05 INFO BlockManagerMasterEndpoint: Using org.apache.spark.storage.DefaultTopologyMapper for getting topology information
[2024-11-10T00:00:05.793+0000] {spark_submit.py:634} INFO - 24/11/10 00:00:05 INFO BlockManagerMasterEndpoint: BlockManagerMasterEndpoint up
[2024-11-10T00:00:05.798+0000] {spark_submit.py:634} INFO - 24/11/10 00:00:05 INFO SparkEnv: Registering BlockManagerMasterHeartbeat
[2024-11-10T00:00:05.822+0000] {spark_submit.py:634} INFO - 24/11/10 00:00:05 INFO DiskBlockManager: Created local directory at /tmp/blockmgr-85a98def-15c9-4b81-b839-e85e8ae02dc8
[2024-11-10T00:00:05.848+0000] {spark_submit.py:634} INFO - 24/11/10 00:00:05 INFO MemoryStore: MemoryStore started with capacity 434.4 MiB
[2024-11-10T00:00:05.870+0000] {spark_submit.py:634} INFO - 24/11/10 00:00:05 INFO SparkEnv: Registering OutputCommitCoordinator
[2024-11-10T00:00:06.039+0000] {spark_submit.py:634} INFO - 24/11/10 00:00:06 INFO JettyUtils: Start Jetty 0.0.0.0:4040 for SparkUI
[2024-11-10T00:00:06.136+0000] {spark_submit.py:634} INFO - 24/11/10 00:00:06 INFO Utils: Successfully started service 'SparkUI' on port 4040.
[2024-11-10T00:00:06.187+0000] {spark_submit.py:634} INFO - 24/11/10 00:00:06 INFO SparkContext: Added JAR file:/opt/***/jobs/java/spark-job/target/spark-job-1.0-SNAPSHOT.jar at spark://d2265ead819e:40527/jars/spark-job-1.0-SNAPSHOT.jar with timestamp 1731196804905
[2024-11-10T00:00:06.331+0000] {spark_submit.py:634} INFO - 24/11/10 00:00:06 INFO Executor: Starting executor ID driver on host d2265ead819e
[2024-11-10T00:00:06.344+0000] {spark_submit.py:634} INFO - 24/11/10 00:00:06 INFO Executor: Starting executor with user classpath (userClassPathFirst = false): ''
[2024-11-10T00:00:06.376+0000] {spark_submit.py:634} INFO - 24/11/10 00:00:06 INFO Executor: Fetching spark://d2265ead819e:40527/jars/spark-job-1.0-SNAPSHOT.jar with timestamp 1731196804905
[2024-11-10T00:00:06.443+0000] {spark_submit.py:634} INFO - 24/11/10 00:00:06 INFO TransportClientFactory: Successfully created connection to d2265ead819e/172.23.0.4:40527 after 35 ms (0 ms spent in bootstraps)
[2024-11-10T00:00:06.450+0000] {spark_submit.py:634} INFO - 24/11/10 00:00:06 INFO Utils: Fetching spark://d2265ead819e:40527/jars/spark-job-1.0-SNAPSHOT.jar to /tmp/spark-fffffdd5-77c4-488f-b29e-d538159bfcdb/userFiles-fa08b0db-41c8-4c08-9d90-6c4bb1ca144c/fetchFileTemp2433649862714221294.tmp
[2024-11-10T00:00:06.490+0000] {spark_submit.py:634} INFO - 24/11/10 00:00:06 INFO Executor: Adding file:/tmp/spark-fffffdd5-77c4-488f-b29e-d538159bfcdb/userFiles-fa08b0db-41c8-4c08-9d90-6c4bb1ca144c/spark-job-1.0-SNAPSHOT.jar to class loader
[2024-11-10T00:00:06.500+0000] {spark_submit.py:634} INFO - 24/11/10 00:00:06 INFO Utils: Successfully started service 'org.apache.spark.network.netty.NettyBlockTransferService' on port 35425.
[2024-11-10T00:00:06.501+0000] {spark_submit.py:634} INFO - 24/11/10 00:00:06 INFO NettyBlockTransferService: Server created on d2265ead819e:35425
[2024-11-10T00:00:06.503+0000] {spark_submit.py:634} INFO - 24/11/10 00:00:06 INFO BlockManager: Using org.apache.spark.storage.RandomBlockReplicationPolicy for block replication policy
[2024-11-10T00:00:06.513+0000] {spark_submit.py:634} INFO - 24/11/10 00:00:06 INFO BlockManagerMaster: Registering BlockManager BlockManagerId(driver, d2265ead819e, 35425, None)
[2024-11-10T00:00:06.519+0000] {spark_submit.py:634} INFO - 24/11/10 00:00:06 INFO BlockManagerMasterEndpoint: Registering block manager d2265ead819e:35425 with 434.4 MiB RAM, BlockManagerId(driver, d2265ead819e, 35425, None)
[2024-11-10T00:00:06.523+0000] {spark_submit.py:634} INFO - 24/11/10 00:00:06 INFO BlockManagerMaster: Registered BlockManager BlockManagerId(driver, d2265ead819e, 35425, None)
[2024-11-10T00:00:06.525+0000] {spark_submit.py:634} INFO - 24/11/10 00:00:06 INFO BlockManager: Initialized BlockManager: BlockManagerId(driver, d2265ead819e, 35425, None)
[2024-11-10T00:00:07.567+0000] {spark_submit.py:634} INFO - 24/11/10 00:00:07 INFO SparkContext: Starting job: collect at WordCountJob.java:37
[2024-11-10T00:00:07.609+0000] {spark_submit.py:634} INFO - 24/11/10 00:00:07 INFO DAGScheduler: Registering RDD 2 (mapToPair at WordCountJob.java:33) as input to shuffle 0
[2024-11-10T00:00:07.616+0000] {spark_submit.py:634} INFO - 24/11/10 00:00:07 INFO DAGScheduler: Got job 0 (collect at WordCountJob.java:37) with 1 output partitions
[2024-11-10T00:00:07.619+0000] {spark_submit.py:634} INFO - 24/11/10 00:00:07 INFO DAGScheduler: Final stage: ResultStage 1 (collect at WordCountJob.java:37)
[2024-11-10T00:00:07.620+0000] {spark_submit.py:634} INFO - 24/11/10 00:00:07 INFO DAGScheduler: Parents of final stage: List(ShuffleMapStage 0)
[2024-11-10T00:00:07.622+0000] {spark_submit.py:634} INFO - 24/11/10 00:00:07 INFO DAGScheduler: Missing parents: List(ShuffleMapStage 0)
[2024-11-10T00:00:07.638+0000] {spark_submit.py:634} INFO - 24/11/10 00:00:07 INFO DAGScheduler: Submitting ShuffleMapStage 0 (MapPartitionsRDD[2] at mapToPair at WordCountJob.java:33), which has no missing parents
[2024-11-10T00:00:07.824+0000] {spark_submit.py:634} INFO - 24/11/10 00:00:07 INFO MemoryStore: Block broadcast_0 stored as values in memory (estimated size 6.4 KiB, free 434.4 MiB)
[2024-11-10T00:00:07.871+0000] {spark_submit.py:634} INFO - 24/11/10 00:00:07 INFO MemoryStore: Block broadcast_0_piece0 stored as bytes in memory (estimated size 3.4 KiB, free 434.4 MiB)
[2024-11-10T00:00:07.877+0000] {spark_submit.py:634} INFO - 24/11/10 00:00:07 INFO BlockManagerInfo: Added broadcast_0_piece0 in memory on d2265ead819e:35425 (size: 3.4 KiB, free: 434.4 MiB)
[2024-11-10T00:00:07.884+0000] {spark_submit.py:634} INFO - 24/11/10 00:00:07 INFO SparkContext: Created broadcast 0 from broadcast at DAGScheduler.scala:1535
[2024-11-10T00:00:07.915+0000] {spark_submit.py:634} INFO - 24/11/10 00:00:07 INFO DAGScheduler: Submitting 1 missing tasks from ShuffleMapStage 0 (MapPartitionsRDD[2] at mapToPair at WordCountJob.java:33) (first 15 tasks are for partitions Vector(0))
[2024-11-10T00:00:07.918+0000] {spark_submit.py:634} INFO - 24/11/10 00:00:07 INFO TaskSchedulerImpl: Adding task set 0.0 with 1 tasks resource profile 0
[2024-11-10T00:00:08.016+0000] {spark_submit.py:634} INFO - 24/11/10 00:00:08 INFO TaskSetManager: Starting task 0.0 in stage 0.0 (TID 0) (d2265ead819e, executor driver, partition 0, PROCESS_LOCAL, 7428 bytes)
[2024-11-10T00:00:08.045+0000] {spark_submit.py:634} INFO - 24/11/10 00:00:08 INFO Executor: Running task 0.0 in stage 0.0 (TID 0)
[2024-11-10T00:00:08.307+0000] {spark_submit.py:634} INFO - 24/11/10 00:00:08 INFO Executor: Finished task 0.0 in stage 0.0 (TID 0). 1216 bytes result sent to driver
[2024-11-10T00:00:08.320+0000] {spark_submit.py:634} INFO - 24/11/10 00:00:08 INFO TaskSetManager: Finished task 0.0 in stage 0.0 (TID 0) in 339 ms on d2265ead819e (executor driver) (1/1)
[2024-11-10T00:00:08.326+0000] {spark_submit.py:634} INFO - 24/11/10 00:00:08 INFO TaskSchedulerImpl: Removed TaskSet 0.0, whose tasks have all completed, from pool
[2024-11-10T00:00:08.344+0000] {spark_submit.py:634} INFO - 24/11/10 00:00:08 INFO DAGScheduler: ShuffleMapStage 0 (mapToPair at WordCountJob.java:33) finished in 0.662 s
[2024-11-10T00:00:08.346+0000] {spark_submit.py:634} INFO - 24/11/10 00:00:08 INFO DAGScheduler: looking for newly runnable stages
[2024-11-10T00:00:08.348+0000] {spark_submit.py:634} INFO - 24/11/10 00:00:08 INFO DAGScheduler: running: Set()
[2024-11-10T00:00:08.349+0000] {spark_submit.py:634} INFO - 24/11/10 00:00:08 INFO DAGScheduler: waiting: Set(ResultStage 1)
[2024-11-10T00:00:08.350+0000] {spark_submit.py:634} INFO - 24/11/10 00:00:08 INFO DAGScheduler: failed: Set()
[2024-11-10T00:00:08.359+0000] {spark_submit.py:634} INFO - 24/11/10 00:00:08 INFO DAGScheduler: Submitting ResultStage 1 (ShuffledRDD[3] at reduceByKey at WordCountJob.java:34), which has no missing parents
[2024-11-10T00:00:08.383+0000] {spark_submit.py:634} INFO - 24/11/10 00:00:08 INFO MemoryStore: Block broadcast_1 stored as values in memory (estimated size 5.2 KiB, free 434.4 MiB)
[2024-11-10T00:00:08.394+0000] {spark_submit.py:634} INFO - 24/11/10 00:00:08 INFO MemoryStore: Block broadcast_1_piece0 stored as bytes in memory (estimated size 2.9 KiB, free 434.4 MiB)
[2024-11-10T00:00:08.396+0000] {spark_submit.py:634} INFO - 24/11/10 00:00:08 INFO BlockManagerInfo: Added broadcast_1_piece0 in memory on d2265ead819e:35425 (size: 2.9 KiB, free: 434.4 MiB)
[2024-11-10T00:00:08.398+0000] {spark_submit.py:634} INFO - 24/11/10 00:00:08 INFO SparkContext: Created broadcast 1 from broadcast at DAGScheduler.scala:1535
[2024-11-10T00:00:08.403+0000] {spark_submit.py:634} INFO - 24/11/10 00:00:08 INFO DAGScheduler: Submitting 1 missing tasks from ResultStage 1 (ShuffledRDD[3] at reduceByKey at WordCountJob.java:34) (first 15 tasks are for partitions Vector(0))
[2024-11-10T00:00:08.406+0000] {spark_submit.py:634} INFO - 24/11/10 00:00:08 INFO TaskSchedulerImpl: Adding task set 1.0 with 1 tasks resource profile 0
[2024-11-10T00:00:08.417+0000] {spark_submit.py:634} INFO - 24/11/10 00:00:08 INFO TaskSetManager: Starting task 0.0 in stage 1.0 (TID 1) (d2265ead819e, executor driver, partition 0, NODE_LOCAL, 7181 bytes)
[2024-11-10T00:00:08.420+0000] {spark_submit.py:634} INFO - 24/11/10 00:00:08 INFO Executor: Running task 0.0 in stage 1.0 (TID 1)
[2024-11-10T00:00:08.516+0000] {spark_submit.py:634} INFO - 24/11/10 00:00:08 INFO BlockManagerInfo: Removed broadcast_0_piece0 on d2265ead819e:35425 in memory (size: 3.4 KiB, free: 434.4 MiB)
[2024-11-10T00:00:08.535+0000] {spark_submit.py:634} INFO - 24/11/10 00:00:08 INFO ShuffleBlockFetcherIterator: Getting 1 (189.0 B) non-empty blocks including 1 (189.0 B) local and 0 (0.0 B) host-local and 0 (0.0 B) push-merged-local and 0 (0.0 B) remote blocks
[2024-11-10T00:00:08.540+0000] {spark_submit.py:634} INFO - 24/11/10 00:00:08 INFO ShuffleBlockFetcherIterator: Started 0 remote fetches in 26 ms
[2024-11-10T00:00:08.593+0000] {spark_submit.py:634} INFO - 24/11/10 00:00:08 INFO Executor: Finished task 0.0 in stage 1.0 (TID 1). 2044 bytes result sent to driver
[2024-11-10T00:00:08.597+0000] {spark_submit.py:634} INFO - 24/11/10 00:00:08 INFO TaskSetManager: Finished task 0.0 in stage 1.0 (TID 1) in 186 ms on d2265ead819e (executor driver) (1/1)
[2024-11-10T00:00:08.600+0000] {spark_submit.py:634} INFO - 24/11/10 00:00:08 INFO TaskSchedulerImpl: Removed TaskSet 1.0, whose tasks have all completed, from pool
[2024-11-10T00:00:08.601+0000] {spark_submit.py:634} INFO - 24/11/10 00:00:08 INFO DAGScheduler: ResultStage 1 (collect at WordCountJob.java:37) finished in 0.225 s
[2024-11-10T00:00:08.606+0000] {spark_submit.py:634} INFO - 24/11/10 00:00:08 INFO DAGScheduler: Job 0 is finished. Cancelling potential speculative or zombie tasks for this job
[2024-11-10T00:00:08.607+0000] {spark_submit.py:634} INFO - 24/11/10 00:00:08 INFO TaskSchedulerImpl: Killing all running tasks in stage 1: Stage finished
[2024-11-10T00:00:08.612+0000] {spark_submit.py:634} INFO - 24/11/10 00:00:08 INFO DAGScheduler: Job 0 finished: collect at WordCountJob.java:37, took 1.043983 s
[2024-11-10T00:00:08.616+0000] {spark_submit.py:634} INFO - spark: 1
[2024-11-10T00:00:08.618+0000] {spark_submit.py:634} INFO - docker: 1
[2024-11-10T00:00:08.620+0000] {spark_submit.py:634} INFO - Yusuf: 1
[2024-11-10T00:00:08.621+0000] {spark_submit.py:634} INFO - hello: 5
[2024-11-10T00:00:08.623+0000] {spark_submit.py:634} INFO - java: 1
[2024-11-10T00:00:08.626+0000] {spark_submit.py:634} INFO - world: 1
[2024-11-10T00:00:08.628+0000] {spark_submit.py:634} INFO - 24/11/10 00:00:08 INFO SparkContext: SparkContext is stopping with exitCode 0.
[2024-11-10T00:00:08.638+0000] {spark_submit.py:634} INFO - 24/11/10 00:00:08 INFO SparkUI: Stopped Spark web UI at http://d2265ead819e:4040
[2024-11-10T00:00:08.663+0000] {spark_submit.py:634} INFO - 24/11/10 00:00:08 INFO MapOutputTrackerMasterEndpoint: MapOutputTrackerMasterEndpoint stopped!
[2024-11-10T00:00:08.680+0000] {spark_submit.py:634} INFO - 24/11/10 00:00:08 INFO MemoryStore: MemoryStore cleared
[2024-11-10T00:00:08.681+0000] {spark_submit.py:634} INFO - 24/11/10 00:00:08 INFO BlockManager: BlockManager stopped
[2024-11-10T00:00:08.687+0000] {spark_submit.py:634} INFO - 24/11/10 00:00:08 INFO BlockManagerMaster: BlockManagerMaster stopped
[2024-11-10T00:00:08.691+0000] {spark_submit.py:634} INFO - 24/11/10 00:00:08 INFO OutputCommitCoordinator$OutputCommitCoordinatorEndpoint: OutputCommitCoordinator stopped!
[2024-11-10T00:00:08.708+0000] {spark_submit.py:634} INFO - 24/11/10 00:00:08 INFO SparkContext: Successfully stopped SparkContext
[2024-11-10T00:00:08.718+0000] {spark_submit.py:634} INFO - 24/11/10 00:00:08 INFO ShutdownHookManager: Shutdown hook called
[2024-11-10T00:00:08.720+0000] {spark_submit.py:634} INFO - 24/11/10 00:00:08 INFO ShutdownHookManager: Deleting directory /tmp/spark-fffffdd5-77c4-488f-b29e-d538159bfcdb
[2024-11-10T00:00:08.727+0000] {spark_submit.py:634} INFO - 24/11/10 00:00:08 INFO ShutdownHookManager: Deleting directory /tmp/spark-a8c85ea3-1178-417e-a148-c6e372bca95a
[2024-11-10T00:00:08.792+0000] {taskinstance.py:340} INFO - ::group::Post task execution logs
[2024-11-10T00:00:08.794+0000] {taskinstance.py:352} INFO - Marking task as SUCCESS. dag_id=sparking_flow, task_id=java_job, run_id=scheduled__2024-11-09T00:00:00+00:00, execution_date=20241109T000000, start_date=20241110T000001, end_date=20241110T000008
[2024-11-10T00:00:08.855+0000] {local_task_job_runner.py:266} INFO - Task exited with return code 0
[2024-11-10T00:00:08.878+0000] {taskinstance.py:3900} INFO - 0 downstream tasks scheduled from follow-on schedule check
[2024-11-10T00:00:08.883+0000] {local_task_job_runner.py:245} INFO - ::endgroup::
