[2024-11-09T17:57:41.473+0000] {local_task_job_runner.py:123} INFO - ::group::Pre task execution logs
[2024-11-09T17:57:41.490+0000] {taskinstance.py:2612} INFO - Dependencies all met for dep_context=non-requeueable deps ti=<TaskInstance: spotify_pipeline.health_check manual__2024-11-09T17:57:39.714064+00:00 [queued]>
[2024-11-09T17:57:41.497+0000] {taskinstance.py:2612} INFO - Dependencies all met for dep_context=requeueable deps ti=<TaskInstance: spotify_pipeline.health_check manual__2024-11-09T17:57:39.714064+00:00 [queued]>
[2024-11-09T17:57:41.498+0000] {taskinstance.py:2865} INFO - Starting attempt 1 of 1
[2024-11-09T17:57:41.512+0000] {taskinstance.py:2888} INFO - Executing <Task(SparkSubmitOperator): health_check> on 2024-11-09 17:57:39.714064+00:00
[2024-11-09T17:57:41.516+0000] {standard_task_runner.py:72} INFO - Started process 997 to run task
[2024-11-09T17:57:41.518+0000] {standard_task_runner.py:104} INFO - Running: ['***', 'tasks', 'run', 'spotify_pipeline', 'health_check', 'manual__2024-11-09T17:57:39.714064+00:00', '--job-id', '42', '--raw', '--subdir', 'DAGS_FOLDER/spotify_pipeline.py', '--cfg-path', '/tmp/tmp6cm91_v9']
[2024-11-09T17:57:41.521+0000] {standard_task_runner.py:105} INFO - Job 42: Subtask health_check
[2024-11-09T17:57:41.562+0000] {task_command.py:467} INFO - Running <TaskInstance: spotify_pipeline.health_check manual__2024-11-09T17:57:39.714064+00:00 [running]> on host d2265ead819e
[2024-11-09T17:57:41.640+0000] {taskinstance.py:3131} INFO - Exporting env vars: AIRFLOW_CTX_DAG_OWNER='JK' AIRFLOW_CTX_DAG_ID='spotify_pipeline' AIRFLOW_CTX_TASK_ID='health_check' AIRFLOW_CTX_EXECUTION_DATE='2024-11-09T17:57:39.714064+00:00' AIRFLOW_CTX_TRY_NUMBER='1' AIRFLOW_CTX_DAG_RUN_ID='manual__2024-11-09T17:57:39.714064+00:00'
[2024-11-09T17:57:41.642+0000] {taskinstance.py:731} INFO - ::endgroup::
[2024-11-09T17:57:41.662+0000] {base.py:84} INFO - Retrieving connection 'spark-conn'
[2024-11-09T17:57:41.663+0000] {spark_submit.py:473} INFO - Spark-Submit cmd: spark-submit --master spark://172.23.0.2:7077 --name arrow-spark --deploy-mode client jobs/python/health_check.py
[2024-11-09T17:57:44.723+0000] {spark_submit.py:634} INFO - 24/11/09 17:57:44 INFO SparkContext: Running Spark version 3.4.2
[2024-11-09T17:57:44.826+0000] {spark_submit.py:634} INFO - 24/11/09 17:57:44 WARN NativeCodeLoader: Unable to load native-hadoop library for your platform... using builtin-java classes where applicable
[2024-11-09T17:57:44.959+0000] {spark_submit.py:634} INFO - 24/11/09 17:57:44 INFO ResourceUtils: ==============================================================
[2024-11-09T17:57:44.961+0000] {spark_submit.py:634} INFO - 24/11/09 17:57:44 INFO ResourceUtils: No custom resources configured for spark.driver.
[2024-11-09T17:57:44.963+0000] {spark_submit.py:634} INFO - 24/11/09 17:57:44 INFO ResourceUtils: ==============================================================
[2024-11-09T17:57:44.964+0000] {spark_submit.py:634} INFO - 24/11/09 17:57:44 INFO SparkContext: Submitted application: HealthCheck
[2024-11-09T17:57:44.997+0000] {spark_submit.py:634} INFO - 24/11/09 17:57:44 INFO ResourceProfile: Default ResourceProfile created, executor resources: Map(memory -> name: memory, amount: 1024, script: , vendor: , offHeap -> name: offHeap, amount: 0, script: , vendor: ), task resources: Map(cpus -> name: cpus, amount: 1.0)
[2024-11-09T17:57:45.008+0000] {spark_submit.py:634} INFO - 24/11/09 17:57:45 INFO ResourceProfile: Limiting resource is cpu
[2024-11-09T17:57:45.010+0000] {spark_submit.py:634} INFO - 24/11/09 17:57:45 INFO ResourceProfileManager: Added ResourceProfile id: 0
[2024-11-09T17:57:45.080+0000] {spark_submit.py:634} INFO - 24/11/09 17:57:45 INFO SecurityManager: Changing view acls to: root
[2024-11-09T17:57:45.082+0000] {spark_submit.py:634} INFO - 24/11/09 17:57:45 INFO SecurityManager: Changing modify acls to: root
[2024-11-09T17:57:45.084+0000] {spark_submit.py:634} INFO - 24/11/09 17:57:45 INFO SecurityManager: Changing view acls groups to:
[2024-11-09T17:57:45.085+0000] {spark_submit.py:634} INFO - 24/11/09 17:57:45 INFO SecurityManager: Changing modify acls groups to:
[2024-11-09T17:57:45.086+0000] {spark_submit.py:634} INFO - 24/11/09 17:57:45 INFO SecurityManager: SecurityManager: authentication disabled; ui acls disabled; users with view permissions: root; groups with view permissions: EMPTY; users with modify permissions: root; groups with modify permissions: EMPTY
[2024-11-09T17:57:45.462+0000] {spark_submit.py:634} INFO - 24/11/09 17:57:45 INFO Utils: Successfully started service 'sparkDriver' on port 35605.
[2024-11-09T17:57:45.495+0000] {spark_submit.py:634} INFO - 24/11/09 17:57:45 INFO SparkEnv: Registering MapOutputTracker
[2024-11-09T17:57:45.542+0000] {spark_submit.py:634} INFO - 24/11/09 17:57:45 INFO SparkEnv: Registering BlockManagerMaster
[2024-11-09T17:57:45.568+0000] {spark_submit.py:634} INFO - 24/11/09 17:57:45 INFO BlockManagerMasterEndpoint: Using org.apache.spark.storage.DefaultTopologyMapper for getting topology information
[2024-11-09T17:57:45.570+0000] {spark_submit.py:634} INFO - 24/11/09 17:57:45 INFO BlockManagerMasterEndpoint: BlockManagerMasterEndpoint up
[2024-11-09T17:57:45.575+0000] {spark_submit.py:634} INFO - 24/11/09 17:57:45 INFO SparkEnv: Registering BlockManagerMasterHeartbeat
[2024-11-09T17:57:45.603+0000] {spark_submit.py:634} INFO - 24/11/09 17:57:45 INFO DiskBlockManager: Created local directory at /tmp/blockmgr-13415c70-5b4b-45fe-94b8-d898096a640d
[2024-11-09T17:57:45.628+0000] {spark_submit.py:634} INFO - 24/11/09 17:57:45 INFO MemoryStore: MemoryStore started with capacity 434.4 MiB
[2024-11-09T17:57:45.656+0000] {spark_submit.py:634} INFO - 24/11/09 17:57:45 INFO SparkEnv: Registering OutputCommitCoordinator
[2024-11-09T17:57:45.848+0000] {spark_submit.py:634} INFO - 24/11/09 17:57:45 INFO JettyUtils: Start Jetty 0.0.0.0:4040 for SparkUI
[2024-11-09T17:57:45.918+0000] {spark_submit.py:634} INFO - 24/11/09 17:57:45 WARN Utils: Service 'SparkUI' could not bind on port 4040. Attempting port 4041.
[2024-11-09T17:57:45.938+0000] {spark_submit.py:634} INFO - 24/11/09 17:57:45 INFO Utils: Successfully started service 'SparkUI' on port 4041.
[2024-11-09T17:57:46.087+0000] {spark_submit.py:634} INFO - 24/11/09 17:57:46 INFO StandaloneAppClient$ClientEndpoint: Connecting to master spark://172.23.0.2:7077...
[2024-11-09T17:57:46.138+0000] {spark_submit.py:634} INFO - 24/11/09 17:57:46 INFO TransportClientFactory: Successfully created connection to /172.23.0.2:7077 after 31 ms (0 ms spent in bootstraps)
[2024-11-09T17:57:46.251+0000] {spark_submit.py:634} INFO - 24/11/09 17:57:46 INFO StandaloneSchedulerBackend: Connected to Spark cluster with app ID app-20241109175746-0001
[2024-11-09T17:57:46.271+0000] {spark_submit.py:634} INFO - 24/11/09 17:57:46 INFO Utils: Successfully started service 'org.apache.spark.network.netty.NettyBlockTransferService' on port 34825.
[2024-11-09T17:57:46.276+0000] {spark_submit.py:634} INFO - 24/11/09 17:57:46 INFO NettyBlockTransferService: Server created on d2265ead819e:34825
[2024-11-09T17:57:46.281+0000] {spark_submit.py:634} INFO - 24/11/09 17:57:46 INFO BlockManager: Using org.apache.spark.storage.RandomBlockReplicationPolicy for block replication policy
[2024-11-09T17:57:46.295+0000] {spark_submit.py:634} INFO - 24/11/09 17:57:46 INFO BlockManagerMaster: Registering BlockManager BlockManagerId(driver, d2265ead819e, 34825, None)
[2024-11-09T17:57:46.302+0000] {spark_submit.py:634} INFO - 24/11/09 17:57:46 INFO BlockManagerMasterEndpoint: Registering block manager d2265ead819e:34825 with 434.4 MiB RAM, BlockManagerId(driver, d2265ead819e, 34825, None)
[2024-11-09T17:57:46.306+0000] {spark_submit.py:634} INFO - 24/11/09 17:57:46 INFO BlockManagerMaster: Registered BlockManager BlockManagerId(driver, d2265ead819e, 34825, None)
[2024-11-09T17:57:46.309+0000] {spark_submit.py:634} INFO - 24/11/09 17:57:46 INFO BlockManager: Initialized BlockManager: BlockManagerId(driver, d2265ead819e, 34825, None)
[2024-11-09T17:57:46.636+0000] {spark_submit.py:634} INFO - 24/11/09 17:57:46 INFO StandaloneSchedulerBackend: SchedulerBackend is ready for scheduling beginning after reached minRegisteredResourcesRatio: 0.0
[2024-11-09T17:57:47.455+0000] {spark_submit.py:634} INFO - 24/11/09 17:57:47 INFO SparkContext: Starting job: collect at /opt/***/jobs/python/health_check.py:11
[2024-11-09T17:57:47.499+0000] {spark_submit.py:634} INFO - 24/11/09 17:57:47 INFO DAGScheduler: Registering RDD 2 (reduceByKey at /opt/***/jobs/python/health_check.py:9) as input to shuffle 0
[2024-11-09T17:57:47.511+0000] {spark_submit.py:634} INFO - 24/11/09 17:57:47 INFO DAGScheduler: Got job 0 (collect at /opt/***/jobs/python/health_check.py:11) with 2 output partitions
[2024-11-09T17:57:47.517+0000] {spark_submit.py:634} INFO - 24/11/09 17:57:47 INFO DAGScheduler: Final stage: ResultStage 1 (collect at /opt/***/jobs/python/health_check.py:11)
[2024-11-09T17:57:47.518+0000] {spark_submit.py:634} INFO - 24/11/09 17:57:47 INFO DAGScheduler: Parents of final stage: List(ShuffleMapStage 0)
[2024-11-09T17:57:47.522+0000] {spark_submit.py:634} INFO - 24/11/09 17:57:47 INFO DAGScheduler: Missing parents: List(ShuffleMapStage 0)
[2024-11-09T17:57:47.532+0000] {spark_submit.py:634} INFO - 24/11/09 17:57:47 INFO DAGScheduler: Submitting ShuffleMapStage 0 (PairwiseRDD[2] at reduceByKey at /opt/***/jobs/python/health_check.py:9), which has no missing parents
[2024-11-09T17:57:47.637+0000] {spark_submit.py:634} INFO - 24/11/09 17:57:47 INFO MemoryStore: Block broadcast_0 stored as values in memory (estimated size 11.1 KiB, free 434.4 MiB)
[2024-11-09T17:57:47.680+0000] {spark_submit.py:634} INFO - 24/11/09 17:57:47 INFO MemoryStore: Block broadcast_0_piece0 stored as bytes in memory (estimated size 7.0 KiB, free 434.4 MiB)
[2024-11-09T17:57:47.685+0000] {spark_submit.py:634} INFO - 24/11/09 17:57:47 INFO BlockManagerInfo: Added broadcast_0_piece0 in memory on d2265ead819e:34825 (size: 7.0 KiB, free: 434.4 MiB)
[2024-11-09T17:57:47.690+0000] {spark_submit.py:634} INFO - 24/11/09 17:57:47 INFO SparkContext: Created broadcast 0 from broadcast at DAGScheduler.scala:1535
[2024-11-09T17:57:47.707+0000] {spark_submit.py:634} INFO - 24/11/09 17:57:47 INFO DAGScheduler: Submitting 2 missing tasks from ShuffleMapStage 0 (PairwiseRDD[2] at reduceByKey at /opt/***/jobs/python/health_check.py:9) (first 15 tasks are for partitions Vector(0, 1))
[2024-11-09T17:57:47.709+0000] {spark_submit.py:634} INFO - 24/11/09 17:57:47 INFO TaskSchedulerImpl: Adding task set 0.0 with 2 tasks resource profile 0
[2024-11-09T17:58:02.739+0000] {spark_submit.py:634} INFO - 24/11/09 17:58:02 WARN TaskSchedulerImpl: Initial job has not accepted any resources; check your cluster UI to ensure that workers are registered and have sufficient resources
[2024-11-09T17:58:17.738+0000] {spark_submit.py:634} INFO - 24/11/09 17:58:17 WARN TaskSchedulerImpl: Initial job has not accepted any resources; check your cluster UI to ensure that workers are registered and have sufficient resources
[2024-11-09T17:58:32.739+0000] {spark_submit.py:634} INFO - 24/11/09 17:58:32 WARN TaskSchedulerImpl: Initial job has not accepted any resources; check your cluster UI to ensure that workers are registered and have sufficient resources
[2024-11-09T17:58:47.738+0000] {spark_submit.py:634} INFO - 24/11/09 17:58:47 WARN TaskSchedulerImpl: Initial job has not accepted any resources; check your cluster UI to ensure that workers are registered and have sufficient resources
[2024-11-09T17:59:02.739+0000] {spark_submit.py:634} INFO - 24/11/09 17:59:02 WARN TaskSchedulerImpl: Initial job has not accepted any resources; check your cluster UI to ensure that workers are registered and have sufficient resources
[2024-11-09T17:59:17.738+0000] {spark_submit.py:634} INFO - 24/11/09 17:59:17 WARN TaskSchedulerImpl: Initial job has not accepted any resources; check your cluster UI to ensure that workers are registered and have sufficient resources
[2024-11-09T17:59:32.739+0000] {spark_submit.py:634} INFO - 24/11/09 17:59:32 WARN TaskSchedulerImpl: Initial job has not accepted any resources; check your cluster UI to ensure that workers are registered and have sufficient resources
[2024-11-09T17:59:47.738+0000] {spark_submit.py:634} INFO - 24/11/09 17:59:47 WARN TaskSchedulerImpl: Initial job has not accepted any resources; check your cluster UI to ensure that workers are registered and have sufficient resources
[2024-11-09T18:00:02.739+0000] {spark_submit.py:634} INFO - 24/11/09 18:00:02 WARN TaskSchedulerImpl: Initial job has not accepted any resources; check your cluster UI to ensure that workers are registered and have sufficient resources
[2024-11-09T18:00:17.738+0000] {spark_submit.py:634} INFO - 24/11/09 18:00:17 WARN TaskSchedulerImpl: Initial job has not accepted any resources; check your cluster UI to ensure that workers are registered and have sufficient resources
[2024-11-09T18:00:32.739+0000] {spark_submit.py:634} INFO - 24/11/09 18:00:32 WARN TaskSchedulerImpl: Initial job has not accepted any resources; check your cluster UI to ensure that workers are registered and have sufficient resources
[2024-11-09T18:00:47.738+0000] {spark_submit.py:634} INFO - 24/11/09 18:00:47 WARN TaskSchedulerImpl: Initial job has not accepted any resources; check your cluster UI to ensure that workers are registered and have sufficient resources
[2024-11-09T18:01:02.739+0000] {spark_submit.py:634} INFO - 24/11/09 18:01:02 WARN TaskSchedulerImpl: Initial job has not accepted any resources; check your cluster UI to ensure that workers are registered and have sufficient resources
[2024-11-09T18:01:17.739+0000] {spark_submit.py:634} INFO - 24/11/09 18:01:17 WARN TaskSchedulerImpl: Initial job has not accepted any resources; check your cluster UI to ensure that workers are registered and have sufficient resources
[2024-11-09T18:01:32.739+0000] {spark_submit.py:634} INFO - 24/11/09 18:01:32 WARN TaskSchedulerImpl: Initial job has not accepted any resources; check your cluster UI to ensure that workers are registered and have sufficient resources
[2024-11-09T18:01:47.738+0000] {spark_submit.py:634} INFO - 24/11/09 18:01:47 WARN TaskSchedulerImpl: Initial job has not accepted any resources; check your cluster UI to ensure that workers are registered and have sufficient resources
[2024-11-09T18:02:02.739+0000] {spark_submit.py:634} INFO - 24/11/09 18:02:02 WARN TaskSchedulerImpl: Initial job has not accepted any resources; check your cluster UI to ensure that workers are registered and have sufficient resources
[2024-11-09T18:02:17.738+0000] {spark_submit.py:634} INFO - 24/11/09 18:02:17 WARN TaskSchedulerImpl: Initial job has not accepted any resources; check your cluster UI to ensure that workers are registered and have sufficient resources
[2024-11-09T18:02:31.742+0000] {spark_submit.py:634} INFO - 24/11/09 18:02:31 INFO StandaloneAppClient$ClientEndpoint: Executor added: app-20241109175746-0001/0 on worker-20241109175335-172.23.0.5-35065 (172.23.0.5:35065) with 2 core(s)
[2024-11-09T18:02:31.746+0000] {spark_submit.py:634} INFO - 24/11/09 18:02:31 INFO StandaloneSchedulerBackend: Granted executor ID app-20241109175746-0001/0 on hostPort 172.23.0.5:35065 with 2 core(s), 1024.0 MiB RAM
[2024-11-09T18:02:31.816+0000] {spark_submit.py:634} INFO - 24/11/09 18:02:31 INFO StandaloneAppClient$ClientEndpoint: Executor updated: app-20241109175746-0001/0 is now RUNNING
[2024-11-09T18:02:32.739+0000] {spark_submit.py:634} INFO - 24/11/09 18:02:32 WARN TaskSchedulerImpl: Initial job has not accepted any resources; check your cluster UI to ensure that workers are registered and have sufficient resources
[2024-11-09T18:02:34.422+0000] {spark_submit.py:634} INFO - 24/11/09 18:02:34 INFO StandaloneSchedulerBackend$StandaloneDriverEndpoint: Registered executor NettyRpcEndpointRef(spark-client://Executor) (172.23.0.5:47594) with ID 0,  ResourceProfileId 0
[2024-11-09T18:02:34.505+0000] {spark_submit.py:634} INFO - 24/11/09 18:02:34 INFO BlockManagerMasterEndpoint: Registering block manager 172.23.0.5:33565 with 434.4 MiB RAM, BlockManagerId(0, 172.23.0.5, 33565, None)
[2024-11-09T18:02:34.572+0000] {spark_submit.py:634} INFO - 24/11/09 18:02:34 INFO TaskSetManager: Starting task 0.0 in stage 0.0 (TID 0) (172.23.0.5, executor 0, partition 0, PROCESS_LOCAL, 7403 bytes)
[2024-11-09T18:02:34.577+0000] {spark_submit.py:634} INFO - 24/11/09 18:02:34 INFO TaskSetManager: Starting task 1.0 in stage 0.0 (TID 1) (172.23.0.5, executor 0, partition 1, PROCESS_LOCAL, 7436 bytes)
[2024-11-09T18:02:34.888+0000] {spark_submit.py:634} INFO - 24/11/09 18:02:34 INFO BlockManagerInfo: Added broadcast_0_piece0 in memory on 172.23.0.5:33565 (size: 7.0 KiB, free: 434.4 MiB)
[2024-11-09T18:02:36.166+0000] {spark_submit.py:634} INFO - 24/11/09 18:02:36 INFO TaskSetManager: Finished task 0.0 in stage 0.0 (TID 0) in 1605 ms on 172.23.0.5 (executor 0) (1/2)
[2024-11-09T18:02:36.167+0000] {spark_submit.py:634} INFO - 24/11/09 18:02:36 INFO TaskSetManager: Finished task 1.0 in stage 0.0 (TID 1) in 1591 ms on 172.23.0.5 (executor 0) (2/2)
[2024-11-09T18:02:36.168+0000] {spark_submit.py:634} INFO - 24/11/09 18:02:36 INFO TaskSchedulerImpl: Removed TaskSet 0.0, whose tasks have all completed, from pool
[2024-11-09T18:02:36.172+0000] {spark_submit.py:634} INFO - 24/11/09 18:02:36 INFO PythonAccumulatorV2: Connected to AccumulatorServer at host: 127.0.0.1 port: 56185
[2024-11-09T18:02:36.178+0000] {spark_submit.py:634} INFO - 24/11/09 18:02:36 INFO DAGScheduler: ShuffleMapStage 0 (reduceByKey at /opt/***/jobs/python/health_check.py:9) finished in 288.618 s
[2024-11-09T18:02:36.180+0000] {spark_submit.py:634} INFO - 24/11/09 18:02:36 INFO DAGScheduler: looking for newly runnable stages
[2024-11-09T18:02:36.181+0000] {spark_submit.py:634} INFO - 24/11/09 18:02:36 INFO DAGScheduler: running: Set()
[2024-11-09T18:02:36.182+0000] {spark_submit.py:634} INFO - 24/11/09 18:02:36 INFO DAGScheduler: waiting: Set(ResultStage 1)
[2024-11-09T18:02:36.184+0000] {spark_submit.py:634} INFO - 24/11/09 18:02:36 INFO DAGScheduler: failed: Set()
[2024-11-09T18:02:36.185+0000] {spark_submit.py:634} INFO - 24/11/09 18:02:36 INFO DAGScheduler: Submitting ResultStage 1 (PythonRDD[5] at collect at /opt/***/jobs/python/health_check.py:11), which has no missing parents
[2024-11-09T18:02:36.193+0000] {spark_submit.py:634} INFO - 24/11/09 18:02:36 INFO MemoryStore: Block broadcast_1 stored as values in memory (estimated size 10.0 KiB, free 434.4 MiB)
[2024-11-09T18:02:36.197+0000] {spark_submit.py:634} INFO - 24/11/09 18:02:36 INFO MemoryStore: Block broadcast_1_piece0 stored as bytes in memory (estimated size 6.0 KiB, free 434.4 MiB)
[2024-11-09T18:02:36.198+0000] {spark_submit.py:634} INFO - 24/11/09 18:02:36 INFO BlockManagerInfo: Added broadcast_1_piece0 in memory on d2265ead819e:34825 (size: 6.0 KiB, free: 434.4 MiB)
[2024-11-09T18:02:36.199+0000] {spark_submit.py:634} INFO - 24/11/09 18:02:36 INFO SparkContext: Created broadcast 1 from broadcast at DAGScheduler.scala:1535
[2024-11-09T18:02:36.201+0000] {spark_submit.py:634} INFO - 24/11/09 18:02:36 INFO DAGScheduler: Submitting 2 missing tasks from ResultStage 1 (PythonRDD[5] at collect at /opt/***/jobs/python/health_check.py:11) (first 15 tasks are for partitions Vector(0, 1))
[2024-11-09T18:02:36.203+0000] {spark_submit.py:634} INFO - 24/11/09 18:02:36 INFO TaskSchedulerImpl: Adding task set 1.0 with 2 tasks resource profile 0
[2024-11-09T18:02:36.208+0000] {spark_submit.py:634} INFO - 24/11/09 18:02:36 INFO TaskSetManager: Starting task 0.0 in stage 1.0 (TID 2) (172.23.0.5, executor 0, partition 0, NODE_LOCAL, 7185 bytes)
[2024-11-09T18:02:36.209+0000] {spark_submit.py:634} INFO - 24/11/09 18:02:36 INFO TaskSetManager: Starting task 1.0 in stage 1.0 (TID 3) (172.23.0.5, executor 0, partition 1, NODE_LOCAL, 7185 bytes)
[2024-11-09T18:02:36.238+0000] {spark_submit.py:634} INFO - 24/11/09 18:02:36 INFO BlockManagerInfo: Added broadcast_1_piece0 in memory on 172.23.0.5:33565 (size: 6.0 KiB, free: 434.4 MiB)
[2024-11-09T18:02:36.314+0000] {spark_submit.py:634} INFO - 24/11/09 18:02:36 INFO MapOutputTrackerMasterEndpoint: Asked to send map output locations for shuffle 0 to 172.23.0.5:47594
[2024-11-09T18:02:36.535+0000] {spark_submit.py:634} INFO - 24/11/09 18:02:36 INFO TaskSetManager: Finished task 0.0 in stage 1.0 (TID 2) in 329 ms on 172.23.0.5 (executor 0) (1/2)
[2024-11-09T18:02:36.536+0000] {spark_submit.py:634} INFO - 24/11/09 18:02:36 INFO TaskSetManager: Finished task 1.0 in stage 1.0 (TID 3) in 327 ms on 172.23.0.5 (executor 0) (2/2)
[2024-11-09T18:02:36.537+0000] {spark_submit.py:634} INFO - 24/11/09 18:02:36 INFO TaskSchedulerImpl: Removed TaskSet 1.0, whose tasks have all completed, from pool
[2024-11-09T18:02:36.539+0000] {spark_submit.py:634} INFO - 24/11/09 18:02:36 INFO DAGScheduler: ResultStage 1 (collect at /opt/***/jobs/python/health_check.py:11) finished in 0.347 s
[2024-11-09T18:02:36.542+0000] {spark_submit.py:634} INFO - 24/11/09 18:02:36 INFO DAGScheduler: Job 0 is finished. Cancelling potential speculative or zombie tasks for this job
[2024-11-09T18:02:36.543+0000] {spark_submit.py:634} INFO - 24/11/09 18:02:36 INFO TaskSchedulerImpl: Killing all running tasks in stage 1: Stage finished
[2024-11-09T18:02:36.544+0000] {spark_submit.py:634} INFO - 24/11/09 18:02:36 INFO DAGScheduler: Job 0 finished: collect at /opt/***/jobs/python/health_check.py:11, took 289.091351 s
[2024-11-09T18:02:36.557+0000] {spark_submit.py:634} INFO - Python 1
[2024-11-09T18:02:36.558+0000] {spark_submit.py:634} INFO - Airflow 1
[2024-11-09T18:02:36.559+0000] {spark_submit.py:634} INFO - Docker 1
[2024-11-09T18:02:36.560+0000] {spark_submit.py:634} INFO - and 1
[2024-11-09T18:02:36.561+0000] {spark_submit.py:634} INFO - Yusuf 1
[2024-11-09T18:02:36.562+0000] {spark_submit.py:634} INFO - Hello 5
[2024-11-09T18:02:36.563+0000] {spark_submit.py:634} INFO - Spark 1
[2024-11-09T18:02:36.564+0000] {spark_submit.py:634} INFO - 24/11/09 18:02:36 INFO SparkContext: SparkContext is stopping with exitCode 0.
[2024-11-09T18:02:36.568+0000] {spark_submit.py:634} INFO - 24/11/09 18:02:36 INFO SparkUI: Stopped Spark web UI at http://d2265ead819e:4041
[2024-11-09T18:02:36.571+0000] {spark_submit.py:634} INFO - 24/11/09 18:02:36 INFO StandaloneSchedulerBackend: Shutting down all executors
[2024-11-09T18:02:36.573+0000] {spark_submit.py:634} INFO - 24/11/09 18:02:36 INFO StandaloneSchedulerBackend$StandaloneDriverEndpoint: Asking each executor to shut down
[2024-11-09T18:02:36.588+0000] {spark_submit.py:634} INFO - 24/11/09 18:02:36 INFO MapOutputTrackerMasterEndpoint: MapOutputTrackerMasterEndpoint stopped!
[2024-11-09T18:02:36.608+0000] {spark_submit.py:634} INFO - 24/11/09 18:02:36 INFO MemoryStore: MemoryStore cleared
[2024-11-09T18:02:36.610+0000] {spark_submit.py:634} INFO - 24/11/09 18:02:36 INFO BlockManager: BlockManager stopped
[2024-11-09T18:02:36.617+0000] {spark_submit.py:634} INFO - 24/11/09 18:02:36 INFO BlockManagerMaster: BlockManagerMaster stopped
[2024-11-09T18:02:36.620+0000] {spark_submit.py:634} INFO - 24/11/09 18:02:36 INFO OutputCommitCoordinator$OutputCommitCoordinatorEndpoint: OutputCommitCoordinator stopped!
[2024-11-09T18:02:36.631+0000] {spark_submit.py:634} INFO - 24/11/09 18:02:36 INFO SparkContext: Successfully stopped SparkContext
[2024-11-09T18:02:37.589+0000] {spark_submit.py:634} INFO - 24/11/09 18:02:37 INFO ShutdownHookManager: Shutdown hook called
[2024-11-09T18:02:37.590+0000] {spark_submit.py:634} INFO - 24/11/09 18:02:37 INFO ShutdownHookManager: Deleting directory /tmp/spark-f39a3305-b4d9-4c8e-a235-10f8d58f0799/pyspark-c9a2ef35-c766-465a-a4c7-f8b11c5ee978
[2024-11-09T18:02:37.592+0000] {spark_submit.py:634} INFO - 24/11/09 18:02:37 INFO ShutdownHookManager: Deleting directory /tmp/spark-f39a3305-b4d9-4c8e-a235-10f8d58f0799
[2024-11-09T18:02:37.596+0000] {spark_submit.py:634} INFO - 24/11/09 18:02:37 INFO ShutdownHookManager: Deleting directory /tmp/spark-9eb1f601-f91c-4c6e-833d-a792de4b5afe
[2024-11-09T18:02:37.639+0000] {taskinstance.py:340} INFO - ::group::Post task execution logs
[2024-11-09T18:02:37.641+0000] {taskinstance.py:352} INFO - Marking task as SUCCESS. dag_id=spotify_pipeline, task_id=health_check, run_id=manual__2024-11-09T17:57:39.714064+00:00, execution_date=20241109T175739, start_date=20241109T175741, end_date=20241109T180237
[2024-11-09T18:02:37.675+0000] {local_task_job_runner.py:266} INFO - Task exited with return code 0
[2024-11-09T18:02:37.696+0000] {taskinstance.py:3900} INFO - 0 downstream tasks scheduled from follow-on schedule check
[2024-11-09T18:02:37.699+0000] {local_task_job_runner.py:245} INFO - ::endgroup::
