[2024-11-09T17:55:22.178+0000] {local_task_job_runner.py:123} INFO - ::group::Pre task execution logs
[2024-11-09T17:55:22.196+0000] {taskinstance.py:2612} INFO - Dependencies all met for dep_context=non-requeueable deps ti=<TaskInstance: spotify_pipeline.repartition manual__2024-11-09T17:55:20.397979+00:00 [queued]>
[2024-11-09T17:55:22.204+0000] {taskinstance.py:2612} INFO - Dependencies all met for dep_context=requeueable deps ti=<TaskInstance: spotify_pipeline.repartition manual__2024-11-09T17:55:20.397979+00:00 [queued]>
[2024-11-09T17:55:22.206+0000] {taskinstance.py:2865} INFO - Starting attempt 1 of 1
[2024-11-09T17:55:22.221+0000] {taskinstance.py:2888} INFO - Executing <Task(SparkSubmitOperator): repartition> on 2024-11-09 17:55:20.397979+00:00
[2024-11-09T17:55:22.226+0000] {standard_task_runner.py:72} INFO - Started process 526 to run task
[2024-11-09T17:55:22.229+0000] {standard_task_runner.py:104} INFO - Running: ['***', 'tasks', 'run', 'spotify_pipeline', 'repartition', 'manual__2024-11-09T17:55:20.397979+00:00', '--job-id', '38', '--raw', '--subdir', 'DAGS_FOLDER/spotify_pipeline.py', '--cfg-path', '/tmp/tmp_86ljco1']
[2024-11-09T17:55:22.232+0000] {standard_task_runner.py:105} INFO - Job 38: Subtask repartition
[2024-11-09T17:55:22.272+0000] {task_command.py:467} INFO - Running <TaskInstance: spotify_pipeline.repartition manual__2024-11-09T17:55:20.397979+00:00 [running]> on host d2265ead819e
[2024-11-09T17:55:22.355+0000] {taskinstance.py:3131} INFO - Exporting env vars: AIRFLOW_CTX_DAG_OWNER='JK' AIRFLOW_CTX_DAG_ID='spotify_pipeline' AIRFLOW_CTX_TASK_ID='repartition' AIRFLOW_CTX_EXECUTION_DATE='2024-11-09T17:55:20.397979+00:00' AIRFLOW_CTX_TRY_NUMBER='1' AIRFLOW_CTX_DAG_RUN_ID='manual__2024-11-09T17:55:20.397979+00:00'
[2024-11-09T17:55:22.357+0000] {taskinstance.py:731} INFO - ::endgroup::
[2024-11-09T17:55:22.377+0000] {base.py:84} INFO - Retrieving connection 'spark-conn'
[2024-11-09T17:55:22.378+0000] {spark_submit.py:473} INFO - Spark-Submit cmd: spark-submit --master spark://172.23.0.3:7077 --name arrow-spark --deploy-mode client jobs/python/repartition_countries.py /opt/data/kaggle_spotify.csv 10 /opt/data/bronze/kaggle_spotify
[2024-11-09T17:55:25.400+0000] {spark_submit.py:634} INFO - 24/11/09 17:55:25 INFO SparkContext: Running Spark version 3.4.2
[2024-11-09T17:55:25.478+0000] {spark_submit.py:634} INFO - 24/11/09 17:55:25 WARN NativeCodeLoader: Unable to load native-hadoop library for your platform... using builtin-java classes where applicable
[2024-11-09T17:55:25.591+0000] {spark_submit.py:634} INFO - 24/11/09 17:55:25 INFO ResourceUtils: ==============================================================
[2024-11-09T17:55:25.592+0000] {spark_submit.py:634} INFO - 24/11/09 17:55:25 INFO ResourceUtils: No custom resources configured for spark.driver.
[2024-11-09T17:55:25.593+0000] {spark_submit.py:634} INFO - 24/11/09 17:55:25 INFO ResourceUtils: ==============================================================
[2024-11-09T17:55:25.595+0000] {spark_submit.py:634} INFO - 24/11/09 17:55:25 INFO SparkContext: Submitted application: RepartitionCountries
[2024-11-09T17:55:25.625+0000] {spark_submit.py:634} INFO - 24/11/09 17:55:25 INFO ResourceProfile: Default ResourceProfile created, executor resources: Map(memory -> name: memory, amount: 1024, script: , vendor: , offHeap -> name: offHeap, amount: 0, script: , vendor: ), task resources: Map(cpus -> name: cpus, amount: 1.0)
[2024-11-09T17:55:25.641+0000] {spark_submit.py:634} INFO - 24/11/09 17:55:25 INFO ResourceProfile: Limiting resource is cpu
[2024-11-09T17:55:25.643+0000] {spark_submit.py:634} INFO - 24/11/09 17:55:25 INFO ResourceProfileManager: Added ResourceProfile id: 0
[2024-11-09T17:55:25.717+0000] {spark_submit.py:634} INFO - 24/11/09 17:55:25 INFO SecurityManager: Changing view acls to: root
[2024-11-09T17:55:25.719+0000] {spark_submit.py:634} INFO - 24/11/09 17:55:25 INFO SecurityManager: Changing modify acls to: root
[2024-11-09T17:55:25.720+0000] {spark_submit.py:634} INFO - 24/11/09 17:55:25 INFO SecurityManager: Changing view acls groups to:
[2024-11-09T17:55:25.722+0000] {spark_submit.py:634} INFO - 24/11/09 17:55:25 INFO SecurityManager: Changing modify acls groups to:
[2024-11-09T17:55:25.724+0000] {spark_submit.py:634} INFO - 24/11/09 17:55:25 INFO SecurityManager: SecurityManager: authentication disabled; ui acls disabled; users with view permissions: root; groups with view permissions: EMPTY; users with modify permissions: root; groups with modify permissions: EMPTY
[2024-11-09T17:55:26.036+0000] {spark_submit.py:634} INFO - 24/11/09 17:55:26 INFO Utils: Successfully started service 'sparkDriver' on port 36525.
[2024-11-09T17:55:26.080+0000] {spark_submit.py:634} INFO - 24/11/09 17:55:26 INFO SparkEnv: Registering MapOutputTracker
[2024-11-09T17:55:26.128+0000] {spark_submit.py:634} INFO - 24/11/09 17:55:26 INFO SparkEnv: Registering BlockManagerMaster
[2024-11-09T17:55:26.161+0000] {spark_submit.py:634} INFO - 24/11/09 17:55:26 INFO BlockManagerMasterEndpoint: Using org.apache.spark.storage.DefaultTopologyMapper for getting topology information
[2024-11-09T17:55:26.164+0000] {spark_submit.py:634} INFO - 24/11/09 17:55:26 INFO BlockManagerMasterEndpoint: BlockManagerMasterEndpoint up
[2024-11-09T17:55:26.171+0000] {spark_submit.py:634} INFO - 24/11/09 17:55:26 INFO SparkEnv: Registering BlockManagerMasterHeartbeat
[2024-11-09T17:55:26.205+0000] {spark_submit.py:634} INFO - 24/11/09 17:55:26 INFO DiskBlockManager: Created local directory at /tmp/blockmgr-791f668b-7b7c-4e44-9591-0310fd877c1f
[2024-11-09T17:55:26.233+0000] {spark_submit.py:634} INFO - 24/11/09 17:55:26 INFO MemoryStore: MemoryStore started with capacity 434.4 MiB
[2024-11-09T17:55:26.259+0000] {spark_submit.py:634} INFO - 24/11/09 17:55:26 INFO SparkEnv: Registering OutputCommitCoordinator
[2024-11-09T17:55:26.457+0000] {spark_submit.py:634} INFO - 24/11/09 17:55:26 INFO JettyUtils: Start Jetty 0.0.0.0:4040 for SparkUI
[2024-11-09T17:55:26.531+0000] {spark_submit.py:634} INFO - 24/11/09 17:55:26 WARN Utils: Service 'SparkUI' could not bind on port 4040. Attempting port 4041.
[2024-11-09T17:55:26.549+0000] {spark_submit.py:634} INFO - 24/11/09 17:55:26 INFO Utils: Successfully started service 'SparkUI' on port 4041.
[2024-11-09T17:55:26.704+0000] {spark_submit.py:634} INFO - 24/11/09 17:55:26 INFO StandaloneAppClient$ClientEndpoint: Connecting to master spark://172.23.0.3:7077...
[2024-11-09T17:55:26.749+0000] {spark_submit.py:634} INFO - 24/11/09 17:55:26 WARN StandaloneAppClient$ClientEndpoint: Failed to connect to master 172.23.0.3:7077
[2024-11-09T17:55:26.750+0000] {spark_submit.py:634} INFO - org.apache.spark.SparkException: Exception thrown in awaitResult:
[2024-11-09T17:55:26.751+0000] {spark_submit.py:634} INFO - at org.apache.spark.util.ThreadUtils$.awaitResult(ThreadUtils.scala:322)
[2024-11-09T17:55:26.752+0000] {spark_submit.py:634} INFO - at org.apache.spark.rpc.RpcTimeout.awaitResult(RpcTimeout.scala:75)
[2024-11-09T17:55:26.753+0000] {spark_submit.py:634} INFO - at org.apache.spark.rpc.RpcEnv.setupEndpointRefByURI(RpcEnv.scala:102)
[2024-11-09T17:55:26.753+0000] {spark_submit.py:634} INFO - at org.apache.spark.rpc.RpcEnv.setupEndpointRef(RpcEnv.scala:110)
[2024-11-09T17:55:26.754+0000] {spark_submit.py:634} INFO - at org.apache.spark.deploy.client.StandaloneAppClient$ClientEndpoint$$anon$1.run(StandaloneAppClient.scala:108)
[2024-11-09T17:55:26.755+0000] {spark_submit.py:634} INFO - at java.base/java.util.concurrent.Executors$RunnableAdapter.call(Executors.java:539)
[2024-11-09T17:55:26.755+0000] {spark_submit.py:634} INFO - at java.base/java.util.concurrent.FutureTask.run(FutureTask.java:264)
[2024-11-09T17:55:26.756+0000] {spark_submit.py:634} INFO - at java.base/java.util.concurrent.ThreadPoolExecutor.runWorker(ThreadPoolExecutor.java:1136)
[2024-11-09T17:55:26.757+0000] {spark_submit.py:634} INFO - at java.base/java.util.concurrent.ThreadPoolExecutor$Worker.run(ThreadPoolExecutor.java:635)
[2024-11-09T17:55:26.758+0000] {spark_submit.py:634} INFO - at java.base/java.lang.Thread.run(Thread.java:840)
[2024-11-09T17:55:26.758+0000] {spark_submit.py:634} INFO - Caused by: java.io.IOException: Failed to connect to /172.23.0.3:7077
[2024-11-09T17:55:26.759+0000] {spark_submit.py:634} INFO - at org.apache.spark.network.client.TransportClientFactory.createClient(TransportClientFactory.java:294)
[2024-11-09T17:55:26.760+0000] {spark_submit.py:634} INFO - at org.apache.spark.network.client.TransportClientFactory.createClient(TransportClientFactory.java:214)
[2024-11-09T17:55:26.760+0000] {spark_submit.py:634} INFO - at org.apache.spark.network.client.TransportClientFactory.createClient(TransportClientFactory.java:226)
[2024-11-09T17:55:26.761+0000] {spark_submit.py:634} INFO - at org.apache.spark.rpc.netty.NettyRpcEnv.createClient(NettyRpcEnv.scala:204)
[2024-11-09T17:55:26.762+0000] {spark_submit.py:634} INFO - at org.apache.spark.rpc.netty.Outbox$$anon$1.call(Outbox.scala:202)
[2024-11-09T17:55:26.763+0000] {spark_submit.py:634} INFO - at org.apache.spark.rpc.netty.Outbox$$anon$1.call(Outbox.scala:198)
[2024-11-09T17:55:26.764+0000] {spark_submit.py:634} INFO - ... 4 more
[2024-11-09T17:55:26.764+0000] {spark_submit.py:634} INFO - Caused by: io.netty.channel.AbstractChannel$AnnotatedConnectException: Connection refused: /172.23.0.3:7077
[2024-11-09T17:55:26.765+0000] {spark_submit.py:634} INFO - Caused by: java.net.ConnectException: Connection refused
[2024-11-09T17:55:26.766+0000] {spark_submit.py:634} INFO - at java.base/sun.nio.ch.Net.pollConnect(Native Method)
[2024-11-09T17:55:26.766+0000] {spark_submit.py:634} INFO - at java.base/sun.nio.ch.Net.pollConnectNow(Net.java:672)
[2024-11-09T17:55:26.767+0000] {spark_submit.py:634} INFO - at java.base/sun.nio.ch.SocketChannelImpl.finishConnect(SocketChannelImpl.java:946)
[2024-11-09T17:55:26.768+0000] {spark_submit.py:634} INFO - at io.netty.channel.socket.nio.NioSocketChannel.doFinishConnect(NioSocketChannel.java:337)
[2024-11-09T17:55:26.768+0000] {spark_submit.py:634} INFO - at io.netty.channel.nio.AbstractNioChannel$AbstractNioUnsafe.finishConnect(AbstractNioChannel.java:334)
[2024-11-09T17:55:26.769+0000] {spark_submit.py:634} INFO - at io.netty.channel.nio.NioEventLoop.processSelectedKey(NioEventLoop.java:776)
[2024-11-09T17:55:26.770+0000] {spark_submit.py:634} INFO - at io.netty.channel.nio.NioEventLoop.processSelectedKeysOptimized(NioEventLoop.java:724)
[2024-11-09T17:55:26.771+0000] {spark_submit.py:634} INFO - at io.netty.channel.nio.NioEventLoop.processSelectedKeys(NioEventLoop.java:650)
[2024-11-09T17:55:26.772+0000] {spark_submit.py:634} INFO - at io.netty.channel.nio.NioEventLoop.run(NioEventLoop.java:562)
[2024-11-09T17:55:26.772+0000] {spark_submit.py:634} INFO - at io.netty.util.concurrent.SingleThreadEventExecutor$4.run(SingleThreadEventExecutor.java:997)
[2024-11-09T17:55:26.773+0000] {spark_submit.py:634} INFO - at io.netty.util.internal.ThreadExecutorMap$2.run(ThreadExecutorMap.java:74)
[2024-11-09T17:55:26.774+0000] {spark_submit.py:634} INFO - at io.netty.util.concurrent.FastThreadLocalRunnable.run(FastThreadLocalRunnable.java:30)
[2024-11-09T17:55:26.774+0000] {spark_submit.py:634} INFO - at java.base/java.lang.Thread.run(Thread.java:840)
[2024-11-09T17:55:46.704+0000] {spark_submit.py:634} INFO - 24/11/09 17:55:46 INFO StandaloneAppClient$ClientEndpoint: Connecting to master spark://172.23.0.3:7077...
[2024-11-09T17:55:46.708+0000] {spark_submit.py:634} INFO - 24/11/09 17:55:46 WARN StandaloneAppClient$ClientEndpoint: Failed to connect to master 172.23.0.3:7077
[2024-11-09T17:55:46.709+0000] {spark_submit.py:634} INFO - org.apache.spark.SparkException: Exception thrown in awaitResult:
[2024-11-09T17:55:46.710+0000] {spark_submit.py:634} INFO - at org.apache.spark.util.ThreadUtils$.awaitResult(ThreadUtils.scala:322)
[2024-11-09T17:55:46.711+0000] {spark_submit.py:634} INFO - at org.apache.spark.rpc.RpcTimeout.awaitResult(RpcTimeout.scala:75)
[2024-11-09T17:55:46.711+0000] {spark_submit.py:634} INFO - at org.apache.spark.rpc.RpcEnv.setupEndpointRefByURI(RpcEnv.scala:102)
[2024-11-09T17:55:46.712+0000] {spark_submit.py:634} INFO - at org.apache.spark.rpc.RpcEnv.setupEndpointRef(RpcEnv.scala:110)
[2024-11-09T17:55:46.713+0000] {spark_submit.py:634} INFO - at org.apache.spark.deploy.client.StandaloneAppClient$ClientEndpoint$$anon$1.run(StandaloneAppClient.scala:108)
[2024-11-09T17:55:46.713+0000] {spark_submit.py:634} INFO - at java.base/java.util.concurrent.Executors$RunnableAdapter.call(Executors.java:539)
[2024-11-09T17:55:46.714+0000] {spark_submit.py:634} INFO - at java.base/java.util.concurrent.FutureTask.run(FutureTask.java:264)
[2024-11-09T17:55:46.715+0000] {spark_submit.py:634} INFO - at java.base/java.util.concurrent.ThreadPoolExecutor.runWorker(ThreadPoolExecutor.java:1136)
[2024-11-09T17:55:46.716+0000] {spark_submit.py:634} INFO - at java.base/java.util.concurrent.ThreadPoolExecutor$Worker.run(ThreadPoolExecutor.java:635)
[2024-11-09T17:55:46.716+0000] {spark_submit.py:634} INFO - at java.base/java.lang.Thread.run(Thread.java:840)
[2024-11-09T17:55:46.717+0000] {spark_submit.py:634} INFO - Caused by: java.io.IOException: Failed to connect to /172.23.0.3:7077
[2024-11-09T17:55:46.718+0000] {spark_submit.py:634} INFO - at org.apache.spark.network.client.TransportClientFactory.createClient(TransportClientFactory.java:294)
[2024-11-09T17:55:46.718+0000] {spark_submit.py:634} INFO - at org.apache.spark.network.client.TransportClientFactory.createClient(TransportClientFactory.java:214)
[2024-11-09T17:55:46.719+0000] {spark_submit.py:634} INFO - at org.apache.spark.network.client.TransportClientFactory.createClient(TransportClientFactory.java:226)
[2024-11-09T17:55:46.720+0000] {spark_submit.py:634} INFO - at org.apache.spark.rpc.netty.NettyRpcEnv.createClient(NettyRpcEnv.scala:204)
[2024-11-09T17:55:46.721+0000] {spark_submit.py:634} INFO - at org.apache.spark.rpc.netty.Outbox$$anon$1.call(Outbox.scala:202)
[2024-11-09T17:55:46.721+0000] {spark_submit.py:634} INFO - at org.apache.spark.rpc.netty.Outbox$$anon$1.call(Outbox.scala:198)
[2024-11-09T17:55:46.722+0000] {spark_submit.py:634} INFO - ... 4 more
[2024-11-09T17:55:46.723+0000] {spark_submit.py:634} INFO - Caused by: io.netty.channel.AbstractChannel$AnnotatedConnectException: Connection refused: /172.23.0.3:7077
[2024-11-09T17:55:46.724+0000] {spark_submit.py:634} INFO - Caused by: java.net.ConnectException: Connection refused
[2024-11-09T17:55:46.724+0000] {spark_submit.py:634} INFO - at java.base/sun.nio.ch.Net.pollConnect(Native Method)
[2024-11-09T17:55:46.725+0000] {spark_submit.py:634} INFO - at java.base/sun.nio.ch.Net.pollConnectNow(Net.java:672)
[2024-11-09T17:55:46.726+0000] {spark_submit.py:634} INFO - at java.base/sun.nio.ch.SocketChannelImpl.finishConnect(SocketChannelImpl.java:946)
[2024-11-09T17:55:46.726+0000] {spark_submit.py:634} INFO - at io.netty.channel.socket.nio.NioSocketChannel.doFinishConnect(NioSocketChannel.java:337)
[2024-11-09T17:55:46.727+0000] {spark_submit.py:634} INFO - at io.netty.channel.nio.AbstractNioChannel$AbstractNioUnsafe.finishConnect(AbstractNioChannel.java:334)
[2024-11-09T17:55:46.728+0000] {spark_submit.py:634} INFO - at io.netty.channel.nio.NioEventLoop.processSelectedKey(NioEventLoop.java:776)
[2024-11-09T17:55:46.728+0000] {spark_submit.py:634} INFO - at io.netty.channel.nio.NioEventLoop.processSelectedKeysOptimized(NioEventLoop.java:724)
[2024-11-09T17:55:46.729+0000] {spark_submit.py:634} INFO - at io.netty.channel.nio.NioEventLoop.processSelectedKeys(NioEventLoop.java:650)
[2024-11-09T17:55:46.730+0000] {spark_submit.py:634} INFO - at io.netty.channel.nio.NioEventLoop.run(NioEventLoop.java:562)
[2024-11-09T17:55:46.731+0000] {spark_submit.py:634} INFO - at io.netty.util.concurrent.SingleThreadEventExecutor$4.run(SingleThreadEventExecutor.java:997)
[2024-11-09T17:55:46.731+0000] {spark_submit.py:634} INFO - at io.netty.util.internal.ThreadExecutorMap$2.run(ThreadExecutorMap.java:74)
[2024-11-09T17:55:46.732+0000] {spark_submit.py:634} INFO - at io.netty.util.concurrent.FastThreadLocalRunnable.run(FastThreadLocalRunnable.java:30)
[2024-11-09T17:55:46.733+0000] {spark_submit.py:634} INFO - at java.base/java.lang.Thread.run(Thread.java:840)
[2024-11-09T17:56:06.705+0000] {spark_submit.py:634} INFO - 24/11/09 17:56:06 INFO StandaloneAppClient$ClientEndpoint: Connecting to master spark://172.23.0.3:7077...
[2024-11-09T17:56:06.708+0000] {spark_submit.py:634} INFO - 24/11/09 17:56:06 WARN StandaloneAppClient$ClientEndpoint: Failed to connect to master 172.23.0.3:7077
[2024-11-09T17:56:06.710+0000] {spark_submit.py:634} INFO - org.apache.spark.SparkException: Exception thrown in awaitResult:
[2024-11-09T17:56:06.710+0000] {spark_submit.py:634} INFO - at org.apache.spark.util.ThreadUtils$.awaitResult(ThreadUtils.scala:322)
[2024-11-09T17:56:06.711+0000] {spark_submit.py:634} INFO - at org.apache.spark.rpc.RpcTimeout.awaitResult(RpcTimeout.scala:75)
[2024-11-09T17:56:06.712+0000] {spark_submit.py:634} INFO - at org.apache.spark.rpc.RpcEnv.setupEndpointRefByURI(RpcEnv.scala:102)
[2024-11-09T17:56:06.713+0000] {spark_submit.py:634} INFO - at org.apache.spark.rpc.RpcEnv.setupEndpointRef(RpcEnv.scala:110)
[2024-11-09T17:56:06.714+0000] {spark_submit.py:634} INFO - at org.apache.spark.deploy.client.StandaloneAppClient$ClientEndpoint$$anon$1.run(StandaloneAppClient.scala:108)
[2024-11-09T17:56:06.715+0000] {spark_submit.py:634} INFO - at java.base/java.util.concurrent.Executors$RunnableAdapter.call(Executors.java:539)
[2024-11-09T17:56:06.715+0000] {spark_submit.py:634} INFO - at java.base/java.util.concurrent.FutureTask.run(FutureTask.java:264)
[2024-11-09T17:56:06.716+0000] {spark_submit.py:634} INFO - at java.base/java.util.concurrent.ThreadPoolExecutor.runWorker(ThreadPoolExecutor.java:1136)
[2024-11-09T17:56:06.717+0000] {spark_submit.py:634} INFO - at java.base/java.util.concurrent.ThreadPoolExecutor$Worker.run(ThreadPoolExecutor.java:635)
[2024-11-09T17:56:06.718+0000] {spark_submit.py:634} INFO - at java.base/java.lang.Thread.run(Thread.java:840)
[2024-11-09T17:56:06.718+0000] {spark_submit.py:634} INFO - Caused by: java.io.IOException: Failed to connect to /172.23.0.3:7077
[2024-11-09T17:56:06.719+0000] {spark_submit.py:634} INFO - at org.apache.spark.network.client.TransportClientFactory.createClient(TransportClientFactory.java:294)
[2024-11-09T17:56:06.719+0000] {spark_submit.py:634} INFO - at org.apache.spark.network.client.TransportClientFactory.createClient(TransportClientFactory.java:214)
[2024-11-09T17:56:06.720+0000] {spark_submit.py:634} INFO - at org.apache.spark.network.client.TransportClientFactory.createClient(TransportClientFactory.java:226)
[2024-11-09T17:56:06.721+0000] {spark_submit.py:634} INFO - at org.apache.spark.rpc.netty.NettyRpcEnv.createClient(NettyRpcEnv.scala:204)
[2024-11-09T17:56:06.722+0000] {spark_submit.py:634} INFO - at org.apache.spark.rpc.netty.Outbox$$anon$1.call(Outbox.scala:202)
[2024-11-09T17:56:06.722+0000] {spark_submit.py:634} INFO - at org.apache.spark.rpc.netty.Outbox$$anon$1.call(Outbox.scala:198)
[2024-11-09T17:56:06.723+0000] {spark_submit.py:634} INFO - ... 4 more
[2024-11-09T17:56:06.723+0000] {spark_submit.py:634} INFO - Caused by: io.netty.channel.AbstractChannel$AnnotatedConnectException: Connection refused: /172.23.0.3:7077
[2024-11-09T17:56:06.724+0000] {spark_submit.py:634} INFO - Caused by: java.net.ConnectException: Connection refused
[2024-11-09T17:56:06.725+0000] {spark_submit.py:634} INFO - at java.base/sun.nio.ch.Net.pollConnect(Native Method)
[2024-11-09T17:56:06.725+0000] {spark_submit.py:634} INFO - at java.base/sun.nio.ch.Net.pollConnectNow(Net.java:672)
[2024-11-09T17:56:06.726+0000] {spark_submit.py:634} INFO - at java.base/sun.nio.ch.SocketChannelImpl.finishConnect(SocketChannelImpl.java:946)
[2024-11-09T17:56:06.726+0000] {spark_submit.py:634} INFO - at io.netty.channel.socket.nio.NioSocketChannel.doFinishConnect(NioSocketChannel.java:337)
[2024-11-09T17:56:06.727+0000] {spark_submit.py:634} INFO - at io.netty.channel.nio.AbstractNioChannel$AbstractNioUnsafe.finishConnect(AbstractNioChannel.java:334)
[2024-11-09T17:56:06.728+0000] {spark_submit.py:634} INFO - at io.netty.channel.nio.NioEventLoop.processSelectedKey(NioEventLoop.java:776)
[2024-11-09T17:56:06.729+0000] {spark_submit.py:634} INFO - at io.netty.channel.nio.NioEventLoop.processSelectedKeysOptimized(NioEventLoop.java:724)
[2024-11-09T17:56:06.729+0000] {spark_submit.py:634} INFO - at io.netty.channel.nio.NioEventLoop.processSelectedKeys(NioEventLoop.java:650)
[2024-11-09T17:56:06.730+0000] {spark_submit.py:634} INFO - at io.netty.channel.nio.NioEventLoop.run(NioEventLoop.java:562)
[2024-11-09T17:56:06.731+0000] {spark_submit.py:634} INFO - at io.netty.util.concurrent.SingleThreadEventExecutor$4.run(SingleThreadEventExecutor.java:997)
[2024-11-09T17:56:06.731+0000] {spark_submit.py:634} INFO - at io.netty.util.internal.ThreadExecutorMap$2.run(ThreadExecutorMap.java:74)
[2024-11-09T17:56:06.732+0000] {spark_submit.py:634} INFO - at io.netty.util.concurrent.FastThreadLocalRunnable.run(FastThreadLocalRunnable.java:30)
[2024-11-09T17:56:06.733+0000] {spark_submit.py:634} INFO - at java.base/java.lang.Thread.run(Thread.java:840)
[2024-11-09T17:56:26.705+0000] {spark_submit.py:634} INFO - 24/11/09 17:56:26 WARN StandaloneSchedulerBackend: Application ID is not initialized yet.
[2024-11-09T17:56:26.707+0000] {spark_submit.py:634} INFO - 24/11/09 17:56:26 ERROR StandaloneSchedulerBackend: Application has been killed. Reason: All masters are unresponsive! Giving up.
[2024-11-09T17:56:26.712+0000] {spark_submit.py:634} INFO - 24/11/09 17:56:26 INFO Utils: Successfully started service 'org.apache.spark.network.netty.NettyBlockTransferService' on port 38557.
[2024-11-09T17:56:26.713+0000] {spark_submit.py:634} INFO - 24/11/09 17:56:26 INFO NettyBlockTransferService: Server created on d2265ead819e:38557
[2024-11-09T17:56:26.715+0000] {spark_submit.py:634} INFO - 24/11/09 17:56:26 INFO BlockManager: Using org.apache.spark.storage.RandomBlockReplicationPolicy for block replication policy
[2024-11-09T17:56:26.723+0000] {spark_submit.py:634} INFO - 24/11/09 17:56:26 INFO BlockManagerMaster: Registering BlockManager BlockManagerId(driver, d2265ead819e, 38557, None)
[2024-11-09T17:56:26.727+0000] {spark_submit.py:634} INFO - 24/11/09 17:56:26 INFO BlockManagerMasterEndpoint: Registering block manager d2265ead819e:38557 with 434.4 MiB RAM, BlockManagerId(driver, d2265ead819e, 38557, None)
[2024-11-09T17:56:26.729+0000] {spark_submit.py:634} INFO - 24/11/09 17:56:26 INFO BlockManagerMaster: Registered BlockManager BlockManagerId(driver, d2265ead819e, 38557, None)
[2024-11-09T17:56:26.731+0000] {spark_submit.py:634} INFO - 24/11/09 17:56:26 INFO BlockManager: Initialized BlockManager: BlockManagerId(driver, d2265ead819e, 38557, None)
[2024-11-09T17:56:26.918+0000] {spark_submit.py:634} INFO - 24/11/09 17:56:26 INFO StandaloneSchedulerBackend: SchedulerBackend is ready for scheduling beginning after reached minRegisteredResourcesRatio: 0.0
[2024-11-09T17:56:27.254+0000] {spark_submit.py:634} INFO - 24/11/09 17:56:27 INFO SparkContext: SparkContext is stopping with exitCode 0.
[2024-11-09T17:56:27.266+0000] {spark_submit.py:634} INFO - 24/11/09 17:56:27 INFO SparkUI: Stopped Spark web UI at http://d2265ead819e:4041
[2024-11-09T17:56:27.272+0000] {spark_submit.py:634} INFO - 24/11/09 17:56:27 INFO StandaloneSchedulerBackend: Shutting down all executors
[2024-11-09T17:56:27.276+0000] {spark_submit.py:634} INFO - 24/11/09 17:56:27 INFO StandaloneSchedulerBackend$StandaloneDriverEndpoint: Asking each executor to shut down
[2024-11-09T17:56:27.281+0000] {spark_submit.py:634} INFO - 24/11/09 17:56:27 WARN StandaloneAppClient$ClientEndpoint: Drop UnregisterApplication(null) because has not yet connected to master
[2024-11-09T17:56:27.291+0000] {spark_submit.py:634} INFO - 24/11/09 17:56:27 INFO MapOutputTrackerMasterEndpoint: MapOutputTrackerMasterEndpoint stopped!
[2024-11-09T17:56:27.304+0000] {spark_submit.py:634} INFO - 24/11/09 17:56:27 INFO MemoryStore: MemoryStore cleared
[2024-11-09T17:56:27.305+0000] {spark_submit.py:634} INFO - 24/11/09 17:56:27 INFO BlockManager: BlockManager stopped
[2024-11-09T17:56:27.310+0000] {spark_submit.py:634} INFO - 24/11/09 17:56:27 INFO SharedState: Setting hive.metastore.warehouse.dir ('null') to the value of spark.sql.warehouse.dir.
[2024-11-09T17:56:27.312+0000] {spark_submit.py:634} INFO - 24/11/09 17:56:27 INFO BlockManagerMaster: BlockManagerMaster stopped
[2024-11-09T17:56:27.314+0000] {spark_submit.py:634} INFO - 24/11/09 17:56:27 INFO OutputCommitCoordinator$OutputCommitCoordinatorEndpoint: OutputCommitCoordinator stopped!
[2024-11-09T17:56:27.326+0000] {spark_submit.py:634} INFO - 24/11/09 17:56:27 INFO SharedState: Warehouse path is 'file:/opt/***/spark-warehouse'.
[2024-11-09T17:56:27.327+0000] {spark_submit.py:634} INFO - 24/11/09 17:56:27 INFO SparkContext: Successfully stopped SparkContext
[2024-11-09T17:56:27.371+0000] {spark_submit.py:634} INFO - Traceback (most recent call last):
[2024-11-09T17:56:27.372+0000] {spark_submit.py:634} INFO - File "/opt/***/jobs/python/repartition_countries.py", line 10, in <module>
[2024-11-09T17:56:27.374+0000] {spark_submit.py:634} INFO - df = spark.read.csv(input_file, header=True, inferSchema=True)
[2024-11-09T17:56:27.375+0000] {spark_submit.py:634} INFO - ^^^^^^^^^^
[2024-11-09T17:56:27.376+0000] {spark_submit.py:634} INFO - File "/home/***/.local/lib/python3.11/site-packages/pyspark/python/lib/pyspark.zip/pyspark/sql/session.py", line 1515, in read
[2024-11-09T17:56:27.376+0000] {spark_submit.py:634} INFO - File "/home/***/.local/lib/python3.11/site-packages/pyspark/python/lib/pyspark.zip/pyspark/sql/readwriter.py", line 69, in __init__
[2024-11-09T17:56:27.377+0000] {spark_submit.py:634} INFO - File "/home/***/.local/lib/python3.11/site-packages/pyspark/python/lib/py4j-0.10.9.7-src.zip/py4j/java_gateway.py", line 1322, in __call__
[2024-11-09T17:56:27.378+0000] {spark_submit.py:634} INFO - File "/home/***/.local/lib/python3.11/site-packages/pyspark/python/lib/pyspark.zip/pyspark/errors/exceptions/captured.py", line 169, in deco
[2024-11-09T17:56:27.379+0000] {spark_submit.py:634} INFO - File "/home/***/.local/lib/python3.11/site-packages/pyspark/python/lib/py4j-0.10.9.7-src.zip/py4j/protocol.py", line 326, in get_return_value
[2024-11-09T17:56:27.380+0000] {spark_submit.py:634} INFO - py4j.protocol.Py4JJavaError: An error occurred while calling o23.read.
[2024-11-09T17:56:27.381+0000] {spark_submit.py:634} INFO - : java.lang.IllegalStateException: LiveListenerBus is stopped.
[2024-11-09T17:56:27.382+0000] {spark_submit.py:634} INFO - at org.apache.spark.scheduler.LiveListenerBus.addToQueue(LiveListenerBus.scala:98)
[2024-11-09T17:56:27.383+0000] {spark_submit.py:634} INFO - at org.apache.spark.scheduler.LiveListenerBus.addToStatusQueue(LiveListenerBus.scala:81)
[2024-11-09T17:56:27.384+0000] {spark_submit.py:634} INFO - at org.apache.spark.sql.internal.SharedState.<init>(SharedState.scala:115)
[2024-11-09T17:56:27.385+0000] {spark_submit.py:634} INFO - at org.apache.spark.sql.SparkSession.$anonfun$sharedState$1(SparkSession.scala:144)
[2024-11-09T17:56:27.385+0000] {spark_submit.py:634} INFO - at scala.Option.getOrElse(Option.scala:189)
[2024-11-09T17:56:27.386+0000] {spark_submit.py:634} INFO - at org.apache.spark.sql.SparkSession.sharedState$lzycompute(SparkSession.scala:144)
[2024-11-09T17:56:27.387+0000] {spark_submit.py:634} INFO - at org.apache.spark.sql.SparkSession.sharedState(SparkSession.scala:143)
[2024-11-09T17:56:27.388+0000] {spark_submit.py:634} INFO - at org.apache.spark.sql.SparkSession.$anonfun$sessionState$2(SparkSession.scala:163)
[2024-11-09T17:56:27.389+0000] {spark_submit.py:634} INFO - at scala.Option.getOrElse(Option.scala:189)
[2024-11-09T17:56:27.389+0000] {spark_submit.py:634} INFO - at org.apache.spark.sql.SparkSession.sessionState$lzycompute(SparkSession.scala:161)
[2024-11-09T17:56:27.390+0000] {spark_submit.py:634} INFO - at org.apache.spark.sql.SparkSession.sessionState(SparkSession.scala:158)
[2024-11-09T17:56:27.391+0000] {spark_submit.py:634} INFO - at org.apache.spark.sql.DataFrameReader.<init>(DataFrameReader.scala:699)
[2024-11-09T17:56:27.392+0000] {spark_submit.py:634} INFO - at org.apache.spark.sql.SparkSession.read(SparkSession.scala:710)
[2024-11-09T17:56:27.392+0000] {spark_submit.py:634} INFO - at java.base/jdk.internal.reflect.NativeMethodAccessorImpl.invoke0(Native Method)
[2024-11-09T17:56:27.393+0000] {spark_submit.py:634} INFO - at java.base/jdk.internal.reflect.NativeMethodAccessorImpl.invoke(NativeMethodAccessorImpl.java:77)
[2024-11-09T17:56:27.394+0000] {spark_submit.py:634} INFO - at java.base/jdk.internal.reflect.DelegatingMethodAccessorImpl.invoke(DelegatingMethodAccessorImpl.java:43)
[2024-11-09T17:56:27.395+0000] {spark_submit.py:634} INFO - at java.base/java.lang.reflect.Method.invoke(Method.java:569)
[2024-11-09T17:56:27.396+0000] {spark_submit.py:634} INFO - at py4j.reflection.MethodInvoker.invoke(MethodInvoker.java:244)
[2024-11-09T17:56:27.397+0000] {spark_submit.py:634} INFO - at py4j.reflection.ReflectionEngine.invoke(ReflectionEngine.java:374)
[2024-11-09T17:56:27.397+0000] {spark_submit.py:634} INFO - at py4j.Gateway.invoke(Gateway.java:282)
[2024-11-09T17:56:27.398+0000] {spark_submit.py:634} INFO - at py4j.commands.AbstractCommand.invokeMethod(AbstractCommand.java:132)
[2024-11-09T17:56:27.399+0000] {spark_submit.py:634} INFO - at py4j.commands.CallCommand.execute(CallCommand.java:79)
[2024-11-09T17:56:27.400+0000] {spark_submit.py:634} INFO - at py4j.ClientServerConnection.waitForCommands(ClientServerConnection.java:182)
[2024-11-09T17:56:27.400+0000] {spark_submit.py:634} INFO - at py4j.ClientServerConnection.run(ClientServerConnection.java:106)
[2024-11-09T17:56:27.401+0000] {spark_submit.py:634} INFO - at java.base/java.lang.Thread.run(Thread.java:840)
[2024-11-09T17:56:27.402+0000] {spark_submit.py:634} INFO - 
[2024-11-09T17:56:27.435+0000] {spark_submit.py:634} INFO - 24/11/09 17:56:27 INFO ShutdownHookManager: Shutdown hook called
[2024-11-09T17:56:27.437+0000] {spark_submit.py:634} INFO - 24/11/09 17:56:27 INFO ShutdownHookManager: Deleting directory /tmp/spark-46e4b681-e9f9-4ebe-b048-158268cdfe3b
[2024-11-09T17:56:27.439+0000] {spark_submit.py:634} INFO - 24/11/09 17:56:27 INFO ShutdownHookManager: Deleting directory /tmp/spark-46e4b681-e9f9-4ebe-b048-158268cdfe3b/pyspark-42437f64-2be5-42cb-99a9-85428fa37c0a
[2024-11-09T17:56:27.442+0000] {spark_submit.py:634} INFO - 24/11/09 17:56:27 INFO ShutdownHookManager: Deleting directory /tmp/spark-4d5dc94d-2731-400d-971b-3a420f568e54
[2024-11-09T17:56:27.490+0000] {taskinstance.py:3310} ERROR - Task failed with exception
Traceback (most recent call last):
  File "/home/airflow/.local/lib/python3.11/site-packages/airflow/models/taskinstance.py", line 767, in _execute_task
    result = _execute_callable(context=context, **execute_callable_kwargs)
             ^^^^^^^^^^^^^^^^^^^^^^^^^^^^^^^^^^^^^^^^^^^^^^^^^^^^^^^^^^^^^
  File "/home/airflow/.local/lib/python3.11/site-packages/airflow/models/taskinstance.py", line 733, in _execute_callable
    return ExecutionCallableRunner(
           ^^^^^^^^^^^^^^^^^^^^^^^^
  File "/home/airflow/.local/lib/python3.11/site-packages/airflow/utils/operator_helpers.py", line 252, in run
    return self.func(*args, **kwargs)
           ^^^^^^^^^^^^^^^^^^^^^^^^^^
  File "/home/airflow/.local/lib/python3.11/site-packages/airflow/models/baseoperator.py", line 406, in wrapper
    return func(self, *args, **kwargs)
           ^^^^^^^^^^^^^^^^^^^^^^^^^^^
  File "/home/airflow/.local/lib/python3.11/site-packages/airflow/providers/apache/spark/operators/spark_submit.py", line 176, in execute
    self._hook.submit(self.application)
  File "/home/airflow/.local/lib/python3.11/site-packages/airflow/providers/apache/spark/hooks/spark_submit.py", line 560, in submit
    raise AirflowException(
airflow.exceptions.AirflowException: Cannot execute: spark-submit --master spark://172.23.0.3:7077 --name arrow-spark --deploy-mode client jobs/python/repartition_countries.py /opt/data/kaggle_spotify.csv 10 /opt/data/bronze/kaggle_spotify. Error code is: 1.
[2024-11-09T17:56:27.494+0000] {taskinstance.py:1225} INFO - Marking task as FAILED. dag_id=spotify_pipeline, task_id=repartition, run_id=manual__2024-11-09T17:55:20.397979+00:00, execution_date=20241109T175520, start_date=20241109T175522, end_date=20241109T175627
[2024-11-09T17:56:27.504+0000] {taskinstance.py:340} INFO - ::group::Post task execution logs
[2024-11-09T17:56:27.505+0000] {standard_task_runner.py:124} ERROR - Failed to execute job 38 for task repartition (Cannot execute: spark-submit --master spark://172.23.0.3:7077 --name arrow-spark --deploy-mode client jobs/python/repartition_countries.py /opt/data/kaggle_spotify.csv 10 /opt/data/bronze/kaggle_spotify. Error code is: 1.; 526)
Traceback (most recent call last):
  File "/home/airflow/.local/lib/python3.11/site-packages/airflow/task/task_runner/standard_task_runner.py", line 117, in _start_by_fork
    ret = args.func(args, dag=self.dag)
          ^^^^^^^^^^^^^^^^^^^^^^^^^^^^^
  File "/home/airflow/.local/lib/python3.11/site-packages/airflow/cli/cli_config.py", line 49, in command
    return func(*args, **kwargs)
           ^^^^^^^^^^^^^^^^^^^^^
  File "/home/airflow/.local/lib/python3.11/site-packages/airflow/utils/cli.py", line 115, in wrapper
    return f(*args, **kwargs)
           ^^^^^^^^^^^^^^^^^^
  File "/home/airflow/.local/lib/python3.11/site-packages/airflow/cli/commands/task_command.py", line 483, in task_run
    task_return_code = _run_task_by_selected_method(args, _dag, ti)
                       ^^^^^^^^^^^^^^^^^^^^^^^^^^^^^^^^^^^^^^^^^^^^
  File "/home/airflow/.local/lib/python3.11/site-packages/airflow/cli/commands/task_command.py", line 256, in _run_task_by_selected_method
    return _run_raw_task(args, ti)
           ^^^^^^^^^^^^^^^^^^^^^^^
  File "/home/airflow/.local/lib/python3.11/site-packages/airflow/cli/commands/task_command.py", line 341, in _run_raw_task
    return ti._run_raw_task(
           ^^^^^^^^^^^^^^^^^
  File "/home/airflow/.local/lib/python3.11/site-packages/airflow/utils/session.py", line 97, in wrapper
    return func(*args, session=session, **kwargs)
           ^^^^^^^^^^^^^^^^^^^^^^^^^^^^^^^^^^^^^^
  File "/home/airflow/.local/lib/python3.11/site-packages/airflow/models/taskinstance.py", line 3004, in _run_raw_task
    return _run_raw_task(
           ^^^^^^^^^^^^^^
  File "/home/airflow/.local/lib/python3.11/site-packages/airflow/models/taskinstance.py", line 273, in _run_raw_task
    TaskInstance._execute_task_with_callbacks(
  File "/home/airflow/.local/lib/python3.11/site-packages/airflow/models/taskinstance.py", line 3158, in _execute_task_with_callbacks
    result = self._execute_task(context, task_orig)
             ^^^^^^^^^^^^^^^^^^^^^^^^^^^^^^^^^^^^^^
  File "/home/airflow/.local/lib/python3.11/site-packages/airflow/models/taskinstance.py", line 3182, in _execute_task
    return _execute_task(self, context, task_orig)
           ^^^^^^^^^^^^^^^^^^^^^^^^^^^^^^^^^^^^^^^
  File "/home/airflow/.local/lib/python3.11/site-packages/airflow/models/taskinstance.py", line 767, in _execute_task
    result = _execute_callable(context=context, **execute_callable_kwargs)
             ^^^^^^^^^^^^^^^^^^^^^^^^^^^^^^^^^^^^^^^^^^^^^^^^^^^^^^^^^^^^^
  File "/home/airflow/.local/lib/python3.11/site-packages/airflow/models/taskinstance.py", line 733, in _execute_callable
    return ExecutionCallableRunner(
           ^^^^^^^^^^^^^^^^^^^^^^^^
  File "/home/airflow/.local/lib/python3.11/site-packages/airflow/utils/operator_helpers.py", line 252, in run
    return self.func(*args, **kwargs)
           ^^^^^^^^^^^^^^^^^^^^^^^^^^
  File "/home/airflow/.local/lib/python3.11/site-packages/airflow/models/baseoperator.py", line 406, in wrapper
    return func(self, *args, **kwargs)
           ^^^^^^^^^^^^^^^^^^^^^^^^^^^
  File "/home/airflow/.local/lib/python3.11/site-packages/airflow/providers/apache/spark/operators/spark_submit.py", line 176, in execute
    self._hook.submit(self.application)
  File "/home/airflow/.local/lib/python3.11/site-packages/airflow/providers/apache/spark/hooks/spark_submit.py", line 560, in submit
    raise AirflowException(
airflow.exceptions.AirflowException: Cannot execute: spark-submit --master spark://172.23.0.3:7077 --name arrow-spark --deploy-mode client jobs/python/repartition_countries.py /opt/data/kaggle_spotify.csv 10 /opt/data/bronze/kaggle_spotify. Error code is: 1.
[2024-11-09T17:56:27.523+0000] {local_task_job_runner.py:266} INFO - Task exited with return code 1
[2024-11-09T17:56:27.537+0000] {taskinstance.py:3900} INFO - 0 downstream tasks scheduled from follow-on schedule check
[2024-11-09T17:56:27.540+0000] {local_task_job_runner.py:245} INFO - ::endgroup::
