[2024-11-09T17:52:14.564+0000] {local_task_job_runner.py:123} INFO - ::group::Pre task execution logs
[2024-11-09T17:52:14.582+0000] {taskinstance.py:2612} INFO - Dependencies all met for dep_context=non-requeueable deps ti=<TaskInstance: spotify_pipeline.health_check manual__2024-11-09T17:52:13.239644+00:00 [queued]>
[2024-11-09T17:52:14.591+0000] {taskinstance.py:2612} INFO - Dependencies all met for dep_context=requeueable deps ti=<TaskInstance: spotify_pipeline.health_check manual__2024-11-09T17:52:13.239644+00:00 [queued]>
[2024-11-09T17:52:14.592+0000] {taskinstance.py:2865} INFO - Starting attempt 1 of 1
[2024-11-09T17:52:14.605+0000] {taskinstance.py:2888} INFO - Executing <Task(SparkSubmitOperator): health_check> on 2024-11-09 17:52:13.239644+00:00
[2024-11-09T17:52:14.611+0000] {standard_task_runner.py:72} INFO - Started process 207 to run task
[2024-11-09T17:52:14.613+0000] {standard_task_runner.py:104} INFO - Running: ['***', 'tasks', 'run', 'spotify_pipeline', 'health_check', 'manual__2024-11-09T17:52:13.239644+00:00', '--job-id', '32', '--raw', '--subdir', 'DAGS_FOLDER/spotify_pipeline.py', '--cfg-path', '/tmp/tmph4pnxcrd']
[2024-11-09T17:52:14.615+0000] {standard_task_runner.py:105} INFO - Job 32: Subtask health_check
[2024-11-09T17:52:14.659+0000] {task_command.py:467} INFO - Running <TaskInstance: spotify_pipeline.health_check manual__2024-11-09T17:52:13.239644+00:00 [running]> on host d2265ead819e
[2024-11-09T17:52:14.741+0000] {taskinstance.py:3131} INFO - Exporting env vars: AIRFLOW_CTX_DAG_OWNER='JK' AIRFLOW_CTX_DAG_ID='spotify_pipeline' AIRFLOW_CTX_TASK_ID='health_check' AIRFLOW_CTX_EXECUTION_DATE='2024-11-09T17:52:13.239644+00:00' AIRFLOW_CTX_TRY_NUMBER='1' AIRFLOW_CTX_DAG_RUN_ID='manual__2024-11-09T17:52:13.239644+00:00'
[2024-11-09T17:52:14.742+0000] {taskinstance.py:731} INFO - ::endgroup::
[2024-11-09T17:52:14.762+0000] {base.py:84} INFO - Retrieving connection 'spark-conn'
[2024-11-09T17:52:14.764+0000] {spark_submit.py:473} INFO - Spark-Submit cmd: spark-submit --master spark://172.23.0.3:7077 --name arrow-spark --deploy-mode client jobs/python/health_check.py
[2024-11-09T17:52:17.248+0000] {spark_submit.py:634} INFO - 24/11/09 17:52:17 INFO SparkContext: Running Spark version 3.4.2
[2024-11-09T17:52:17.303+0000] {spark_submit.py:634} INFO - 24/11/09 17:52:17 WARN NativeCodeLoader: Unable to load native-hadoop library for your platform... using builtin-java classes where applicable
[2024-11-09T17:52:17.403+0000] {spark_submit.py:634} INFO - 24/11/09 17:52:17 INFO ResourceUtils: ==============================================================
[2024-11-09T17:52:17.404+0000] {spark_submit.py:634} INFO - 24/11/09 17:52:17 INFO ResourceUtils: No custom resources configured for spark.driver.
[2024-11-09T17:52:17.405+0000] {spark_submit.py:634} INFO - 24/11/09 17:52:17 INFO ResourceUtils: ==============================================================
[2024-11-09T17:52:17.407+0000] {spark_submit.py:634} INFO - 24/11/09 17:52:17 INFO SparkContext: Submitted application: HealthCheck
[2024-11-09T17:52:17.428+0000] {spark_submit.py:634} INFO - 24/11/09 17:52:17 INFO ResourceProfile: Default ResourceProfile created, executor resources: Map(memory -> name: memory, amount: 1024, script: , vendor: , offHeap -> name: offHeap, amount: 0, script: , vendor: ), task resources: Map(cpus -> name: cpus, amount: 1.0)
[2024-11-09T17:52:17.437+0000] {spark_submit.py:634} INFO - 24/11/09 17:52:17 INFO ResourceProfile: Limiting resource is cpu
[2024-11-09T17:52:17.438+0000] {spark_submit.py:634} INFO - 24/11/09 17:52:17 INFO ResourceProfileManager: Added ResourceProfile id: 0
[2024-11-09T17:52:17.483+0000] {spark_submit.py:634} INFO - 24/11/09 17:52:17 INFO SecurityManager: Changing view acls to: root
[2024-11-09T17:52:17.484+0000] {spark_submit.py:634} INFO - 24/11/09 17:52:17 INFO SecurityManager: Changing modify acls to: root
[2024-11-09T17:52:17.485+0000] {spark_submit.py:634} INFO - 24/11/09 17:52:17 INFO SecurityManager: Changing view acls groups to:
[2024-11-09T17:52:17.486+0000] {spark_submit.py:634} INFO - 24/11/09 17:52:17 INFO SecurityManager: Changing modify acls groups to:
[2024-11-09T17:52:17.487+0000] {spark_submit.py:634} INFO - 24/11/09 17:52:17 INFO SecurityManager: SecurityManager: authentication disabled; ui acls disabled; users with view permissions: root; groups with view permissions: EMPTY; users with modify permissions: root; groups with modify permissions: EMPTY
[2024-11-09T17:52:17.727+0000] {spark_submit.py:634} INFO - 24/11/09 17:52:17 INFO Utils: Successfully started service 'sparkDriver' on port 39267.
[2024-11-09T17:52:17.753+0000] {spark_submit.py:634} INFO - 24/11/09 17:52:17 INFO SparkEnv: Registering MapOutputTracker
[2024-11-09T17:52:17.785+0000] {spark_submit.py:634} INFO - 24/11/09 17:52:17 INFO SparkEnv: Registering BlockManagerMaster
[2024-11-09T17:52:17.802+0000] {spark_submit.py:634} INFO - 24/11/09 17:52:17 INFO BlockManagerMasterEndpoint: Using org.apache.spark.storage.DefaultTopologyMapper for getting topology information
[2024-11-09T17:52:17.803+0000] {spark_submit.py:634} INFO - 24/11/09 17:52:17 INFO BlockManagerMasterEndpoint: BlockManagerMasterEndpoint up
[2024-11-09T17:52:17.807+0000] {spark_submit.py:634} INFO - 24/11/09 17:52:17 INFO SparkEnv: Registering BlockManagerMasterHeartbeat
[2024-11-09T17:52:17.829+0000] {spark_submit.py:634} INFO - 24/11/09 17:52:17 INFO DiskBlockManager: Created local directory at /tmp/blockmgr-d00d7313-6307-408b-93ca-dce38df9862f
[2024-11-09T17:52:17.854+0000] {spark_submit.py:634} INFO - 24/11/09 17:52:17 INFO MemoryStore: MemoryStore started with capacity 434.4 MiB
[2024-11-09T17:52:17.877+0000] {spark_submit.py:634} INFO - 24/11/09 17:52:17 INFO SparkEnv: Registering OutputCommitCoordinator
[2024-11-09T17:52:18.085+0000] {spark_submit.py:634} INFO - 24/11/09 17:52:18 INFO JettyUtils: Start Jetty 0.0.0.0:4040 for SparkUI
[2024-11-09T17:52:18.161+0000] {spark_submit.py:634} INFO - 24/11/09 17:52:18 INFO Utils: Successfully started service 'SparkUI' on port 4040.
[2024-11-09T17:52:18.299+0000] {spark_submit.py:634} INFO - 24/11/09 17:52:18 INFO StandaloneAppClient$ClientEndpoint: Connecting to master spark://172.23.0.3:7077...
[2024-11-09T17:52:18.349+0000] {spark_submit.py:634} INFO - 24/11/09 17:52:18 INFO TransportClientFactory: Successfully created connection to /172.23.0.3:7077 after 30 ms (0 ms spent in bootstraps)
[2024-11-09T17:52:18.514+0000] {spark_submit.py:634} INFO - 24/11/09 17:52:18 INFO StandaloneSchedulerBackend: Connected to Spark cluster with app ID app-20241109175218-0000
[2024-11-09T17:52:18.523+0000] {spark_submit.py:634} INFO - 24/11/09 17:52:18 INFO Utils: Successfully started service 'org.apache.spark.network.netty.NettyBlockTransferService' on port 42293.
[2024-11-09T17:52:18.525+0000] {spark_submit.py:634} INFO - 24/11/09 17:52:18 INFO NettyBlockTransferService: Server created on d2265ead819e:42293
[2024-11-09T17:52:18.526+0000] {spark_submit.py:634} INFO - 24/11/09 17:52:18 INFO BlockManager: Using org.apache.spark.storage.RandomBlockReplicationPolicy for block replication policy
[2024-11-09T17:52:18.535+0000] {spark_submit.py:634} INFO - 24/11/09 17:52:18 INFO BlockManagerMaster: Registering BlockManager BlockManagerId(driver, d2265ead819e, 42293, None)
[2024-11-09T17:52:18.541+0000] {spark_submit.py:634} INFO - 24/11/09 17:52:18 INFO BlockManagerMasterEndpoint: Registering block manager d2265ead819e:42293 with 434.4 MiB RAM, BlockManagerId(driver, d2265ead819e, 42293, None)
[2024-11-09T17:52:18.544+0000] {spark_submit.py:634} INFO - 24/11/09 17:52:18 INFO BlockManagerMaster: Registered BlockManager BlockManagerId(driver, d2265ead819e, 42293, None)
[2024-11-09T17:52:18.546+0000] {spark_submit.py:634} INFO - 24/11/09 17:52:18 INFO BlockManager: Initialized BlockManager: BlockManagerId(driver, d2265ead819e, 42293, None)
[2024-11-09T17:52:18.548+0000] {spark_submit.py:634} INFO - 24/11/09 17:52:18 INFO StandaloneAppClient$ClientEndpoint: Executor added: app-20241109175218-0000/0 on worker-20241109175139-172.23.0.5-40001 (172.23.0.5:40001) with 2 core(s)
[2024-11-09T17:52:18.550+0000] {spark_submit.py:634} INFO - 24/11/09 17:52:18 INFO StandaloneSchedulerBackend: Granted executor ID app-20241109175218-0000/0 on hostPort 172.23.0.5:40001 with 2 core(s), 1024.0 MiB RAM
[2024-11-09T17:52:18.747+0000] {spark_submit.py:634} INFO - 24/11/09 17:52:18 INFO StandaloneAppClient$ClientEndpoint: Executor updated: app-20241109175218-0000/0 is now RUNNING
[2024-11-09T17:52:18.829+0000] {spark_submit.py:634} INFO - 24/11/09 17:52:18 INFO StandaloneSchedulerBackend: SchedulerBackend is ready for scheduling beginning after reached minRegisteredResourcesRatio: 0.0
[2024-11-09T17:52:19.564+0000] {spark_submit.py:634} INFO - 24/11/09 17:52:19 INFO SparkContext: Starting job: collect at /opt/***/jobs/python/health_check.py:11
[2024-11-09T17:52:19.593+0000] {spark_submit.py:634} INFO - 24/11/09 17:52:19 INFO DAGScheduler: Registering RDD 2 (reduceByKey at /opt/***/jobs/python/health_check.py:9) as input to shuffle 0
[2024-11-09T17:52:19.598+0000] {spark_submit.py:634} INFO - 24/11/09 17:52:19 INFO DAGScheduler: Got job 0 (collect at /opt/***/jobs/python/health_check.py:11) with 2 output partitions
[2024-11-09T17:52:19.600+0000] {spark_submit.py:634} INFO - 24/11/09 17:52:19 INFO DAGScheduler: Final stage: ResultStage 1 (collect at /opt/***/jobs/python/health_check.py:11)
[2024-11-09T17:52:19.602+0000] {spark_submit.py:634} INFO - 24/11/09 17:52:19 INFO DAGScheduler: Parents of final stage: List(ShuffleMapStage 0)
[2024-11-09T17:52:19.603+0000] {spark_submit.py:634} INFO - 24/11/09 17:52:19 INFO DAGScheduler: Missing parents: List(ShuffleMapStage 0)
[2024-11-09T17:52:19.607+0000] {spark_submit.py:634} INFO - 24/11/09 17:52:19 INFO DAGScheduler: Submitting ShuffleMapStage 0 (PairwiseRDD[2] at reduceByKey at /opt/***/jobs/python/health_check.py:9), which has no missing parents
[2024-11-09T17:52:19.702+0000] {spark_submit.py:634} INFO - 24/11/09 17:52:19 INFO MemoryStore: Block broadcast_0 stored as values in memory (estimated size 11.1 KiB, free 434.4 MiB)
[2024-11-09T17:52:19.758+0000] {spark_submit.py:634} INFO - 24/11/09 17:52:19 INFO MemoryStore: Block broadcast_0_piece0 stored as bytes in memory (estimated size 7.0 KiB, free 434.4 MiB)
[2024-11-09T17:52:19.762+0000] {spark_submit.py:634} INFO - 24/11/09 17:52:19 INFO BlockManagerInfo: Added broadcast_0_piece0 in memory on d2265ead819e:42293 (size: 7.0 KiB, free: 434.4 MiB)
[2024-11-09T17:52:19.767+0000] {spark_submit.py:634} INFO - 24/11/09 17:52:19 INFO SparkContext: Created broadcast 0 from broadcast at DAGScheduler.scala:1535
[2024-11-09T17:52:19.785+0000] {spark_submit.py:634} INFO - 24/11/09 17:52:19 INFO DAGScheduler: Submitting 2 missing tasks from ShuffleMapStage 0 (PairwiseRDD[2] at reduceByKey at /opt/***/jobs/python/health_check.py:9) (first 15 tasks are for partitions Vector(0, 1))
[2024-11-09T17:52:19.787+0000] {spark_submit.py:634} INFO - 24/11/09 17:52:19 INFO TaskSchedulerImpl: Adding task set 0.0 with 2 tasks resource profile 0
[2024-11-09T17:52:21.410+0000] {spark_submit.py:634} INFO - 24/11/09 17:52:21 INFO StandaloneSchedulerBackend$StandaloneDriverEndpoint: Registered executor NettyRpcEndpointRef(spark-client://Executor) (172.23.0.5:36704) with ID 0,  ResourceProfileId 0
[2024-11-09T17:52:21.470+0000] {spark_submit.py:634} INFO - 24/11/09 17:52:21 INFO BlockManagerMasterEndpoint: Registering block manager 172.23.0.5:34979 with 434.4 MiB RAM, BlockManagerId(0, 172.23.0.5, 34979, None)
[2024-11-09T17:52:21.521+0000] {spark_submit.py:634} INFO - 24/11/09 17:52:21 INFO TaskSetManager: Starting task 0.0 in stage 0.0 (TID 0) (172.23.0.5, executor 0, partition 0, PROCESS_LOCAL, 7403 bytes)
[2024-11-09T17:52:21.525+0000] {spark_submit.py:634} INFO - 24/11/09 17:52:21 INFO TaskSetManager: Starting task 1.0 in stage 0.0 (TID 1) (172.23.0.5, executor 0, partition 1, PROCESS_LOCAL, 7436 bytes)
[2024-11-09T17:52:21.785+0000] {spark_submit.py:634} INFO - 24/11/09 17:52:21 INFO BlockManagerInfo: Added broadcast_0_piece0 in memory on 172.23.0.5:34979 (size: 7.0 KiB, free: 434.4 MiB)
[2024-11-09T17:52:22.961+0000] {spark_submit.py:634} INFO - 24/11/09 17:52:22 INFO TaskSetManager: Finished task 1.0 in stage 0.0 (TID 1) in 1435 ms on 172.23.0.5 (executor 0) (1/2)
[2024-11-09T17:52:22.962+0000] {spark_submit.py:634} INFO - 24/11/09 17:52:22 INFO TaskSetManager: Finished task 0.0 in stage 0.0 (TID 0) in 1451 ms on 172.23.0.5 (executor 0) (2/2)
[2024-11-09T17:52:22.963+0000] {spark_submit.py:634} INFO - 24/11/09 17:52:22 INFO TaskSchedulerImpl: Removed TaskSet 0.0, whose tasks have all completed, from pool
[2024-11-09T17:52:22.967+0000] {spark_submit.py:634} INFO - 24/11/09 17:52:22 INFO PythonAccumulatorV2: Connected to AccumulatorServer at host: 127.0.0.1 port: 52187
[2024-11-09T17:52:22.973+0000] {spark_submit.py:634} INFO - 24/11/09 17:52:22 INFO DAGScheduler: ShuffleMapStage 0 (reduceByKey at /opt/***/jobs/python/health_check.py:9) finished in 3.347 s
[2024-11-09T17:52:22.975+0000] {spark_submit.py:634} INFO - 24/11/09 17:52:22 INFO DAGScheduler: looking for newly runnable stages
[2024-11-09T17:52:22.976+0000] {spark_submit.py:634} INFO - 24/11/09 17:52:22 INFO DAGScheduler: running: Set()
[2024-11-09T17:52:22.978+0000] {spark_submit.py:634} INFO - 24/11/09 17:52:22 INFO DAGScheduler: waiting: Set(ResultStage 1)
[2024-11-09T17:52:22.979+0000] {spark_submit.py:634} INFO - 24/11/09 17:52:22 INFO DAGScheduler: failed: Set()
[2024-11-09T17:52:22.981+0000] {spark_submit.py:634} INFO - 24/11/09 17:52:22 INFO DAGScheduler: Submitting ResultStage 1 (PythonRDD[5] at collect at /opt/***/jobs/python/health_check.py:11), which has no missing parents
[2024-11-09T17:52:22.994+0000] {spark_submit.py:634} INFO - 24/11/09 17:52:22 INFO MemoryStore: Block broadcast_1 stored as values in memory (estimated size 10.0 KiB, free 434.4 MiB)
[2024-11-09T17:52:22.997+0000] {spark_submit.py:634} INFO - 24/11/09 17:52:22 INFO MemoryStore: Block broadcast_1_piece0 stored as bytes in memory (estimated size 6.0 KiB, free 434.4 MiB)
[2024-11-09T17:52:22.999+0000] {spark_submit.py:634} INFO - 24/11/09 17:52:22 INFO BlockManagerInfo: Added broadcast_1_piece0 in memory on d2265ead819e:42293 (size: 6.0 KiB, free: 434.4 MiB)
[2024-11-09T17:52:23.001+0000] {spark_submit.py:634} INFO - 24/11/09 17:52:23 INFO SparkContext: Created broadcast 1 from broadcast at DAGScheduler.scala:1535
[2024-11-09T17:52:23.003+0000] {spark_submit.py:634} INFO - 24/11/09 17:52:23 INFO DAGScheduler: Submitting 2 missing tasks from ResultStage 1 (PythonRDD[5] at collect at /opt/***/jobs/python/health_check.py:11) (first 15 tasks are for partitions Vector(0, 1))
[2024-11-09T17:52:23.005+0000] {spark_submit.py:634} INFO - 24/11/09 17:52:23 INFO TaskSchedulerImpl: Adding task set 1.0 with 2 tasks resource profile 0
[2024-11-09T17:52:23.013+0000] {spark_submit.py:634} INFO - 24/11/09 17:52:23 INFO TaskSetManager: Starting task 0.0 in stage 1.0 (TID 2) (172.23.0.5, executor 0, partition 0, NODE_LOCAL, 7185 bytes)
[2024-11-09T17:52:23.014+0000] {spark_submit.py:634} INFO - 24/11/09 17:52:23 INFO TaskSetManager: Starting task 1.0 in stage 1.0 (TID 3) (172.23.0.5, executor 0, partition 1, NODE_LOCAL, 7185 bytes)
[2024-11-09T17:52:23.050+0000] {spark_submit.py:634} INFO - 24/11/09 17:52:23 INFO BlockManagerInfo: Added broadcast_1_piece0 in memory on 172.23.0.5:34979 (size: 6.0 KiB, free: 434.4 MiB)
[2024-11-09T17:52:23.144+0000] {spark_submit.py:634} INFO - 24/11/09 17:52:23 INFO MapOutputTrackerMasterEndpoint: Asked to send map output locations for shuffle 0 to 172.23.0.5:36704
[2024-11-09T17:52:23.383+0000] {spark_submit.py:634} INFO - 24/11/09 17:52:23 INFO TaskSetManager: Finished task 1.0 in stage 1.0 (TID 3) in 369 ms on 172.23.0.5 (executor 0) (1/2)
[2024-11-09T17:52:23.401+0000] {spark_submit.py:634} INFO - 24/11/09 17:52:23 INFO TaskSetManager: Finished task 0.0 in stage 1.0 (TID 2) in 393 ms on 172.23.0.5 (executor 0) (2/2)
[2024-11-09T17:52:23.403+0000] {spark_submit.py:634} INFO - 24/11/09 17:52:23 INFO TaskSchedulerImpl: Removed TaskSet 1.0, whose tasks have all completed, from pool
[2024-11-09T17:52:23.404+0000] {spark_submit.py:634} INFO - 24/11/09 17:52:23 INFO DAGScheduler: ResultStage 1 (collect at /opt/***/jobs/python/health_check.py:11) finished in 0.412 s
[2024-11-09T17:52:23.409+0000] {spark_submit.py:634} INFO - 24/11/09 17:52:23 INFO DAGScheduler: Job 0 is finished. Cancelling potential speculative or zombie tasks for this job
[2024-11-09T17:52:23.410+0000] {spark_submit.py:634} INFO - 24/11/09 17:52:23 INFO TaskSchedulerImpl: Killing all running tasks in stage 1: Stage finished
[2024-11-09T17:52:23.412+0000] {spark_submit.py:634} INFO - 24/11/09 17:52:23 INFO DAGScheduler: Job 0 finished: collect at /opt/***/jobs/python/health_check.py:11, took 3.847286 s
[2024-11-09T17:52:23.429+0000] {spark_submit.py:634} INFO - Python 1
[2024-11-09T17:52:23.431+0000] {spark_submit.py:634} INFO - Airflow 1
[2024-11-09T17:52:23.432+0000] {spark_submit.py:634} INFO - Docker 1
[2024-11-09T17:52:23.433+0000] {spark_submit.py:634} INFO - and 1
[2024-11-09T17:52:23.434+0000] {spark_submit.py:634} INFO - Yusuf 1
[2024-11-09T17:52:23.435+0000] {spark_submit.py:634} INFO - Hello 5
[2024-11-09T17:52:23.436+0000] {spark_submit.py:634} INFO - Spark 1
[2024-11-09T17:52:23.437+0000] {spark_submit.py:634} INFO - 24/11/09 17:52:23 INFO SparkContext: SparkContext is stopping with exitCode 0.
[2024-11-09T17:52:23.444+0000] {spark_submit.py:634} INFO - 24/11/09 17:52:23 INFO SparkUI: Stopped Spark web UI at http://d2265ead819e:4040
[2024-11-09T17:52:23.449+0000] {spark_submit.py:634} INFO - 24/11/09 17:52:23 INFO StandaloneSchedulerBackend: Shutting down all executors
[2024-11-09T17:52:23.451+0000] {spark_submit.py:634} INFO - 24/11/09 17:52:23 INFO StandaloneSchedulerBackend$StandaloneDriverEndpoint: Asking each executor to shut down
[2024-11-09T17:52:23.468+0000] {spark_submit.py:634} INFO - 24/11/09 17:52:23 INFO MapOutputTrackerMasterEndpoint: MapOutputTrackerMasterEndpoint stopped!
[2024-11-09T17:52:23.488+0000] {spark_submit.py:634} INFO - 24/11/09 17:52:23 INFO MemoryStore: MemoryStore cleared
[2024-11-09T17:52:23.489+0000] {spark_submit.py:634} INFO - 24/11/09 17:52:23 INFO BlockManager: BlockManager stopped
[2024-11-09T17:52:23.494+0000] {spark_submit.py:634} INFO - 24/11/09 17:52:23 INFO BlockManagerMaster: BlockManagerMaster stopped
[2024-11-09T17:52:23.497+0000] {spark_submit.py:634} INFO - 24/11/09 17:52:23 INFO OutputCommitCoordinator$OutputCommitCoordinatorEndpoint: OutputCommitCoordinator stopped!
[2024-11-09T17:52:23.508+0000] {spark_submit.py:634} INFO - 24/11/09 17:52:23 INFO SparkContext: Successfully stopped SparkContext
[2024-11-09T17:52:24.459+0000] {spark_submit.py:634} INFO - 24/11/09 17:52:24 INFO ShutdownHookManager: Shutdown hook called
[2024-11-09T17:52:24.460+0000] {spark_submit.py:634} INFO - 24/11/09 17:52:24 INFO ShutdownHookManager: Deleting directory /tmp/spark-619a44d4-566b-4c1a-93f3-c80ca66cb300
[2024-11-09T17:52:24.463+0000] {spark_submit.py:634} INFO - 24/11/09 17:52:24 INFO ShutdownHookManager: Deleting directory /tmp/spark-e6a31cb1-7b7c-4bb7-a05c-4465ef579d8d/pyspark-38b5ffea-1e18-4545-9ed3-9474a4919c26
[2024-11-09T17:52:24.466+0000] {spark_submit.py:634} INFO - 24/11/09 17:52:24 INFO ShutdownHookManager: Deleting directory /tmp/spark-e6a31cb1-7b7c-4bb7-a05c-4465ef579d8d
[2024-11-09T17:52:24.512+0000] {taskinstance.py:340} INFO - ::group::Post task execution logs
[2024-11-09T17:52:24.513+0000] {taskinstance.py:352} INFO - Marking task as SUCCESS. dag_id=spotify_pipeline, task_id=health_check, run_id=manual__2024-11-09T17:52:13.239644+00:00, execution_date=20241109T175213, start_date=20241109T175214, end_date=20241109T175224
[2024-11-09T17:52:24.545+0000] {local_task_job_runner.py:266} INFO - Task exited with return code 0
[2024-11-09T17:52:24.561+0000] {taskinstance.py:3900} INFO - 0 downstream tasks scheduled from follow-on schedule check
[2024-11-09T17:52:24.565+0000] {local_task_job_runner.py:245} INFO - ::endgroup::
