[2024-11-09T18:03:51.116+0000] {local_task_job_runner.py:123} INFO - ::group::Pre task execution logs
[2024-11-09T18:03:51.132+0000] {taskinstance.py:2612} INFO - Dependencies all met for dep_context=non-requeueable deps ti=<TaskInstance: spotify_pipeline.health_check manual__2024-11-09T18:03:49.754192+00:00 [queued]>
[2024-11-09T18:03:51.140+0000] {taskinstance.py:2612} INFO - Dependencies all met for dep_context=requeueable deps ti=<TaskInstance: spotify_pipeline.health_check manual__2024-11-09T18:03:49.754192+00:00 [queued]>
[2024-11-09T18:03:51.142+0000] {taskinstance.py:2865} INFO - Starting attempt 1 of 1
[2024-11-09T18:03:51.157+0000] {taskinstance.py:2888} INFO - Executing <Task(SparkSubmitOperator): health_check> on 2024-11-09 18:03:49.754192+00:00
[2024-11-09T18:03:51.161+0000] {standard_task_runner.py:72} INFO - Started process 1598 to run task
[2024-11-09T18:03:51.163+0000] {standard_task_runner.py:104} INFO - Running: ['***', 'tasks', 'run', 'spotify_pipeline', 'health_check', 'manual__2024-11-09T18:03:49.754192+00:00', '--job-id', '45', '--raw', '--subdir', 'DAGS_FOLDER/spotify_pipeline.py', '--cfg-path', '/tmp/tmp9l794d7u']
[2024-11-09T18:03:51.166+0000] {standard_task_runner.py:105} INFO - Job 45: Subtask health_check
[2024-11-09T18:03:51.211+0000] {task_command.py:467} INFO - Running <TaskInstance: spotify_pipeline.health_check manual__2024-11-09T18:03:49.754192+00:00 [running]> on host d2265ead819e
[2024-11-09T18:03:51.288+0000] {taskinstance.py:3131} INFO - Exporting env vars: AIRFLOW_CTX_DAG_OWNER='JK' AIRFLOW_CTX_DAG_ID='spotify_pipeline' AIRFLOW_CTX_TASK_ID='health_check' AIRFLOW_CTX_EXECUTION_DATE='2024-11-09T18:03:49.754192+00:00' AIRFLOW_CTX_TRY_NUMBER='1' AIRFLOW_CTX_DAG_RUN_ID='manual__2024-11-09T18:03:49.754192+00:00'
[2024-11-09T18:03:51.290+0000] {taskinstance.py:731} INFO - ::endgroup::
[2024-11-09T18:03:51.310+0000] {base.py:84} INFO - Retrieving connection 'spark-conn'
[2024-11-09T18:03:51.312+0000] {spark_submit.py:473} INFO - Spark-Submit cmd: spark-submit --master spark://172.23.0.2:7077 --name arrow-spark --deploy-mode client jobs/python/health_check.py
[2024-11-09T18:03:54.220+0000] {spark_submit.py:634} INFO - 24/11/09 18:03:54 INFO SparkContext: Running Spark version 3.4.2
[2024-11-09T18:03:54.288+0000] {spark_submit.py:634} INFO - 24/11/09 18:03:54 WARN NativeCodeLoader: Unable to load native-hadoop library for your platform... using builtin-java classes where applicable
[2024-11-09T18:03:54.395+0000] {spark_submit.py:634} INFO - 24/11/09 18:03:54 INFO ResourceUtils: ==============================================================
[2024-11-09T18:03:54.397+0000] {spark_submit.py:634} INFO - 24/11/09 18:03:54 INFO ResourceUtils: No custom resources configured for spark.driver.
[2024-11-09T18:03:54.398+0000] {spark_submit.py:634} INFO - 24/11/09 18:03:54 INFO ResourceUtils: ==============================================================
[2024-11-09T18:03:54.400+0000] {spark_submit.py:634} INFO - 24/11/09 18:03:54 INFO SparkContext: Submitted application: HealthCheck
[2024-11-09T18:03:54.429+0000] {spark_submit.py:634} INFO - 24/11/09 18:03:54 INFO ResourceProfile: Default ResourceProfile created, executor resources: Map(memory -> name: memory, amount: 1024, script: , vendor: , offHeap -> name: offHeap, amount: 0, script: , vendor: ), task resources: Map(cpus -> name: cpus, amount: 1.0)
[2024-11-09T18:03:54.439+0000] {spark_submit.py:634} INFO - 24/11/09 18:03:54 INFO ResourceProfile: Limiting resource is cpu
[2024-11-09T18:03:54.441+0000] {spark_submit.py:634} INFO - 24/11/09 18:03:54 INFO ResourceProfileManager: Added ResourceProfile id: 0
[2024-11-09T18:03:54.495+0000] {spark_submit.py:634} INFO - 24/11/09 18:03:54 INFO SecurityManager: Changing view acls to: root
[2024-11-09T18:03:54.496+0000] {spark_submit.py:634} INFO - 24/11/09 18:03:54 INFO SecurityManager: Changing modify acls to: root
[2024-11-09T18:03:54.497+0000] {spark_submit.py:634} INFO - 24/11/09 18:03:54 INFO SecurityManager: Changing view acls groups to:
[2024-11-09T18:03:54.499+0000] {spark_submit.py:634} INFO - 24/11/09 18:03:54 INFO SecurityManager: Changing modify acls groups to:
[2024-11-09T18:03:54.500+0000] {spark_submit.py:634} INFO - 24/11/09 18:03:54 INFO SecurityManager: SecurityManager: authentication disabled; ui acls disabled; users with view permissions: root; groups with view permissions: EMPTY; users with modify permissions: root; groups with modify permissions: EMPTY
[2024-11-09T18:03:54.854+0000] {spark_submit.py:634} INFO - 24/11/09 18:03:54 INFO Utils: Successfully started service 'sparkDriver' on port 42081.
[2024-11-09T18:03:54.892+0000] {spark_submit.py:634} INFO - 24/11/09 18:03:54 INFO SparkEnv: Registering MapOutputTracker
[2024-11-09T18:03:54.942+0000] {spark_submit.py:634} INFO - 24/11/09 18:03:54 INFO SparkEnv: Registering BlockManagerMaster
[2024-11-09T18:03:54.973+0000] {spark_submit.py:634} INFO - 24/11/09 18:03:54 INFO BlockManagerMasterEndpoint: Using org.apache.spark.storage.DefaultTopologyMapper for getting topology information
[2024-11-09T18:03:54.975+0000] {spark_submit.py:634} INFO - 24/11/09 18:03:54 INFO BlockManagerMasterEndpoint: BlockManagerMasterEndpoint up
[2024-11-09T18:03:54.987+0000] {spark_submit.py:634} INFO - 24/11/09 18:03:54 INFO SparkEnv: Registering BlockManagerMasterHeartbeat
[2024-11-09T18:03:55.014+0000] {spark_submit.py:634} INFO - 24/11/09 18:03:55 INFO DiskBlockManager: Created local directory at /tmp/blockmgr-bdcc09f3-ba93-4747-8145-5235c15b83ab
[2024-11-09T18:03:55.041+0000] {spark_submit.py:634} INFO - 24/11/09 18:03:55 INFO MemoryStore: MemoryStore started with capacity 434.4 MiB
[2024-11-09T18:03:55.063+0000] {spark_submit.py:634} INFO - 24/11/09 18:03:55 INFO SparkEnv: Registering OutputCommitCoordinator
[2024-11-09T18:03:55.296+0000] {spark_submit.py:634} INFO - 24/11/09 18:03:55 INFO JettyUtils: Start Jetty 0.0.0.0:4040 for SparkUI
[2024-11-09T18:03:55.383+0000] {spark_submit.py:634} INFO - 24/11/09 18:03:55 INFO Utils: Successfully started service 'SparkUI' on port 4040.
[2024-11-09T18:03:55.555+0000] {spark_submit.py:634} INFO - 24/11/09 18:03:55 INFO StandaloneAppClient$ClientEndpoint: Connecting to master spark://172.23.0.2:7077...
[2024-11-09T18:03:55.650+0000] {spark_submit.py:634} INFO - 24/11/09 18:03:55 INFO TransportClientFactory: Successfully created connection to /172.23.0.2:7077 after 58 ms (0 ms spent in bootstraps)
[2024-11-09T18:03:55.777+0000] {spark_submit.py:634} INFO - 24/11/09 18:03:55 INFO StandaloneSchedulerBackend: Connected to Spark cluster with app ID app-20241109180355-0002
[2024-11-09T18:03:55.780+0000] {spark_submit.py:634} INFO - 24/11/09 18:03:55 INFO StandaloneAppClient$ClientEndpoint: Executor added: app-20241109180355-0002/0 on worker-20241109175335-172.23.0.5-35065 (172.23.0.5:35065) with 2 core(s)
[2024-11-09T18:03:55.784+0000] {spark_submit.py:634} INFO - 24/11/09 18:03:55 INFO StandaloneSchedulerBackend: Granted executor ID app-20241109180355-0002/0 on hostPort 172.23.0.5:35065 with 2 core(s), 1024.0 MiB RAM
[2024-11-09T18:03:55.788+0000] {spark_submit.py:634} INFO - 24/11/09 18:03:55 INFO Utils: Successfully started service 'org.apache.spark.network.netty.NettyBlockTransferService' on port 46447.
[2024-11-09T18:03:55.790+0000] {spark_submit.py:634} INFO - 24/11/09 18:03:55 INFO NettyBlockTransferService: Server created on d2265ead819e:46447
[2024-11-09T18:03:55.792+0000] {spark_submit.py:634} INFO - 24/11/09 18:03:55 INFO BlockManager: Using org.apache.spark.storage.RandomBlockReplicationPolicy for block replication policy
[2024-11-09T18:03:55.801+0000] {spark_submit.py:634} INFO - 24/11/09 18:03:55 INFO BlockManagerMaster: Registering BlockManager BlockManagerId(driver, d2265ead819e, 46447, None)
[2024-11-09T18:03:55.806+0000] {spark_submit.py:634} INFO - 24/11/09 18:03:55 INFO BlockManagerMasterEndpoint: Registering block manager d2265ead819e:46447 with 434.4 MiB RAM, BlockManagerId(driver, d2265ead819e, 46447, None)
[2024-11-09T18:03:55.811+0000] {spark_submit.py:634} INFO - 24/11/09 18:03:55 INFO BlockManagerMaster: Registered BlockManager BlockManagerId(driver, d2265ead819e, 46447, None)
[2024-11-09T18:03:55.815+0000] {spark_submit.py:634} INFO - 24/11/09 18:03:55 INFO BlockManager: Initialized BlockManager: BlockManagerId(driver, d2265ead819e, 46447, None)
[2024-11-09T18:03:55.831+0000] {spark_submit.py:634} INFO - 24/11/09 18:03:55 INFO StandaloneAppClient$ClientEndpoint: Executor updated: app-20241109180355-0002/0 is now RUNNING
[2024-11-09T18:03:56.116+0000] {spark_submit.py:634} INFO - 24/11/09 18:03:56 INFO StandaloneSchedulerBackend: SchedulerBackend is ready for scheduling beginning after reached minRegisteredResourcesRatio: 0.0
[2024-11-09T18:03:56.992+0000] {spark_submit.py:634} INFO - 24/11/09 18:03:56 INFO SparkContext: Starting job: collect at /opt/***/jobs/python/health_check.py:11
[2024-11-09T18:03:57.030+0000] {spark_submit.py:634} INFO - 24/11/09 18:03:57 INFO DAGScheduler: Registering RDD 2 (reduceByKey at /opt/***/jobs/python/health_check.py:9) as input to shuffle 0
[2024-11-09T18:03:57.037+0000] {spark_submit.py:634} INFO - 24/11/09 18:03:57 INFO DAGScheduler: Got job 0 (collect at /opt/***/jobs/python/health_check.py:11) with 2 output partitions
[2024-11-09T18:03:57.038+0000] {spark_submit.py:634} INFO - 24/11/09 18:03:57 INFO DAGScheduler: Final stage: ResultStage 1 (collect at /opt/***/jobs/python/health_check.py:11)
[2024-11-09T18:03:57.040+0000] {spark_submit.py:634} INFO - 24/11/09 18:03:57 INFO DAGScheduler: Parents of final stage: List(ShuffleMapStage 0)
[2024-11-09T18:03:57.041+0000] {spark_submit.py:634} INFO - 24/11/09 18:03:57 INFO DAGScheduler: Missing parents: List(ShuffleMapStage 0)
[2024-11-09T18:03:57.047+0000] {spark_submit.py:634} INFO - 24/11/09 18:03:57 INFO DAGScheduler: Submitting ShuffleMapStage 0 (PairwiseRDD[2] at reduceByKey at /opt/***/jobs/python/health_check.py:9), which has no missing parents
[2024-11-09T18:03:57.165+0000] {spark_submit.py:634} INFO - 24/11/09 18:03:57 INFO MemoryStore: Block broadcast_0 stored as values in memory (estimated size 11.1 KiB, free 434.4 MiB)
[2024-11-09T18:03:57.211+0000] {spark_submit.py:634} INFO - 24/11/09 18:03:57 INFO MemoryStore: Block broadcast_0_piece0 stored as bytes in memory (estimated size 7.0 KiB, free 434.4 MiB)
[2024-11-09T18:03:57.216+0000] {spark_submit.py:634} INFO - 24/11/09 18:03:57 INFO BlockManagerInfo: Added broadcast_0_piece0 in memory on d2265ead819e:46447 (size: 7.0 KiB, free: 434.4 MiB)
[2024-11-09T18:03:57.222+0000] {spark_submit.py:634} INFO - 24/11/09 18:03:57 INFO SparkContext: Created broadcast 0 from broadcast at DAGScheduler.scala:1535
[2024-11-09T18:03:57.240+0000] {spark_submit.py:634} INFO - 24/11/09 18:03:57 INFO DAGScheduler: Submitting 2 missing tasks from ShuffleMapStage 0 (PairwiseRDD[2] at reduceByKey at /opt/***/jobs/python/health_check.py:9) (first 15 tasks are for partitions Vector(0, 1))
[2024-11-09T18:03:57.242+0000] {spark_submit.py:634} INFO - 24/11/09 18:03:57 INFO TaskSchedulerImpl: Adding task set 0.0 with 2 tasks resource profile 0
[2024-11-09T18:03:59.150+0000] {spark_submit.py:634} INFO - 24/11/09 18:03:59 INFO StandaloneSchedulerBackend$StandaloneDriverEndpoint: Registered executor NettyRpcEndpointRef(spark-client://Executor) (172.23.0.5:36052) with ID 0,  ResourceProfileId 0
[2024-11-09T18:03:59.215+0000] {spark_submit.py:634} INFO - 24/11/09 18:03:59 INFO BlockManagerMasterEndpoint: Registering block manager 172.23.0.5:42273 with 434.4 MiB RAM, BlockManagerId(0, 172.23.0.5, 42273, None)
[2024-11-09T18:03:59.280+0000] {spark_submit.py:634} INFO - 24/11/09 18:03:59 INFO TaskSetManager: Starting task 0.0 in stage 0.0 (TID 0) (172.23.0.5, executor 0, partition 0, PROCESS_LOCAL, 7403 bytes)
[2024-11-09T18:03:59.287+0000] {spark_submit.py:634} INFO - 24/11/09 18:03:59 INFO TaskSetManager: Starting task 1.0 in stage 0.0 (TID 1) (172.23.0.5, executor 0, partition 1, PROCESS_LOCAL, 7436 bytes)
[2024-11-09T18:03:59.616+0000] {spark_submit.py:634} INFO - 24/11/09 18:03:59 INFO BlockManagerInfo: Added broadcast_0_piece0 in memory on 172.23.0.5:42273 (size: 7.0 KiB, free: 434.4 MiB)
[2024-11-09T18:04:01.050+0000] {spark_submit.py:634} INFO - 24/11/09 18:04:01 INFO TaskSetManager: Finished task 1.0 in stage 0.0 (TID 1) in 1763 ms on 172.23.0.5 (executor 0) (1/2)
[2024-11-09T18:04:01.052+0000] {spark_submit.py:634} INFO - 24/11/09 18:04:01 INFO TaskSetManager: Finished task 0.0 in stage 0.0 (TID 0) in 1786 ms on 172.23.0.5 (executor 0) (2/2)
[2024-11-09T18:04:01.053+0000] {spark_submit.py:634} INFO - 24/11/09 18:04:01 INFO TaskSchedulerImpl: Removed TaskSet 0.0, whose tasks have all completed, from pool
[2024-11-09T18:04:01.057+0000] {spark_submit.py:634} INFO - 24/11/09 18:04:01 INFO PythonAccumulatorV2: Connected to AccumulatorServer at host: 127.0.0.1 port: 39047
[2024-11-09T18:04:01.063+0000] {spark_submit.py:634} INFO - 24/11/09 18:04:01 INFO DAGScheduler: ShuffleMapStage 0 (reduceByKey at /opt/***/jobs/python/health_check.py:9) finished in 3.986 s
[2024-11-09T18:04:01.065+0000] {spark_submit.py:634} INFO - 24/11/09 18:04:01 INFO DAGScheduler: looking for newly runnable stages
[2024-11-09T18:04:01.066+0000] {spark_submit.py:634} INFO - 24/11/09 18:04:01 INFO DAGScheduler: running: Set()
[2024-11-09T18:04:01.068+0000] {spark_submit.py:634} INFO - 24/11/09 18:04:01 INFO DAGScheduler: waiting: Set(ResultStage 1)
[2024-11-09T18:04:01.069+0000] {spark_submit.py:634} INFO - 24/11/09 18:04:01 INFO DAGScheduler: failed: Set()
[2024-11-09T18:04:01.072+0000] {spark_submit.py:634} INFO - 24/11/09 18:04:01 INFO DAGScheduler: Submitting ResultStage 1 (PythonRDD[5] at collect at /opt/***/jobs/python/health_check.py:11), which has no missing parents
[2024-11-09T18:04:01.094+0000] {spark_submit.py:634} INFO - 24/11/09 18:04:01 INFO MemoryStore: Block broadcast_1 stored as values in memory (estimated size 10.0 KiB, free 434.4 MiB)
[2024-11-09T18:04:01.104+0000] {spark_submit.py:634} INFO - 24/11/09 18:04:01 INFO MemoryStore: Block broadcast_1_piece0 stored as bytes in memory (estimated size 6.0 KiB, free 434.4 MiB)
[2024-11-09T18:04:01.105+0000] {spark_submit.py:634} INFO - 24/11/09 18:04:01 INFO BlockManagerInfo: Added broadcast_1_piece0 in memory on d2265ead819e:46447 (size: 6.0 KiB, free: 434.4 MiB)
[2024-11-09T18:04:01.107+0000] {spark_submit.py:634} INFO - 24/11/09 18:04:01 INFO SparkContext: Created broadcast 1 from broadcast at DAGScheduler.scala:1535
[2024-11-09T18:04:01.110+0000] {spark_submit.py:634} INFO - 24/11/09 18:04:01 INFO DAGScheduler: Submitting 2 missing tasks from ResultStage 1 (PythonRDD[5] at collect at /opt/***/jobs/python/health_check.py:11) (first 15 tasks are for partitions Vector(0, 1))
[2024-11-09T18:04:01.112+0000] {spark_submit.py:634} INFO - 24/11/09 18:04:01 INFO TaskSchedulerImpl: Adding task set 1.0 with 2 tasks resource profile 0
[2024-11-09T18:04:01.121+0000] {spark_submit.py:634} INFO - 24/11/09 18:04:01 INFO TaskSetManager: Starting task 0.0 in stage 1.0 (TID 2) (172.23.0.5, executor 0, partition 0, NODE_LOCAL, 7185 bytes)
[2024-11-09T18:04:01.123+0000] {spark_submit.py:634} INFO - 24/11/09 18:04:01 INFO TaskSetManager: Starting task 1.0 in stage 1.0 (TID 3) (172.23.0.5, executor 0, partition 1, NODE_LOCAL, 7185 bytes)
[2024-11-09T18:04:01.154+0000] {spark_submit.py:634} INFO - 24/11/09 18:04:01 INFO BlockManagerInfo: Added broadcast_1_piece0 in memory on 172.23.0.5:42273 (size: 6.0 KiB, free: 434.4 MiB)
[2024-11-09T18:04:01.246+0000] {spark_submit.py:634} INFO - 24/11/09 18:04:01 INFO MapOutputTrackerMasterEndpoint: Asked to send map output locations for shuffle 0 to 172.23.0.5:36052
[2024-11-09T18:04:01.524+0000] {spark_submit.py:634} INFO - 24/11/09 18:04:01 INFO TaskSetManager: Finished task 1.0 in stage 1.0 (TID 3) in 403 ms on 172.23.0.5 (executor 0) (1/2)
[2024-11-09T18:04:01.530+0000] {spark_submit.py:634} INFO - 24/11/09 18:04:01 INFO TaskSetManager: Finished task 0.0 in stage 1.0 (TID 2) in 412 ms on 172.23.0.5 (executor 0) (2/2)
[2024-11-09T18:04:01.532+0000] {spark_submit.py:634} INFO - 24/11/09 18:04:01 INFO TaskSchedulerImpl: Removed TaskSet 1.0, whose tasks have all completed, from pool
[2024-11-09T18:04:01.533+0000] {spark_submit.py:634} INFO - 24/11/09 18:04:01 INFO DAGScheduler: ResultStage 1 (collect at /opt/***/jobs/python/health_check.py:11) finished in 0.444 s
[2024-11-09T18:04:01.536+0000] {spark_submit.py:634} INFO - 24/11/09 18:04:01 INFO DAGScheduler: Job 0 is finished. Cancelling potential speculative or zombie tasks for this job
[2024-11-09T18:04:01.538+0000] {spark_submit.py:634} INFO - 24/11/09 18:04:01 INFO TaskSchedulerImpl: Killing all running tasks in stage 1: Stage finished
[2024-11-09T18:04:01.539+0000] {spark_submit.py:634} INFO - 24/11/09 18:04:01 INFO DAGScheduler: Job 0 finished: collect at /opt/***/jobs/python/health_check.py:11, took 4.546351 s
[2024-11-09T18:04:01.555+0000] {spark_submit.py:634} INFO - Python 1
[2024-11-09T18:04:01.556+0000] {spark_submit.py:634} INFO - Airflow 1
[2024-11-09T18:04:01.558+0000] {spark_submit.py:634} INFO - Docker 1
[2024-11-09T18:04:01.559+0000] {spark_submit.py:634} INFO - and 1
[2024-11-09T18:04:01.560+0000] {spark_submit.py:634} INFO - Yusuf 1
[2024-11-09T18:04:01.562+0000] {spark_submit.py:634} INFO - Hello 5
[2024-11-09T18:04:01.563+0000] {spark_submit.py:634} INFO - Spark 1
[2024-11-09T18:04:01.564+0000] {spark_submit.py:634} INFO - 24/11/09 18:04:01 INFO SparkContext: SparkContext is stopping with exitCode 0.
[2024-11-09T18:04:01.570+0000] {spark_submit.py:634} INFO - 24/11/09 18:04:01 INFO SparkUI: Stopped Spark web UI at http://d2265ead819e:4040
[2024-11-09T18:04:01.575+0000] {spark_submit.py:634} INFO - 24/11/09 18:04:01 INFO StandaloneSchedulerBackend: Shutting down all executors
[2024-11-09T18:04:01.576+0000] {spark_submit.py:634} INFO - 24/11/09 18:04:01 INFO StandaloneSchedulerBackend$StandaloneDriverEndpoint: Asking each executor to shut down
[2024-11-09T18:04:01.597+0000] {spark_submit.py:634} INFO - 24/11/09 18:04:01 INFO MapOutputTrackerMasterEndpoint: MapOutputTrackerMasterEndpoint stopped!
[2024-11-09T18:04:01.622+0000] {spark_submit.py:634} INFO - 24/11/09 18:04:01 INFO MemoryStore: MemoryStore cleared
[2024-11-09T18:04:01.624+0000] {spark_submit.py:634} INFO - 24/11/09 18:04:01 INFO BlockManager: BlockManager stopped
[2024-11-09T18:04:01.630+0000] {spark_submit.py:634} INFO - 24/11/09 18:04:01 INFO BlockManagerMaster: BlockManagerMaster stopped
[2024-11-09T18:04:01.636+0000] {spark_submit.py:634} INFO - 24/11/09 18:04:01 INFO OutputCommitCoordinator$OutputCommitCoordinatorEndpoint: OutputCommitCoordinator stopped!
[2024-11-09T18:04:01.653+0000] {spark_submit.py:634} INFO - 24/11/09 18:04:01 INFO SparkContext: Successfully stopped SparkContext
[2024-11-09T18:04:02.610+0000] {spark_submit.py:634} INFO - 24/11/09 18:04:02 INFO ShutdownHookManager: Shutdown hook called
[2024-11-09T18:04:02.611+0000] {spark_submit.py:634} INFO - 24/11/09 18:04:02 INFO ShutdownHookManager: Deleting directory /tmp/spark-83870d59-3024-4dc3-a1b4-be5082586e2a
[2024-11-09T18:04:02.616+0000] {spark_submit.py:634} INFO - 24/11/09 18:04:02 INFO ShutdownHookManager: Deleting directory /tmp/spark-83870d59-3024-4dc3-a1b4-be5082586e2a/pyspark-49c242e4-4298-4f9d-bf1c-e4967255d39e
[2024-11-09T18:04:02.621+0000] {spark_submit.py:634} INFO - 24/11/09 18:04:02 INFO ShutdownHookManager: Deleting directory /tmp/spark-e979a33c-cff4-4252-b099-d606ee62c1cb
[2024-11-09T18:04:02.670+0000] {taskinstance.py:340} INFO - ::group::Post task execution logs
[2024-11-09T18:04:02.671+0000] {taskinstance.py:352} INFO - Marking task as SUCCESS. dag_id=spotify_pipeline, task_id=health_check, run_id=manual__2024-11-09T18:03:49.754192+00:00, execution_date=20241109T180349, start_date=20241109T180351, end_date=20241109T180402
[2024-11-09T18:04:02.724+0000] {local_task_job_runner.py:266} INFO - Task exited with return code 0
[2024-11-09T18:04:02.754+0000] {taskinstance.py:3900} INFO - 0 downstream tasks scheduled from follow-on schedule check
[2024-11-09T18:04:02.757+0000] {local_task_job_runner.py:245} INFO - ::endgroup::
