[2024-11-09T17:48:53.878+0000] {local_task_job_runner.py:123} INFO - ::group::Pre task execution logs
[2024-11-09T17:48:53.896+0000] {taskinstance.py:2612} INFO - Dependencies all met for dep_context=non-requeueable deps ti=<TaskInstance: spotify_pipeline.health_check scheduled__2024-11-08T00:00:00+00:00 [queued]>
[2024-11-09T17:48:53.906+0000] {taskinstance.py:2612} INFO - Dependencies all met for dep_context=requeueable deps ti=<TaskInstance: spotify_pipeline.health_check scheduled__2024-11-08T00:00:00+00:00 [queued]>
[2024-11-09T17:48:53.907+0000] {taskinstance.py:2865} INFO - Starting attempt 1 of 1
[2024-11-09T17:48:53.923+0000] {taskinstance.py:2888} INFO - Executing <Task(SparkSubmitOperator): health_check> on 2024-11-08 00:00:00+00:00
[2024-11-09T17:48:53.930+0000] {standard_task_runner.py:72} INFO - Started process 415 to run task
[2024-11-09T17:48:53.932+0000] {standard_task_runner.py:104} INFO - Running: ['***', 'tasks', 'run', 'spotify_pipeline', 'health_check', 'scheduled__2024-11-08T00:00:00+00:00', '--job-id', '22', '--raw', '--subdir', 'DAGS_FOLDER/spotify_pipeline.py', '--cfg-path', '/tmp/tmp28ttiimn']
[2024-11-09T17:48:53.935+0000] {standard_task_runner.py:105} INFO - Job 22: Subtask health_check
[2024-11-09T17:48:53.980+0000] {task_command.py:467} INFO - Running <TaskInstance: spotify_pipeline.health_check scheduled__2024-11-08T00:00:00+00:00 [running]> on host 073a922f9921
[2024-11-09T17:48:54.063+0000] {taskinstance.py:3131} INFO - Exporting env vars: AIRFLOW_CTX_DAG_OWNER='JK' AIRFLOW_CTX_DAG_ID='spotify_pipeline' AIRFLOW_CTX_TASK_ID='health_check' AIRFLOW_CTX_EXECUTION_DATE='2024-11-08T00:00:00+00:00' AIRFLOW_CTX_TRY_NUMBER='1' AIRFLOW_CTX_DAG_RUN_ID='scheduled__2024-11-08T00:00:00+00:00'
[2024-11-09T17:48:54.064+0000] {taskinstance.py:731} INFO - ::endgroup::
[2024-11-09T17:48:54.085+0000] {base.py:84} INFO - Retrieving connection 'spark-conn'
[2024-11-09T17:48:54.087+0000] {spark_submit.py:473} INFO - Spark-Submit cmd: spark-submit --master spark://172.23.0.3:7077 --name arrow-spark --deploy-mode client jobs/python/health_check.py
[2024-11-09T17:48:57.739+0000] {spark_submit.py:634} INFO - 24/11/09 17:48:57 INFO SparkContext: Running Spark version 3.4.2
[2024-11-09T17:48:57.817+0000] {spark_submit.py:634} INFO - 24/11/09 17:48:57 WARN NativeCodeLoader: Unable to load native-hadoop library for your platform... using builtin-java classes where applicable
[2024-11-09T17:48:57.938+0000] {spark_submit.py:634} INFO - 24/11/09 17:48:57 INFO ResourceUtils: ==============================================================
[2024-11-09T17:48:57.940+0000] {spark_submit.py:634} INFO - 24/11/09 17:48:57 INFO ResourceUtils: No custom resources configured for spark.driver.
[2024-11-09T17:48:57.941+0000] {spark_submit.py:634} INFO - 24/11/09 17:48:57 INFO ResourceUtils: ==============================================================
[2024-11-09T17:48:57.942+0000] {spark_submit.py:634} INFO - 24/11/09 17:48:57 INFO SparkContext: Submitted application: HealthCheck
[2024-11-09T17:48:57.964+0000] {spark_submit.py:634} INFO - 24/11/09 17:48:57 INFO ResourceProfile: Default ResourceProfile created, executor resources: Map(memory -> name: memory, amount: 1024, script: , vendor: , offHeap -> name: offHeap, amount: 0, script: , vendor: ), task resources: Map(cpus -> name: cpus, amount: 1.0)
[2024-11-09T17:48:57.972+0000] {spark_submit.py:634} INFO - 24/11/09 17:48:57 INFO ResourceProfile: Limiting resource is cpu
[2024-11-09T17:48:57.973+0000] {spark_submit.py:634} INFO - 24/11/09 17:48:57 INFO ResourceProfileManager: Added ResourceProfile id: 0
[2024-11-09T17:48:58.041+0000] {spark_submit.py:634} INFO - 24/11/09 17:48:58 INFO SecurityManager: Changing view acls to: ***
[2024-11-09T17:48:58.043+0000] {spark_submit.py:634} INFO - 24/11/09 17:48:58 INFO SecurityManager: Changing modify acls to: ***
[2024-11-09T17:48:58.044+0000] {spark_submit.py:634} INFO - 24/11/09 17:48:58 INFO SecurityManager: Changing view acls groups to:
[2024-11-09T17:48:58.046+0000] {spark_submit.py:634} INFO - 24/11/09 17:48:58 INFO SecurityManager: Changing modify acls groups to:
[2024-11-09T17:48:58.047+0000] {spark_submit.py:634} INFO - 24/11/09 17:48:58 INFO SecurityManager: SecurityManager: authentication disabled; ui acls disabled; users with view permissions: ***; groups with view permissions: EMPTY; users with modify permissions: ***; groups with modify permissions: EMPTY
[2024-11-09T17:48:58.377+0000] {spark_submit.py:634} INFO - 24/11/09 17:48:58 INFO Utils: Successfully started service 'sparkDriver' on port 33995.
[2024-11-09T17:48:58.423+0000] {spark_submit.py:634} INFO - 24/11/09 17:48:58 INFO SparkEnv: Registering MapOutputTracker
[2024-11-09T17:48:58.477+0000] {spark_submit.py:634} INFO - 24/11/09 17:48:58 INFO SparkEnv: Registering BlockManagerMaster
[2024-11-09T17:48:58.504+0000] {spark_submit.py:634} INFO - 24/11/09 17:48:58 INFO BlockManagerMasterEndpoint: Using org.apache.spark.storage.DefaultTopologyMapper for getting topology information
[2024-11-09T17:48:58.505+0000] {spark_submit.py:634} INFO - 24/11/09 17:48:58 INFO BlockManagerMasterEndpoint: BlockManagerMasterEndpoint up
[2024-11-09T17:48:58.511+0000] {spark_submit.py:634} INFO - 24/11/09 17:48:58 INFO SparkEnv: Registering BlockManagerMasterHeartbeat
[2024-11-09T17:48:58.547+0000] {spark_submit.py:634} INFO - 24/11/09 17:48:58 INFO DiskBlockManager: Created local directory at /tmp/blockmgr-5ad02e97-577a-472c-b305-2bec7cdc9b4a
[2024-11-09T17:48:58.569+0000] {spark_submit.py:634} INFO - 24/11/09 17:48:58 INFO MemoryStore: MemoryStore started with capacity 434.4 MiB
[2024-11-09T17:48:58.594+0000] {spark_submit.py:634} INFO - 24/11/09 17:48:58 INFO SparkEnv: Registering OutputCommitCoordinator
[2024-11-09T17:48:58.793+0000] {spark_submit.py:634} INFO - 24/11/09 17:48:58 INFO JettyUtils: Start Jetty 0.0.0.0:4040 for SparkUI
[2024-11-09T17:48:58.857+0000] {spark_submit.py:634} INFO - 24/11/09 17:48:58 WARN Utils: Service 'SparkUI' could not bind on port 4040. Attempting port 4041.
[2024-11-09T17:48:58.867+0000] {spark_submit.py:634} INFO - 24/11/09 17:48:58 INFO Utils: Successfully started service 'SparkUI' on port 4041.
[2024-11-09T17:48:59.047+0000] {spark_submit.py:634} INFO - 24/11/09 17:48:59 INFO StandaloneAppClient$ClientEndpoint: Connecting to master spark://172.23.0.3:7077...
[2024-11-09T17:48:59.107+0000] {spark_submit.py:634} INFO - 24/11/09 17:48:59 INFO TransportClientFactory: Successfully created connection to /172.23.0.3:7077 after 37 ms (0 ms spent in bootstraps)
[2024-11-09T17:48:59.338+0000] {spark_submit.py:634} INFO - 24/11/09 17:48:59 INFO StandaloneSchedulerBackend: Connected to Spark cluster with app ID app-20241109174859-0001
[2024-11-09T17:48:59.345+0000] {spark_submit.py:634} INFO - 24/11/09 17:48:59 INFO Utils: Successfully started service 'org.apache.spark.network.netty.NettyBlockTransferService' on port 35361.
[2024-11-09T17:48:59.347+0000] {spark_submit.py:634} INFO - 24/11/09 17:48:59 INFO NettyBlockTransferService: Server created on 073a922f9921:35361
[2024-11-09T17:48:59.349+0000] {spark_submit.py:634} INFO - 24/11/09 17:48:59 INFO BlockManager: Using org.apache.spark.storage.RandomBlockReplicationPolicy for block replication policy
[2024-11-09T17:48:59.361+0000] {spark_submit.py:634} INFO - 24/11/09 17:48:59 INFO BlockManagerMaster: Registering BlockManager BlockManagerId(driver, 073a922f9921, 35361, None)
[2024-11-09T17:48:59.366+0000] {spark_submit.py:634} INFO - 24/11/09 17:48:59 INFO BlockManagerMasterEndpoint: Registering block manager 073a922f9921:35361 with 434.4 MiB RAM, BlockManagerId(driver, 073a922f9921, 35361, None)
[2024-11-09T17:48:59.369+0000] {spark_submit.py:634} INFO - 24/11/09 17:48:59 INFO BlockManagerMaster: Registered BlockManager BlockManagerId(driver, 073a922f9921, 35361, None)
[2024-11-09T17:48:59.371+0000] {spark_submit.py:634} INFO - 24/11/09 17:48:59 INFO BlockManager: Initialized BlockManager: BlockManagerId(driver, 073a922f9921, 35361, None)
[2024-11-09T17:48:59.752+0000] {spark_submit.py:634} INFO - 24/11/09 17:48:59 INFO StandaloneSchedulerBackend: SchedulerBackend is ready for scheduling beginning after reached minRegisteredResourcesRatio: 0.0
[2024-11-09T17:49:00.543+0000] {spark_submit.py:634} INFO - 24/11/09 17:49:00 INFO SparkContext: Starting job: collect at /opt/***/jobs/python/health_check.py:11
[2024-11-09T17:49:00.589+0000] {spark_submit.py:634} INFO - 24/11/09 17:49:00 INFO DAGScheduler: Registering RDD 2 (reduceByKey at /opt/***/jobs/python/health_check.py:9) as input to shuffle 0
[2024-11-09T17:49:00.598+0000] {spark_submit.py:634} INFO - 24/11/09 17:49:00 INFO DAGScheduler: Got job 0 (collect at /opt/***/jobs/python/health_check.py:11) with 2 output partitions
[2024-11-09T17:49:00.600+0000] {spark_submit.py:634} INFO - 24/11/09 17:49:00 INFO DAGScheduler: Final stage: ResultStage 1 (collect at /opt/***/jobs/python/health_check.py:11)
[2024-11-09T17:49:00.601+0000] {spark_submit.py:634} INFO - 24/11/09 17:49:00 INFO DAGScheduler: Parents of final stage: List(ShuffleMapStage 0)
[2024-11-09T17:49:00.604+0000] {spark_submit.py:634} INFO - 24/11/09 17:49:00 INFO DAGScheduler: Missing parents: List(ShuffleMapStage 0)
[2024-11-09T17:49:00.611+0000] {spark_submit.py:634} INFO - 24/11/09 17:49:00 INFO DAGScheduler: Submitting ShuffleMapStage 0 (PairwiseRDD[2] at reduceByKey at /opt/***/jobs/python/health_check.py:9), which has no missing parents
[2024-11-09T17:49:00.767+0000] {spark_submit.py:634} INFO - 24/11/09 17:49:00 INFO MemoryStore: Block broadcast_0 stored as values in memory (estimated size 11.1 KiB, free 434.4 MiB)
[2024-11-09T17:49:00.825+0000] {spark_submit.py:634} INFO - 24/11/09 17:49:00 INFO MemoryStore: Block broadcast_0_piece0 stored as bytes in memory (estimated size 7.0 KiB, free 434.4 MiB)
[2024-11-09T17:49:00.830+0000] {spark_submit.py:634} INFO - 24/11/09 17:49:00 INFO BlockManagerInfo: Added broadcast_0_piece0 in memory on 073a922f9921:35361 (size: 7.0 KiB, free: 434.4 MiB)
[2024-11-09T17:49:00.835+0000] {spark_submit.py:634} INFO - 24/11/09 17:49:00 INFO SparkContext: Created broadcast 0 from broadcast at DAGScheduler.scala:1535
[2024-11-09T17:49:00.850+0000] {spark_submit.py:634} INFO - 24/11/09 17:49:00 INFO DAGScheduler: Submitting 2 missing tasks from ShuffleMapStage 0 (PairwiseRDD[2] at reduceByKey at /opt/***/jobs/python/health_check.py:9) (first 15 tasks are for partitions Vector(0, 1))
[2024-11-09T17:49:00.852+0000] {spark_submit.py:634} INFO - 24/11/09 17:49:00 INFO TaskSchedulerImpl: Adding task set 0.0 with 2 tasks resource profile 0
[2024-11-09T17:49:04.677+0000] {spark_submit.py:634} INFO - 24/11/09 17:49:04 INFO StandaloneAppClient$ClientEndpoint: Executor added: app-20241109174859-0001/0 on worker-20241109173848-172.23.0.5-45167 (172.23.0.5:45167) with 2 core(s)
[2024-11-09T17:49:04.679+0000] {spark_submit.py:634} INFO - 24/11/09 17:49:04 INFO StandaloneSchedulerBackend: Granted executor ID app-20241109174859-0001/0 on hostPort 172.23.0.5:45167 with 2 core(s), 1024.0 MiB RAM
[2024-11-09T17:49:04.721+0000] {spark_submit.py:634} INFO - 24/11/09 17:49:04 INFO StandaloneAppClient$ClientEndpoint: Executor updated: app-20241109174859-0001/0 is now RUNNING
[2024-11-09T17:49:07.415+0000] {spark_submit.py:634} INFO - 24/11/09 17:49:07 INFO StandaloneSchedulerBackend$StandaloneDriverEndpoint: Registered executor NettyRpcEndpointRef(spark-client://Executor) (172.23.0.5:51768) with ID 0,  ResourceProfileId 0
[2024-11-09T17:49:07.476+0000] {spark_submit.py:634} INFO - 24/11/09 17:49:07 INFO BlockManagerMasterEndpoint: Registering block manager 172.23.0.5:37243 with 434.4 MiB RAM, BlockManagerId(0, 172.23.0.5, 37243, None)
[2024-11-09T17:49:07.535+0000] {spark_submit.py:634} INFO - 24/11/09 17:49:07 INFO TaskSetManager: Starting task 0.0 in stage 0.0 (TID 0) (172.23.0.5, executor 0, partition 0, PROCESS_LOCAL, 7403 bytes)
[2024-11-09T17:49:07.540+0000] {spark_submit.py:634} INFO - 24/11/09 17:49:07 INFO TaskSetManager: Starting task 1.0 in stage 0.0 (TID 1) (172.23.0.5, executor 0, partition 1, PROCESS_LOCAL, 7436 bytes)
[2024-11-09T17:49:07.774+0000] {spark_submit.py:634} INFO - 24/11/09 17:49:07 INFO BlockManagerInfo: Added broadcast_0_piece0 in memory on 172.23.0.5:37243 (size: 7.0 KiB, free: 434.4 MiB)
[2024-11-09T17:49:08.892+0000] {spark_submit.py:634} INFO - 24/11/09 17:49:08 INFO TaskSetManager: Finished task 1.0 in stage 0.0 (TID 1) in 1352 ms on 172.23.0.5 (executor 0) (1/2)
[2024-11-09T17:49:08.893+0000] {spark_submit.py:634} INFO - 24/11/09 17:49:08 INFO TaskSetManager: Finished task 0.0 in stage 0.0 (TID 0) in 1369 ms on 172.23.0.5 (executor 0) (2/2)
[2024-11-09T17:49:08.894+0000] {spark_submit.py:634} INFO - 24/11/09 17:49:08 INFO TaskSchedulerImpl: Removed TaskSet 0.0, whose tasks have all completed, from pool
[2024-11-09T17:49:08.898+0000] {spark_submit.py:634} INFO - 24/11/09 17:49:08 INFO PythonAccumulatorV2: Connected to AccumulatorServer at host: 127.0.0.1 port: 50263
[2024-11-09T17:49:08.904+0000] {spark_submit.py:634} INFO - 24/11/09 17:49:08 INFO DAGScheduler: ShuffleMapStage 0 (reduceByKey at /opt/***/jobs/python/health_check.py:9) finished in 8.261 s
[2024-11-09T17:49:08.905+0000] {spark_submit.py:634} INFO - 24/11/09 17:49:08 INFO DAGScheduler: looking for newly runnable stages
[2024-11-09T17:49:08.906+0000] {spark_submit.py:634} INFO - 24/11/09 17:49:08 INFO DAGScheduler: running: Set()
[2024-11-09T17:49:08.907+0000] {spark_submit.py:634} INFO - 24/11/09 17:49:08 INFO DAGScheduler: waiting: Set(ResultStage 1)
[2024-11-09T17:49:08.908+0000] {spark_submit.py:634} INFO - 24/11/09 17:49:08 INFO DAGScheduler: failed: Set()
[2024-11-09T17:49:08.909+0000] {spark_submit.py:634} INFO - 24/11/09 17:49:08 INFO DAGScheduler: Submitting ResultStage 1 (PythonRDD[5] at collect at /opt/***/jobs/python/health_check.py:11), which has no missing parents
[2024-11-09T17:49:08.918+0000] {spark_submit.py:634} INFO - 24/11/09 17:49:08 INFO MemoryStore: Block broadcast_1 stored as values in memory (estimated size 10.0 KiB, free 434.4 MiB)
[2024-11-09T17:49:08.921+0000] {spark_submit.py:634} INFO - 24/11/09 17:49:08 INFO MemoryStore: Block broadcast_1_piece0 stored as bytes in memory (estimated size 6.0 KiB, free 434.4 MiB)
[2024-11-09T17:49:08.922+0000] {spark_submit.py:634} INFO - 24/11/09 17:49:08 INFO BlockManagerInfo: Added broadcast_1_piece0 in memory on 073a922f9921:35361 (size: 6.0 KiB, free: 434.4 MiB)
[2024-11-09T17:49:08.923+0000] {spark_submit.py:634} INFO - 24/11/09 17:49:08 INFO SparkContext: Created broadcast 1 from broadcast at DAGScheduler.scala:1535
[2024-11-09T17:49:08.924+0000] {spark_submit.py:634} INFO - 24/11/09 17:49:08 INFO DAGScheduler: Submitting 2 missing tasks from ResultStage 1 (PythonRDD[5] at collect at /opt/***/jobs/python/health_check.py:11) (first 15 tasks are for partitions Vector(0, 1))
[2024-11-09T17:49:08.925+0000] {spark_submit.py:634} INFO - 24/11/09 17:49:08 INFO TaskSchedulerImpl: Adding task set 1.0 with 2 tasks resource profile 0
[2024-11-09T17:49:08.930+0000] {spark_submit.py:634} INFO - 24/11/09 17:49:08 INFO TaskSetManager: Starting task 0.0 in stage 1.0 (TID 2) (172.23.0.5, executor 0, partition 0, NODE_LOCAL, 7185 bytes)
[2024-11-09T17:49:08.931+0000] {spark_submit.py:634} INFO - 24/11/09 17:49:08 INFO TaskSetManager: Starting task 1.0 in stage 1.0 (TID 3) (172.23.0.5, executor 0, partition 1, NODE_LOCAL, 7185 bytes)
[2024-11-09T17:49:08.955+0000] {spark_submit.py:634} INFO - 24/11/09 17:49:08 INFO BlockManagerInfo: Added broadcast_1_piece0 in memory on 172.23.0.5:37243 (size: 6.0 KiB, free: 434.4 MiB)
[2024-11-09T17:49:09.022+0000] {spark_submit.py:634} INFO - 24/11/09 17:49:09 INFO MapOutputTrackerMasterEndpoint: Asked to send map output locations for shuffle 0 to 172.23.0.5:51768
[2024-11-09T17:49:09.228+0000] {spark_submit.py:634} INFO - 24/11/09 17:49:09 INFO TaskSetManager: Finished task 1.0 in stage 1.0 (TID 3) in 298 ms on 172.23.0.5 (executor 0) (1/2)
[2024-11-09T17:49:09.230+0000] {spark_submit.py:634} INFO - 24/11/09 17:49:09 INFO TaskSetManager: Finished task 0.0 in stage 1.0 (TID 2) in 302 ms on 172.23.0.5 (executor 0) (2/2)
[2024-11-09T17:49:09.232+0000] {spark_submit.py:634} INFO - 24/11/09 17:49:09 INFO TaskSchedulerImpl: Removed TaskSet 1.0, whose tasks have all completed, from pool
[2024-11-09T17:49:09.233+0000] {spark_submit.py:634} INFO - 24/11/09 17:49:09 INFO DAGScheduler: ResultStage 1 (collect at /opt/***/jobs/python/health_check.py:11) finished in 0.317 s
[2024-11-09T17:49:09.236+0000] {spark_submit.py:634} INFO - 24/11/09 17:49:09 INFO DAGScheduler: Job 0 is finished. Cancelling potential speculative or zombie tasks for this job
[2024-11-09T17:49:09.237+0000] {spark_submit.py:634} INFO - 24/11/09 17:49:09 INFO TaskSchedulerImpl: Killing all running tasks in stage 1: Stage finished
[2024-11-09T17:49:09.238+0000] {spark_submit.py:634} INFO - 24/11/09 17:49:09 INFO DAGScheduler: Job 0 finished: collect at /opt/***/jobs/python/health_check.py:11, took 8.694677 s
[2024-11-09T17:49:09.253+0000] {spark_submit.py:634} INFO - Python 1
[2024-11-09T17:49:09.254+0000] {spark_submit.py:634} INFO - Airflow 1
[2024-11-09T17:49:09.255+0000] {spark_submit.py:634} INFO - Docker 1
[2024-11-09T17:49:09.256+0000] {spark_submit.py:634} INFO - and 1
[2024-11-09T17:49:09.256+0000] {spark_submit.py:634} INFO - Yusuf 1
[2024-11-09T17:49:09.257+0000] {spark_submit.py:634} INFO - Hello 5
[2024-11-09T17:49:09.258+0000] {spark_submit.py:634} INFO - Spark 1
[2024-11-09T17:49:09.259+0000] {spark_submit.py:634} INFO - 24/11/09 17:49:09 INFO SparkContext: SparkContext is stopping with exitCode 0.
[2024-11-09T17:49:09.263+0000] {spark_submit.py:634} INFO - 24/11/09 17:49:09 INFO SparkUI: Stopped Spark web UI at http://073a922f9921:4041
[2024-11-09T17:49:09.266+0000] {spark_submit.py:634} INFO - 24/11/09 17:49:09 INFO StandaloneSchedulerBackend: Shutting down all executors
[2024-11-09T17:49:09.267+0000] {spark_submit.py:634} INFO - 24/11/09 17:49:09 INFO StandaloneSchedulerBackend$StandaloneDriverEndpoint: Asking each executor to shut down
[2024-11-09T17:49:09.281+0000] {spark_submit.py:634} INFO - 24/11/09 17:49:09 INFO MapOutputTrackerMasterEndpoint: MapOutputTrackerMasterEndpoint stopped!
[2024-11-09T17:49:09.298+0000] {spark_submit.py:634} INFO - 24/11/09 17:49:09 INFO MemoryStore: MemoryStore cleared
[2024-11-09T17:49:09.300+0000] {spark_submit.py:634} INFO - 24/11/09 17:49:09 INFO BlockManager: BlockManager stopped
[2024-11-09T17:49:09.306+0000] {spark_submit.py:634} INFO - 24/11/09 17:49:09 INFO BlockManagerMaster: BlockManagerMaster stopped
[2024-11-09T17:49:09.308+0000] {spark_submit.py:634} INFO - 24/11/09 17:49:09 INFO OutputCommitCoordinator$OutputCommitCoordinatorEndpoint: OutputCommitCoordinator stopped!
[2024-11-09T17:49:09.319+0000] {spark_submit.py:634} INFO - 24/11/09 17:49:09 INFO SparkContext: Successfully stopped SparkContext
[2024-11-09T17:49:10.280+0000] {spark_submit.py:634} INFO - 24/11/09 17:49:10 INFO ShutdownHookManager: Shutdown hook called
[2024-11-09T17:49:10.281+0000] {spark_submit.py:634} INFO - 24/11/09 17:49:10 INFO ShutdownHookManager: Deleting directory /tmp/spark-2945b988-f305-4436-afc4-9e3e7c4231f1/pyspark-7e64acac-dcc2-4ba4-b1ec-fffcfd26044a
[2024-11-09T17:49:10.284+0000] {spark_submit.py:634} INFO - 24/11/09 17:49:10 INFO ShutdownHookManager: Deleting directory /tmp/spark-2945b988-f305-4436-afc4-9e3e7c4231f1
[2024-11-09T17:49:10.288+0000] {spark_submit.py:634} INFO - 24/11/09 17:49:10 INFO ShutdownHookManager: Deleting directory /tmp/spark-3ea762dd-8375-4c2e-9e14-58f98abcdede
[2024-11-09T17:49:10.332+0000] {taskinstance.py:340} INFO - ::group::Post task execution logs
[2024-11-09T17:49:10.333+0000] {taskinstance.py:352} INFO - Marking task as SUCCESS. dag_id=spotify_pipeline, task_id=health_check, run_id=scheduled__2024-11-08T00:00:00+00:00, execution_date=20241108T000000, start_date=20241109T174853, end_date=20241109T174910
[2024-11-09T17:49:10.385+0000] {local_task_job_runner.py:266} INFO - Task exited with return code 0
[2024-11-09T17:49:10.400+0000] {taskinstance.py:3900} INFO - 0 downstream tasks scheduled from follow-on schedule check
[2024-11-09T17:49:10.403+0000] {local_task_job_runner.py:245} INFO - ::endgroup::
