[2024-11-09T11:42:33.913+0000] {local_task_job_runner.py:123} INFO - ::group::Pre task execution logs
[2024-11-09T11:42:33.941+0000] {taskinstance.py:2612} INFO - Dependencies all met for dep_context=non-requeueable deps ti=<TaskInstance: sparking_flow.scala_job manual__2024-11-09T11:42:31.798805+00:00 [queued]>
[2024-11-09T11:42:33.952+0000] {taskinstance.py:2612} INFO - Dependencies all met for dep_context=requeueable deps ti=<TaskInstance: sparking_flow.scala_job manual__2024-11-09T11:42:31.798805+00:00 [queued]>
[2024-11-09T11:42:33.954+0000] {taskinstance.py:2865} INFO - Starting attempt 1 of 1
[2024-11-09T11:42:33.973+0000] {taskinstance.py:2888} INFO - Executing <Task(SparkSubmitOperator): scala_job> on 2024-11-09 11:42:31.798805+00:00
[2024-11-09T11:42:33.980+0000] {standard_task_runner.py:72} INFO - Started process 640 to run task
[2024-11-09T11:42:33.984+0000] {standard_task_runner.py:104} INFO - Running: ['***', 'tasks', 'run', 'sparking_flow', 'scala_job', 'manual__2024-11-09T11:42:31.798805+00:00', '--job-id', '13', '--raw', '--subdir', 'DAGS_FOLDER/spark_***.py', '--cfg-path', '/tmp/tmpl3z1zkwr']
[2024-11-09T11:42:33.986+0000] {standard_task_runner.py:105} INFO - Job 13: Subtask scala_job
[2024-11-09T11:42:34.059+0000] {task_command.py:467} INFO - Running <TaskInstance: sparking_flow.scala_job manual__2024-11-09T11:42:31.798805+00:00 [running]> on host 3d16453afa47
[2024-11-09T11:42:34.171+0000] {taskinstance.py:3131} INFO - Exporting env vars: AIRFLOW_CTX_DAG_OWNER='Yusuf Ganiyu' AIRFLOW_CTX_DAG_ID='sparking_flow' AIRFLOW_CTX_TASK_ID='scala_job' AIRFLOW_CTX_EXECUTION_DATE='2024-11-09T11:42:31.798805+00:00' AIRFLOW_CTX_TRY_NUMBER='1' AIRFLOW_CTX_DAG_RUN_ID='manual__2024-11-09T11:42:31.798805+00:00'
[2024-11-09T11:42:34.173+0000] {taskinstance.py:731} INFO - ::endgroup::
[2024-11-09T11:42:34.196+0000] {base.py:84} INFO - Retrieving connection 'spark-conn'
[2024-11-09T11:42:34.198+0000] {spark_submit.py:473} INFO - Spark-Submit cmd: spark-submit --master spark://172.23.0.3:7077 --name arrow-spark --deploy-mode client jobs/scala/target/scala-2.12/word-count_2.12-0.1.jar
[2024-11-09T11:42:37.020+0000] {spark_submit.py:634} INFO - 24/11/09 11:42:37 WARN NativeCodeLoader: Unable to load native-hadoop library for your platform... using builtin-java classes where applicable
[2024-11-09T11:42:37.404+0000] {spark_submit.py:634} INFO - 24/11/09 11:42:37 INFO SparkContext: Running Spark version 3.4.2
[2024-11-09T11:42:37.467+0000] {spark_submit.py:634} INFO - 24/11/09 11:42:37 INFO ResourceUtils: ==============================================================
[2024-11-09T11:42:37.470+0000] {spark_submit.py:634} INFO - 24/11/09 11:42:37 INFO ResourceUtils: No custom resources configured for spark.driver.
[2024-11-09T11:42:37.472+0000] {spark_submit.py:634} INFO - 24/11/09 11:42:37 INFO ResourceUtils: ==============================================================
[2024-11-09T11:42:37.473+0000] {spark_submit.py:634} INFO - 24/11/09 11:42:37 INFO SparkContext: Submitted application: Word Count
[2024-11-09T11:42:37.512+0000] {spark_submit.py:634} INFO - 24/11/09 11:42:37 INFO ResourceProfile: Default ResourceProfile created, executor resources: Map(memory -> name: memory, amount: 1024, script: , vendor: , offHeap -> name: offHeap, amount: 0, script: , vendor: ), task resources: Map(cpus -> name: cpus, amount: 1.0)
[2024-11-09T11:42:37.526+0000] {spark_submit.py:634} INFO - 24/11/09 11:42:37 INFO ResourceProfile: Limiting resource is cpu
[2024-11-09T11:42:37.528+0000] {spark_submit.py:634} INFO - 24/11/09 11:42:37 INFO ResourceProfileManager: Added ResourceProfile id: 0
[2024-11-09T11:42:37.605+0000] {spark_submit.py:634} INFO - 24/11/09 11:42:37 INFO SecurityManager: Changing view acls to: ***
[2024-11-09T11:42:37.608+0000] {spark_submit.py:634} INFO - 24/11/09 11:42:37 INFO SecurityManager: Changing modify acls to: ***
[2024-11-09T11:42:37.609+0000] {spark_submit.py:634} INFO - 24/11/09 11:42:37 INFO SecurityManager: Changing view acls groups to:
[2024-11-09T11:42:37.611+0000] {spark_submit.py:634} INFO - 24/11/09 11:42:37 INFO SecurityManager: Changing modify acls groups to:
[2024-11-09T11:42:37.613+0000] {spark_submit.py:634} INFO - 24/11/09 11:42:37 INFO SecurityManager: SecurityManager: authentication disabled; ui acls disabled; users with view permissions: ***; groups with view permissions: EMPTY; users with modify permissions: ***; groups with modify permissions: EMPTY
[2024-11-09T11:42:37.978+0000] {spark_submit.py:634} INFO - 24/11/09 11:42:37 INFO Utils: Successfully started service 'sparkDriver' on port 44457.
[2024-11-09T11:42:38.015+0000] {spark_submit.py:634} INFO - 24/11/09 11:42:38 INFO SparkEnv: Registering MapOutputTracker
[2024-11-09T11:42:38.060+0000] {spark_submit.py:634} INFO - 24/11/09 11:42:38 INFO SparkEnv: Registering BlockManagerMaster
[2024-11-09T11:42:38.080+0000] {spark_submit.py:634} INFO - 24/11/09 11:42:38 INFO BlockManagerMasterEndpoint: Using org.apache.spark.storage.DefaultTopologyMapper for getting topology information
[2024-11-09T11:42:38.082+0000] {spark_submit.py:634} INFO - 24/11/09 11:42:38 INFO BlockManagerMasterEndpoint: BlockManagerMasterEndpoint up
[2024-11-09T11:42:38.087+0000] {spark_submit.py:634} INFO - 24/11/09 11:42:38 INFO SparkEnv: Registering BlockManagerMasterHeartbeat
[2024-11-09T11:42:38.111+0000] {spark_submit.py:634} INFO - 24/11/09 11:42:38 INFO DiskBlockManager: Created local directory at /tmp/blockmgr-5e67b6a8-780c-47d6-879b-78bcad755e8f
[2024-11-09T11:42:38.131+0000] {spark_submit.py:634} INFO - 24/11/09 11:42:38 INFO MemoryStore: MemoryStore started with capacity 434.4 MiB
[2024-11-09T11:42:38.154+0000] {spark_submit.py:634} INFO - 24/11/09 11:42:38 INFO SparkEnv: Registering OutputCommitCoordinator
[2024-11-09T11:42:38.370+0000] {spark_submit.py:634} INFO - 24/11/09 11:42:38 INFO JettyUtils: Start Jetty 0.0.0.0:4040 for SparkUI
[2024-11-09T11:42:38.451+0000] {spark_submit.py:634} INFO - 24/11/09 11:42:38 WARN Utils: Service 'SparkUI' could not bind on port 4040. Attempting port 4041.
[2024-11-09T11:42:38.464+0000] {spark_submit.py:634} INFO - 24/11/09 11:42:38 INFO Utils: Successfully started service 'SparkUI' on port 4041.
[2024-11-09T11:42:38.513+0000] {spark_submit.py:634} INFO - 24/11/09 11:42:38 INFO SparkContext: Added JAR file:/opt/***/jobs/scala/target/scala-2.12/word-count_2.12-0.1.jar at spark://3d16453afa47:44457/jars/word-count_2.12-0.1.jar with timestamp 1731152557393
[2024-11-09T11:42:38.643+0000] {spark_submit.py:634} INFO - 24/11/09 11:42:38 INFO StandaloneAppClient$ClientEndpoint: Connecting to master spark://spark-master:7077...
[2024-11-09T11:42:38.706+0000] {spark_submit.py:634} INFO - 24/11/09 11:42:38 INFO TransportClientFactory: Successfully created connection to spark-master/172.23.0.3:7077 after 34 ms (0 ms spent in bootstraps)
[2024-11-09T11:42:38.936+0000] {spark_submit.py:634} INFO - 24/11/09 11:42:38 INFO StandaloneSchedulerBackend: Connected to Spark cluster with app ID app-20241109114238-0000
[2024-11-09T11:42:38.950+0000] {spark_submit.py:634} INFO - 24/11/09 11:42:38 INFO Utils: Successfully started service 'org.apache.spark.network.netty.NettyBlockTransferService' on port 44167.
[2024-11-09T11:42:38.952+0000] {spark_submit.py:634} INFO - 24/11/09 11:42:38 INFO NettyBlockTransferService: Server created on 3d16453afa47:44167
[2024-11-09T11:42:38.956+0000] {spark_submit.py:634} INFO - 24/11/09 11:42:38 INFO BlockManager: Using org.apache.spark.storage.RandomBlockReplicationPolicy for block replication policy
[2024-11-09T11:42:38.973+0000] {spark_submit.py:634} INFO - 24/11/09 11:42:38 INFO BlockManagerMaster: Registering BlockManager BlockManagerId(driver, 3d16453afa47, 44167, None)
[2024-11-09T11:42:38.981+0000] {spark_submit.py:634} INFO - 24/11/09 11:42:38 INFO BlockManagerMasterEndpoint: Registering block manager 3d16453afa47:44167 with 434.4 MiB RAM, BlockManagerId(driver, 3d16453afa47, 44167, None)
[2024-11-09T11:42:38.985+0000] {spark_submit.py:634} INFO - 24/11/09 11:42:38 INFO StandaloneAppClient$ClientEndpoint: Executor added: app-20241109114238-0000/0 on worker-20241109113523-172.23.0.5-35483 (172.23.0.5:35483) with 2 core(s)
[2024-11-09T11:42:38.987+0000] {spark_submit.py:634} INFO - 24/11/09 11:42:38 INFO BlockManagerMaster: Registered BlockManager BlockManagerId(driver, 3d16453afa47, 44167, None)
[2024-11-09T11:42:38.992+0000] {spark_submit.py:634} INFO - 24/11/09 11:42:38 INFO StandaloneSchedulerBackend: Granted executor ID app-20241109114238-0000/0 on hostPort 172.23.0.5:35483 with 2 core(s), 1024.0 MiB RAM
[2024-11-09T11:42:38.996+0000] {spark_submit.py:634} INFO - 24/11/09 11:42:38 INFO BlockManager: Initialized BlockManager: BlockManagerId(driver, 3d16453afa47, 44167, None)
[2024-11-09T11:42:39.299+0000] {spark_submit.py:634} INFO - 24/11/09 11:42:39 INFO StandaloneAppClient$ClientEndpoint: Executor updated: app-20241109114238-0000/0 is now RUNNING
[2024-11-09T11:42:39.464+0000] {spark_submit.py:634} INFO - 24/11/09 11:42:39 INFO StandaloneSchedulerBackend: SchedulerBackend is ready for scheduling beginning after reached minRegisteredResourcesRatio: 0.0
[2024-11-09T11:42:40.478+0000] {spark_submit.py:634} INFO - 24/11/09 11:42:40 INFO SparkContext: Starting job: collect at wordcount.scala:14
[2024-11-09T11:42:41.224+0000] {spark_submit.py:634} INFO - 24/11/09 11:42:41 INFO DAGScheduler: Registering RDD 2 (map at wordcount.scala:11) as input to shuffle 0
[2024-11-09T11:42:41.233+0000] {spark_submit.py:634} INFO - 24/11/09 11:42:41 INFO DAGScheduler: Got job 0 (collect at wordcount.scala:14) with 2 output partitions
[2024-11-09T11:42:41.239+0000] {spark_submit.py:634} INFO - 24/11/09 11:42:41 INFO DAGScheduler: Final stage: ResultStage 1 (collect at wordcount.scala:14)
[2024-11-09T11:42:41.243+0000] {spark_submit.py:634} INFO - 24/11/09 11:42:41 INFO DAGScheduler: Parents of final stage: List(ShuffleMapStage 0)
[2024-11-09T11:42:41.246+0000] {spark_submit.py:634} INFO - 24/11/09 11:42:41 INFO DAGScheduler: Missing parents: List(ShuffleMapStage 0)
[2024-11-09T11:42:41.259+0000] {spark_submit.py:634} INFO - 24/11/09 11:42:41 INFO DAGScheduler: Submitting ShuffleMapStage 0 (MapPartitionsRDD[2] at map at wordcount.scala:11), which has no missing parents
[2024-11-09T11:42:41.406+0000] {spark_submit.py:634} INFO - 24/11/09 11:42:41 INFO MemoryStore: Block broadcast_0 stored as values in memory (estimated size 5.5 KiB, free 434.4 MiB)
[2024-11-09T11:42:41.451+0000] {spark_submit.py:634} INFO - 24/11/09 11:42:41 INFO MemoryStore: Block broadcast_0_piece0 stored as bytes in memory (estimated size 3.2 KiB, free 434.4 MiB)
[2024-11-09T11:42:41.457+0000] {spark_submit.py:634} INFO - 24/11/09 11:42:41 INFO BlockManagerInfo: Added broadcast_0_piece0 in memory on 3d16453afa47:44167 (size: 3.2 KiB, free: 434.4 MiB)
[2024-11-09T11:42:41.464+0000] {spark_submit.py:634} INFO - 24/11/09 11:42:41 INFO SparkContext: Created broadcast 0 from broadcast at DAGScheduler.scala:1535
[2024-11-09T11:42:41.494+0000] {spark_submit.py:634} INFO - 24/11/09 11:42:41 INFO DAGScheduler: Submitting 2 missing tasks from ShuffleMapStage 0 (MapPartitionsRDD[2] at map at wordcount.scala:11) (first 15 tasks are for partitions Vector(0, 1))
[2024-11-09T11:42:41.497+0000] {spark_submit.py:634} INFO - 24/11/09 11:42:41 INFO TaskSchedulerImpl: Adding task set 0.0 with 2 tasks resource profile 0
[2024-11-09T11:42:43.046+0000] {spark_submit.py:634} INFO - 24/11/09 11:42:43 INFO StandaloneSchedulerBackend$StandaloneDriverEndpoint: Registered executor NettyRpcEndpointRef(spark-client://Executor) (172.23.0.5:43474) with ID 0,  ResourceProfileId 0
[2024-11-09T11:42:43.102+0000] {spark_submit.py:634} INFO - 24/11/09 11:42:43 INFO BlockManagerMasterEndpoint: Registering block manager 172.23.0.5:38321 with 434.4 MiB RAM, BlockManagerId(0, 172.23.0.5, 38321, None)
[2024-11-09T11:42:43.201+0000] {spark_submit.py:634} INFO - 24/11/09 11:42:43 INFO TaskSetManager: Starting task 0.0 in stage 0.0 (TID 0) (172.23.0.5, executor 0, partition 0, PROCESS_LOCAL, 7380 bytes)
[2024-11-09T11:42:43.205+0000] {spark_submit.py:634} INFO - 24/11/09 11:42:43 INFO TaskSetManager: Starting task 1.0 in stage 0.0 (TID 1) (172.23.0.5, executor 0, partition 1, PROCESS_LOCAL, 7395 bytes)
[2024-11-09T11:42:43.407+0000] {spark_submit.py:634} INFO - 24/11/09 11:42:43 INFO BlockManagerInfo: Added broadcast_0_piece0 in memory on 172.23.0.5:38321 (size: 3.2 KiB, free: 434.4 MiB)
[2024-11-09T11:42:43.874+0000] {spark_submit.py:634} INFO - 24/11/09 11:42:43 INFO TaskSetManager: Finished task 0.0 in stage 0.0 (TID 0) in 684 ms on 172.23.0.5 (executor 0) (1/2)
[2024-11-09T11:42:43.875+0000] {spark_submit.py:634} INFO - 24/11/09 11:42:43 INFO TaskSetManager: Finished task 1.0 in stage 0.0 (TID 1) in 670 ms on 172.23.0.5 (executor 0) (2/2)
[2024-11-09T11:42:43.877+0000] {spark_submit.py:634} INFO - 24/11/09 11:42:43 INFO TaskSchedulerImpl: Removed TaskSet 0.0, whose tasks have all completed, from pool
[2024-11-09T11:42:43.884+0000] {spark_submit.py:634} INFO - 24/11/09 11:42:43 INFO DAGScheduler: ShuffleMapStage 0 (map at wordcount.scala:11) finished in 2.593 s
[2024-11-09T11:42:43.885+0000] {spark_submit.py:634} INFO - 24/11/09 11:42:43 INFO DAGScheduler: looking for newly runnable stages
[2024-11-09T11:42:43.887+0000] {spark_submit.py:634} INFO - 24/11/09 11:42:43 INFO DAGScheduler: running: Set()
[2024-11-09T11:42:43.888+0000] {spark_submit.py:634} INFO - 24/11/09 11:42:43 INFO DAGScheduler: waiting: Set(ResultStage 1)
[2024-11-09T11:42:43.889+0000] {spark_submit.py:634} INFO - 24/11/09 11:42:43 INFO DAGScheduler: failed: Set()
[2024-11-09T11:42:43.890+0000] {spark_submit.py:634} INFO - 24/11/09 11:42:43 INFO DAGScheduler: Submitting ResultStage 1 (ShuffledRDD[3] at reduceByKey at wordcount.scala:12), which has no missing parents
[2024-11-09T11:42:43.900+0000] {spark_submit.py:634} INFO - 24/11/09 11:42:43 INFO MemoryStore: Block broadcast_1 stored as values in memory (estimated size 5.2 KiB, free 434.4 MiB)
[2024-11-09T11:42:43.903+0000] {spark_submit.py:634} INFO - 24/11/09 11:42:43 INFO MemoryStore: Block broadcast_1_piece0 stored as bytes in memory (estimated size 3.1 KiB, free 434.4 MiB)
[2024-11-09T11:42:43.904+0000] {spark_submit.py:634} INFO - 24/11/09 11:42:43 INFO BlockManagerInfo: Added broadcast_1_piece0 in memory on 3d16453afa47:44167 (size: 3.1 KiB, free: 434.4 MiB)
[2024-11-09T11:42:43.905+0000] {spark_submit.py:634} INFO - 24/11/09 11:42:43 INFO SparkContext: Created broadcast 1 from broadcast at DAGScheduler.scala:1535
[2024-11-09T11:42:43.907+0000] {spark_submit.py:634} INFO - 24/11/09 11:42:43 INFO DAGScheduler: Submitting 2 missing tasks from ResultStage 1 (ShuffledRDD[3] at reduceByKey at wordcount.scala:12) (first 15 tasks are for partitions Vector(0, 1))
[2024-11-09T11:42:43.908+0000] {spark_submit.py:634} INFO - 24/11/09 11:42:43 INFO TaskSchedulerImpl: Adding task set 1.0 with 2 tasks resource profile 0
[2024-11-09T11:42:43.914+0000] {spark_submit.py:634} INFO - 24/11/09 11:42:43 INFO TaskSetManager: Starting task 0.0 in stage 1.0 (TID 2) (172.23.0.5, executor 0, partition 0, NODE_LOCAL, 7185 bytes)
[2024-11-09T11:42:43.916+0000] {spark_submit.py:634} INFO - 24/11/09 11:42:43 INFO TaskSetManager: Starting task 1.0 in stage 1.0 (TID 3) (172.23.0.5, executor 0, partition 1, NODE_LOCAL, 7185 bytes)
[2024-11-09T11:42:43.939+0000] {spark_submit.py:634} INFO - 24/11/09 11:42:43 INFO BlockManagerInfo: Added broadcast_1_piece0 in memory on 172.23.0.5:38321 (size: 3.1 KiB, free: 434.4 MiB)
[2024-11-09T11:42:43.990+0000] {spark_submit.py:634} INFO - 24/11/09 11:42:43 INFO MapOutputTrackerMasterEndpoint: Asked to send map output locations for shuffle 0 to 172.23.0.5:43474
[2024-11-09T11:42:44.021+0000] {spark_submit.py:634} INFO - 24/11/09 11:42:44 INFO BlockManagerInfo: Removed broadcast_0_piece0 on 3d16453afa47:44167 in memory (size: 3.2 KiB, free: 434.4 MiB)
[2024-11-09T11:42:44.030+0000] {spark_submit.py:634} INFO - 24/11/09 11:42:44 INFO BlockManagerInfo: Removed broadcast_0_piece0 on 172.23.0.5:38321 in memory (size: 3.2 KiB, free: 434.4 MiB)
[2024-11-09T11:42:44.105+0000] {spark_submit.py:634} INFO - 24/11/09 11:42:44 INFO TaskSetManager: Finished task 1.0 in stage 1.0 (TID 3) in 190 ms on 172.23.0.5 (executor 0) (1/2)
[2024-11-09T11:42:44.107+0000] {spark_submit.py:634} INFO - 24/11/09 11:42:44 INFO TaskSetManager: Finished task 0.0 in stage 1.0 (TID 2) in 195 ms on 172.23.0.5 (executor 0) (2/2)
[2024-11-09T11:42:44.108+0000] {spark_submit.py:634} INFO - 24/11/09 11:42:44 INFO TaskSchedulerImpl: Removed TaskSet 1.0, whose tasks have all completed, from pool
[2024-11-09T11:42:44.110+0000] {spark_submit.py:634} INFO - 24/11/09 11:42:44 INFO DAGScheduler: ResultStage 1 (collect at wordcount.scala:14) finished in 0.212 s
[2024-11-09T11:42:44.113+0000] {spark_submit.py:634} INFO - 24/11/09 11:42:44 INFO DAGScheduler: Job 0 is finished. Cancelling potential speculative or zombie tasks for this job
[2024-11-09T11:42:44.115+0000] {spark_submit.py:634} INFO - 24/11/09 11:42:44 INFO TaskSchedulerImpl: Killing all running tasks in stage 1: Stage finished
[2024-11-09T11:42:44.125+0000] {spark_submit.py:634} INFO - 24/11/09 11:42:44 INFO DAGScheduler: Job 0 finished: collect at wordcount.scala:14, took 3.645698 s
[2024-11-09T11:42:44.130+0000] {spark_submit.py:634} INFO - (Hello,5)
[2024-11-09T11:42:44.131+0000] {spark_submit.py:634} INFO - (Yusuf,1)
[2024-11-09T11:42:44.132+0000] {spark_submit.py:634} INFO - (World,1)
[2024-11-09T11:42:44.134+0000] {spark_submit.py:634} INFO - (Scala,1)
[2024-11-09T11:42:44.135+0000] {spark_submit.py:634} INFO - (Docker,1)
[2024-11-09T11:42:44.136+0000] {spark_submit.py:634} INFO - (spark,1)
[2024-11-09T11:42:44.137+0000] {spark_submit.py:634} INFO - 24/11/09 11:42:44 INFO SparkContext: SparkContext is stopping with exitCode 0.
[2024-11-09T11:42:44.147+0000] {spark_submit.py:634} INFO - 24/11/09 11:42:44 INFO SparkUI: Stopped Spark web UI at http://3d16453afa47:4041
[2024-11-09T11:42:44.151+0000] {spark_submit.py:634} INFO - 24/11/09 11:42:44 INFO StandaloneSchedulerBackend: Shutting down all executors
[2024-11-09T11:42:44.153+0000] {spark_submit.py:634} INFO - 24/11/09 11:42:44 INFO StandaloneSchedulerBackend$StandaloneDriverEndpoint: Asking each executor to shut down
[2024-11-09T11:42:44.173+0000] {spark_submit.py:634} INFO - 24/11/09 11:42:44 INFO MapOutputTrackerMasterEndpoint: MapOutputTrackerMasterEndpoint stopped!
[2024-11-09T11:42:44.198+0000] {spark_submit.py:634} INFO - 24/11/09 11:42:44 INFO MemoryStore: MemoryStore cleared
[2024-11-09T11:42:44.200+0000] {spark_submit.py:634} INFO - 24/11/09 11:42:44 INFO BlockManager: BlockManager stopped
[2024-11-09T11:42:44.204+0000] {spark_submit.py:634} INFO - 24/11/09 11:42:44 INFO BlockManagerMaster: BlockManagerMaster stopped
[2024-11-09T11:42:44.207+0000] {spark_submit.py:634} INFO - 24/11/09 11:42:44 INFO OutputCommitCoordinator$OutputCommitCoordinatorEndpoint: OutputCommitCoordinator stopped!
[2024-11-09T11:42:44.222+0000] {spark_submit.py:634} INFO - 24/11/09 11:42:44 INFO SparkContext: Successfully stopped SparkContext
[2024-11-09T11:42:44.227+0000] {spark_submit.py:634} INFO - 24/11/09 11:42:44 INFO ShutdownHookManager: Shutdown hook called
[2024-11-09T11:42:44.230+0000] {spark_submit.py:634} INFO - 24/11/09 11:42:44 INFO ShutdownHookManager: Deleting directory /tmp/spark-4679adc0-eb76-4ba3-9bd1-2365323f738b
[2024-11-09T11:42:44.235+0000] {spark_submit.py:634} INFO - 24/11/09 11:42:44 INFO ShutdownHookManager: Deleting directory /tmp/spark-97509eec-23a2-4d70-a79a-99b17ea48ae6
[2024-11-09T11:42:44.288+0000] {taskinstance.py:340} INFO - ::group::Post task execution logs
[2024-11-09T11:42:44.289+0000] {taskinstance.py:352} INFO - Marking task as SUCCESS. dag_id=sparking_flow, task_id=scala_job, run_id=manual__2024-11-09T11:42:31.798805+00:00, execution_date=20241109T114231, start_date=20241109T114233, end_date=20241109T114244
[2024-11-09T11:42:44.350+0000] {local_task_job_runner.py:266} INFO - Task exited with return code 0
[2024-11-09T11:42:44.360+0000] {local_task_job_runner.py:245} INFO - ::endgroup::
