[2024-11-09T17:53:55.285+0000] {local_task_job_runner.py:123} INFO - ::group::Pre task execution logs
[2024-11-09T17:53:55.304+0000] {taskinstance.py:2612} INFO - Dependencies all met for dep_context=non-requeueable deps ti=<TaskInstance: spotify_pipeline.health_check manual__2024-11-09T17:53:54.056446+00:00 [queued]>
[2024-11-09T17:53:55.313+0000] {taskinstance.py:2612} INFO - Dependencies all met for dep_context=requeueable deps ti=<TaskInstance: spotify_pipeline.health_check manual__2024-11-09T17:53:54.056446+00:00 [queued]>
[2024-11-09T17:53:55.314+0000] {taskinstance.py:2865} INFO - Starting attempt 1 of 1
[2024-11-09T17:53:55.335+0000] {taskinstance.py:2888} INFO - Executing <Task(SparkSubmitOperator): health_check> on 2024-11-09 17:53:54.056446+00:00
[2024-11-09T17:53:55.339+0000] {standard_task_runner.py:72} INFO - Started process 207 to run task
[2024-11-09T17:53:55.341+0000] {standard_task_runner.py:104} INFO - Running: ['***', 'tasks', 'run', 'spotify_pipeline', 'health_check', 'manual__2024-11-09T17:53:54.056446+00:00', '--job-id', '36', '--raw', '--subdir', 'DAGS_FOLDER/spotify_pipeline.py', '--cfg-path', '/tmp/tmpjw3ydknp']
[2024-11-09T17:53:55.344+0000] {standard_task_runner.py:105} INFO - Job 36: Subtask health_check
[2024-11-09T17:53:55.392+0000] {task_command.py:467} INFO - Running <TaskInstance: spotify_pipeline.health_check manual__2024-11-09T17:53:54.056446+00:00 [running]> on host d2265ead819e
[2024-11-09T17:53:55.474+0000] {taskinstance.py:3131} INFO - Exporting env vars: AIRFLOW_CTX_DAG_OWNER='JK' AIRFLOW_CTX_DAG_ID='spotify_pipeline' AIRFLOW_CTX_TASK_ID='health_check' AIRFLOW_CTX_EXECUTION_DATE='2024-11-09T17:53:54.056446+00:00' AIRFLOW_CTX_TRY_NUMBER='1' AIRFLOW_CTX_DAG_RUN_ID='manual__2024-11-09T17:53:54.056446+00:00'
[2024-11-09T17:53:55.475+0000] {taskinstance.py:731} INFO - ::endgroup::
[2024-11-09T17:53:55.494+0000] {base.py:84} INFO - Retrieving connection 'spark-conn'
[2024-11-09T17:53:55.496+0000] {spark_submit.py:473} INFO - Spark-Submit cmd: spark-submit --master spark://172.23.0.3:7077 --name arrow-spark --deploy-mode client jobs/python/health_check.py
[2024-11-09T17:53:58.275+0000] {spark_submit.py:634} INFO - 24/11/09 17:53:58 INFO SparkContext: Running Spark version 3.4.2
[2024-11-09T17:53:58.351+0000] {spark_submit.py:634} INFO - 24/11/09 17:53:58 WARN NativeCodeLoader: Unable to load native-hadoop library for your platform... using builtin-java classes where applicable
[2024-11-09T17:53:58.469+0000] {spark_submit.py:634} INFO - 24/11/09 17:53:58 INFO ResourceUtils: ==============================================================
[2024-11-09T17:53:58.471+0000] {spark_submit.py:634} INFO - 24/11/09 17:53:58 INFO ResourceUtils: No custom resources configured for spark.driver.
[2024-11-09T17:53:58.474+0000] {spark_submit.py:634} INFO - 24/11/09 17:53:58 INFO ResourceUtils: ==============================================================
[2024-11-09T17:53:58.478+0000] {spark_submit.py:634} INFO - 24/11/09 17:53:58 INFO SparkContext: Submitted application: HealthCheck
[2024-11-09T17:53:58.510+0000] {spark_submit.py:634} INFO - 24/11/09 17:53:58 INFO ResourceProfile: Default ResourceProfile created, executor resources: Map(memory -> name: memory, amount: 1024, script: , vendor: , offHeap -> name: offHeap, amount: 0, script: , vendor: ), task resources: Map(cpus -> name: cpus, amount: 1.0)
[2024-11-09T17:53:58.523+0000] {spark_submit.py:634} INFO - 24/11/09 17:53:58 INFO ResourceProfile: Limiting resource is cpu
[2024-11-09T17:53:58.524+0000] {spark_submit.py:634} INFO - 24/11/09 17:53:58 INFO ResourceProfileManager: Added ResourceProfile id: 0
[2024-11-09T17:53:58.578+0000] {spark_submit.py:634} INFO - 24/11/09 17:53:58 INFO SecurityManager: Changing view acls to: root
[2024-11-09T17:53:58.579+0000] {spark_submit.py:634} INFO - 24/11/09 17:53:58 INFO SecurityManager: Changing modify acls to: root
[2024-11-09T17:53:58.580+0000] {spark_submit.py:634} INFO - 24/11/09 17:53:58 INFO SecurityManager: Changing view acls groups to:
[2024-11-09T17:53:58.581+0000] {spark_submit.py:634} INFO - 24/11/09 17:53:58 INFO SecurityManager: Changing modify acls groups to:
[2024-11-09T17:53:58.583+0000] {spark_submit.py:634} INFO - 24/11/09 17:53:58 INFO SecurityManager: SecurityManager: authentication disabled; ui acls disabled; users with view permissions: root; groups with view permissions: EMPTY; users with modify permissions: root; groups with modify permissions: EMPTY
[2024-11-09T17:53:58.898+0000] {spark_submit.py:634} INFO - 24/11/09 17:53:58 INFO Utils: Successfully started service 'sparkDriver' on port 37355.
[2024-11-09T17:53:58.931+0000] {spark_submit.py:634} INFO - 24/11/09 17:53:58 INFO SparkEnv: Registering MapOutputTracker
[2024-11-09T17:53:58.973+0000] {spark_submit.py:634} INFO - 24/11/09 17:53:58 INFO SparkEnv: Registering BlockManagerMaster
[2024-11-09T17:53:59.009+0000] {spark_submit.py:634} INFO - 24/11/09 17:53:59 INFO BlockManagerMasterEndpoint: Using org.apache.spark.storage.DefaultTopologyMapper for getting topology information
[2024-11-09T17:53:59.010+0000] {spark_submit.py:634} INFO - 24/11/09 17:53:59 INFO BlockManagerMasterEndpoint: BlockManagerMasterEndpoint up
[2024-11-09T17:53:59.017+0000] {spark_submit.py:634} INFO - 24/11/09 17:53:59 INFO SparkEnv: Registering BlockManagerMasterHeartbeat
[2024-11-09T17:53:59.042+0000] {spark_submit.py:634} INFO - 24/11/09 17:53:59 INFO DiskBlockManager: Created local directory at /tmp/blockmgr-19d24906-17f7-4273-b115-bf5b16f95238
[2024-11-09T17:53:59.062+0000] {spark_submit.py:634} INFO - 24/11/09 17:53:59 INFO MemoryStore: MemoryStore started with capacity 434.4 MiB
[2024-11-09T17:53:59.082+0000] {spark_submit.py:634} INFO - 24/11/09 17:53:59 INFO SparkEnv: Registering OutputCommitCoordinator
[2024-11-09T17:53:59.230+0000] {spark_submit.py:634} INFO - 24/11/09 17:53:59 INFO JettyUtils: Start Jetty 0.0.0.0:4040 for SparkUI
[2024-11-09T17:53:59.283+0000] {spark_submit.py:634} INFO - 24/11/09 17:53:59 INFO Utils: Successfully started service 'SparkUI' on port 4040.
[2024-11-09T17:53:59.427+0000] {spark_submit.py:634} INFO - 24/11/09 17:53:59 INFO StandaloneAppClient$ClientEndpoint: Connecting to master spark://172.23.0.3:7077...
[2024-11-09T17:53:59.469+0000] {spark_submit.py:634} INFO - 24/11/09 17:53:59 WARN StandaloneAppClient$ClientEndpoint: Failed to connect to master 172.23.0.3:7077
[2024-11-09T17:53:59.470+0000] {spark_submit.py:634} INFO - org.apache.spark.SparkException: Exception thrown in awaitResult:
[2024-11-09T17:53:59.471+0000] {spark_submit.py:634} INFO - at org.apache.spark.util.ThreadUtils$.awaitResult(ThreadUtils.scala:322)
[2024-11-09T17:53:59.472+0000] {spark_submit.py:634} INFO - at org.apache.spark.rpc.RpcTimeout.awaitResult(RpcTimeout.scala:75)
[2024-11-09T17:53:59.473+0000] {spark_submit.py:634} INFO - at org.apache.spark.rpc.RpcEnv.setupEndpointRefByURI(RpcEnv.scala:102)
[2024-11-09T17:53:59.473+0000] {spark_submit.py:634} INFO - at org.apache.spark.rpc.RpcEnv.setupEndpointRef(RpcEnv.scala:110)
[2024-11-09T17:53:59.474+0000] {spark_submit.py:634} INFO - at org.apache.spark.deploy.client.StandaloneAppClient$ClientEndpoint$$anon$1.run(StandaloneAppClient.scala:108)
[2024-11-09T17:53:59.475+0000] {spark_submit.py:634} INFO - at java.base/java.util.concurrent.Executors$RunnableAdapter.call(Executors.java:539)
[2024-11-09T17:53:59.475+0000] {spark_submit.py:634} INFO - at java.base/java.util.concurrent.FutureTask.run(FutureTask.java:264)
[2024-11-09T17:53:59.476+0000] {spark_submit.py:634} INFO - at java.base/java.util.concurrent.ThreadPoolExecutor.runWorker(ThreadPoolExecutor.java:1136)
[2024-11-09T17:53:59.477+0000] {spark_submit.py:634} INFO - at java.base/java.util.concurrent.ThreadPoolExecutor$Worker.run(ThreadPoolExecutor.java:635)
[2024-11-09T17:53:59.478+0000] {spark_submit.py:634} INFO - at java.base/java.lang.Thread.run(Thread.java:840)
[2024-11-09T17:53:59.479+0000] {spark_submit.py:634} INFO - Caused by: java.io.IOException: Failed to connect to /172.23.0.3:7077
[2024-11-09T17:53:59.479+0000] {spark_submit.py:634} INFO - at org.apache.spark.network.client.TransportClientFactory.createClient(TransportClientFactory.java:294)
[2024-11-09T17:53:59.480+0000] {spark_submit.py:634} INFO - at org.apache.spark.network.client.TransportClientFactory.createClient(TransportClientFactory.java:214)
[2024-11-09T17:53:59.481+0000] {spark_submit.py:634} INFO - at org.apache.spark.network.client.TransportClientFactory.createClient(TransportClientFactory.java:226)
[2024-11-09T17:53:59.481+0000] {spark_submit.py:634} INFO - at org.apache.spark.rpc.netty.NettyRpcEnv.createClient(NettyRpcEnv.scala:204)
[2024-11-09T17:53:59.483+0000] {spark_submit.py:634} INFO - at org.apache.spark.rpc.netty.Outbox$$anon$1.call(Outbox.scala:202)
[2024-11-09T17:53:59.484+0000] {spark_submit.py:634} INFO - at org.apache.spark.rpc.netty.Outbox$$anon$1.call(Outbox.scala:198)
[2024-11-09T17:53:59.484+0000] {spark_submit.py:634} INFO - ... 4 more
[2024-11-09T17:53:59.485+0000] {spark_submit.py:634} INFO - Caused by: io.netty.channel.AbstractChannel$AnnotatedConnectException: Connection refused: /172.23.0.3:7077
[2024-11-09T17:53:59.486+0000] {spark_submit.py:634} INFO - Caused by: java.net.ConnectException: Connection refused
[2024-11-09T17:53:59.487+0000] {spark_submit.py:634} INFO - at java.base/sun.nio.ch.Net.pollConnect(Native Method)
[2024-11-09T17:53:59.488+0000] {spark_submit.py:634} INFO - at java.base/sun.nio.ch.Net.pollConnectNow(Net.java:672)
[2024-11-09T17:53:59.488+0000] {spark_submit.py:634} INFO - at java.base/sun.nio.ch.SocketChannelImpl.finishConnect(SocketChannelImpl.java:946)
[2024-11-09T17:53:59.489+0000] {spark_submit.py:634} INFO - at io.netty.channel.socket.nio.NioSocketChannel.doFinishConnect(NioSocketChannel.java:337)
[2024-11-09T17:53:59.490+0000] {spark_submit.py:634} INFO - at io.netty.channel.nio.AbstractNioChannel$AbstractNioUnsafe.finishConnect(AbstractNioChannel.java:334)
[2024-11-09T17:53:59.490+0000] {spark_submit.py:634} INFO - at io.netty.channel.nio.NioEventLoop.processSelectedKey(NioEventLoop.java:776)
[2024-11-09T17:53:59.491+0000] {spark_submit.py:634} INFO - at io.netty.channel.nio.NioEventLoop.processSelectedKeysOptimized(NioEventLoop.java:724)
[2024-11-09T17:53:59.492+0000] {spark_submit.py:634} INFO - at io.netty.channel.nio.NioEventLoop.processSelectedKeys(NioEventLoop.java:650)
[2024-11-09T17:53:59.493+0000] {spark_submit.py:634} INFO - at io.netty.channel.nio.NioEventLoop.run(NioEventLoop.java:562)
[2024-11-09T17:53:59.493+0000] {spark_submit.py:634} INFO - at io.netty.util.concurrent.SingleThreadEventExecutor$4.run(SingleThreadEventExecutor.java:997)
[2024-11-09T17:53:59.494+0000] {spark_submit.py:634} INFO - at io.netty.util.internal.ThreadExecutorMap$2.run(ThreadExecutorMap.java:74)
[2024-11-09T17:53:59.495+0000] {spark_submit.py:634} INFO - at io.netty.util.concurrent.FastThreadLocalRunnable.run(FastThreadLocalRunnable.java:30)
[2024-11-09T17:53:59.495+0000] {spark_submit.py:634} INFO - at java.base/java.lang.Thread.run(Thread.java:840)
[2024-11-09T17:54:19.427+0000] {spark_submit.py:634} INFO - 24/11/09 17:54:19 INFO StandaloneAppClient$ClientEndpoint: Connecting to master spark://172.23.0.3:7077...
[2024-11-09T17:54:19.431+0000] {spark_submit.py:634} INFO - 24/11/09 17:54:19 WARN StandaloneAppClient$ClientEndpoint: Failed to connect to master 172.23.0.3:7077
[2024-11-09T17:54:19.432+0000] {spark_submit.py:634} INFO - org.apache.spark.SparkException: Exception thrown in awaitResult:
[2024-11-09T17:54:19.433+0000] {spark_submit.py:634} INFO - at org.apache.spark.util.ThreadUtils$.awaitResult(ThreadUtils.scala:322)
[2024-11-09T17:54:19.434+0000] {spark_submit.py:634} INFO - at org.apache.spark.rpc.RpcTimeout.awaitResult(RpcTimeout.scala:75)
[2024-11-09T17:54:19.435+0000] {spark_submit.py:634} INFO - at org.apache.spark.rpc.RpcEnv.setupEndpointRefByURI(RpcEnv.scala:102)
[2024-11-09T17:54:19.436+0000] {spark_submit.py:634} INFO - at org.apache.spark.rpc.RpcEnv.setupEndpointRef(RpcEnv.scala:110)
[2024-11-09T17:54:19.437+0000] {spark_submit.py:634} INFO - at org.apache.spark.deploy.client.StandaloneAppClient$ClientEndpoint$$anon$1.run(StandaloneAppClient.scala:108)
[2024-11-09T17:54:19.438+0000] {spark_submit.py:634} INFO - at java.base/java.util.concurrent.Executors$RunnableAdapter.call(Executors.java:539)
[2024-11-09T17:54:19.439+0000] {spark_submit.py:634} INFO - at java.base/java.util.concurrent.FutureTask.run(FutureTask.java:264)
[2024-11-09T17:54:19.440+0000] {spark_submit.py:634} INFO - at java.base/java.util.concurrent.ThreadPoolExecutor.runWorker(ThreadPoolExecutor.java:1136)
[2024-11-09T17:54:19.440+0000] {spark_submit.py:634} INFO - at java.base/java.util.concurrent.ThreadPoolExecutor$Worker.run(ThreadPoolExecutor.java:635)
[2024-11-09T17:54:19.441+0000] {spark_submit.py:634} INFO - at java.base/java.lang.Thread.run(Thread.java:840)
[2024-11-09T17:54:19.442+0000] {spark_submit.py:634} INFO - Caused by: java.io.IOException: Failed to connect to /172.23.0.3:7077
[2024-11-09T17:54:19.443+0000] {spark_submit.py:634} INFO - at org.apache.spark.network.client.TransportClientFactory.createClient(TransportClientFactory.java:294)
[2024-11-09T17:54:19.444+0000] {spark_submit.py:634} INFO - at org.apache.spark.network.client.TransportClientFactory.createClient(TransportClientFactory.java:214)
[2024-11-09T17:54:19.445+0000] {spark_submit.py:634} INFO - at org.apache.spark.network.client.TransportClientFactory.createClient(TransportClientFactory.java:226)
[2024-11-09T17:54:19.446+0000] {spark_submit.py:634} INFO - at org.apache.spark.rpc.netty.NettyRpcEnv.createClient(NettyRpcEnv.scala:204)
[2024-11-09T17:54:19.446+0000] {spark_submit.py:634} INFO - at org.apache.spark.rpc.netty.Outbox$$anon$1.call(Outbox.scala:202)
[2024-11-09T17:54:19.447+0000] {spark_submit.py:634} INFO - at org.apache.spark.rpc.netty.Outbox$$anon$1.call(Outbox.scala:198)
[2024-11-09T17:54:19.448+0000] {spark_submit.py:634} INFO - ... 4 more
[2024-11-09T17:54:19.449+0000] {spark_submit.py:634} INFO - Caused by: io.netty.channel.AbstractChannel$AnnotatedConnectException: Connection refused: /172.23.0.3:7077
[2024-11-09T17:54:19.450+0000] {spark_submit.py:634} INFO - Caused by: java.net.ConnectException: Connection refused
[2024-11-09T17:54:19.451+0000] {spark_submit.py:634} INFO - at java.base/sun.nio.ch.Net.pollConnect(Native Method)
[2024-11-09T17:54:19.452+0000] {spark_submit.py:634} INFO - at java.base/sun.nio.ch.Net.pollConnectNow(Net.java:672)
[2024-11-09T17:54:19.452+0000] {spark_submit.py:634} INFO - at java.base/sun.nio.ch.SocketChannelImpl.finishConnect(SocketChannelImpl.java:946)
[2024-11-09T17:54:19.453+0000] {spark_submit.py:634} INFO - at io.netty.channel.socket.nio.NioSocketChannel.doFinishConnect(NioSocketChannel.java:337)
[2024-11-09T17:54:19.454+0000] {spark_submit.py:634} INFO - at io.netty.channel.nio.AbstractNioChannel$AbstractNioUnsafe.finishConnect(AbstractNioChannel.java:334)
[2024-11-09T17:54:19.455+0000] {spark_submit.py:634} INFO - at io.netty.channel.nio.NioEventLoop.processSelectedKey(NioEventLoop.java:776)
[2024-11-09T17:54:19.455+0000] {spark_submit.py:634} INFO - at io.netty.channel.nio.NioEventLoop.processSelectedKeysOptimized(NioEventLoop.java:724)
[2024-11-09T17:54:19.456+0000] {spark_submit.py:634} INFO - at io.netty.channel.nio.NioEventLoop.processSelectedKeys(NioEventLoop.java:650)
[2024-11-09T17:54:19.457+0000] {spark_submit.py:634} INFO - at io.netty.channel.nio.NioEventLoop.run(NioEventLoop.java:562)
[2024-11-09T17:54:19.458+0000] {spark_submit.py:634} INFO - at io.netty.util.concurrent.SingleThreadEventExecutor$4.run(SingleThreadEventExecutor.java:997)
[2024-11-09T17:54:19.459+0000] {spark_submit.py:634} INFO - at io.netty.util.internal.ThreadExecutorMap$2.run(ThreadExecutorMap.java:74)
[2024-11-09T17:54:19.459+0000] {spark_submit.py:634} INFO - at io.netty.util.concurrent.FastThreadLocalRunnable.run(FastThreadLocalRunnable.java:30)
[2024-11-09T17:54:19.460+0000] {spark_submit.py:634} INFO - at java.base/java.lang.Thread.run(Thread.java:840)
[2024-11-09T17:54:39.427+0000] {spark_submit.py:634} INFO - 24/11/09 17:54:39 INFO StandaloneAppClient$ClientEndpoint: Connecting to master spark://172.23.0.3:7077...
[2024-11-09T17:54:39.431+0000] {spark_submit.py:634} INFO - 24/11/09 17:54:39 WARN StandaloneAppClient$ClientEndpoint: Failed to connect to master 172.23.0.3:7077
[2024-11-09T17:54:39.432+0000] {spark_submit.py:634} INFO - org.apache.spark.SparkException: Exception thrown in awaitResult:
[2024-11-09T17:54:39.432+0000] {spark_submit.py:634} INFO - at org.apache.spark.util.ThreadUtils$.awaitResult(ThreadUtils.scala:322)
[2024-11-09T17:54:39.433+0000] {spark_submit.py:634} INFO - at org.apache.spark.rpc.RpcTimeout.awaitResult(RpcTimeout.scala:75)
[2024-11-09T17:54:39.434+0000] {spark_submit.py:634} INFO - at org.apache.spark.rpc.RpcEnv.setupEndpointRefByURI(RpcEnv.scala:102)
[2024-11-09T17:54:39.434+0000] {spark_submit.py:634} INFO - at org.apache.spark.rpc.RpcEnv.setupEndpointRef(RpcEnv.scala:110)
[2024-11-09T17:54:39.435+0000] {spark_submit.py:634} INFO - at org.apache.spark.deploy.client.StandaloneAppClient$ClientEndpoint$$anon$1.run(StandaloneAppClient.scala:108)
[2024-11-09T17:54:39.436+0000] {spark_submit.py:634} INFO - at java.base/java.util.concurrent.Executors$RunnableAdapter.call(Executors.java:539)
[2024-11-09T17:54:39.437+0000] {spark_submit.py:634} INFO - at java.base/java.util.concurrent.FutureTask.run(FutureTask.java:264)
[2024-11-09T17:54:39.437+0000] {spark_submit.py:634} INFO - at java.base/java.util.concurrent.ThreadPoolExecutor.runWorker(ThreadPoolExecutor.java:1136)
[2024-11-09T17:54:39.438+0000] {spark_submit.py:634} INFO - at java.base/java.util.concurrent.ThreadPoolExecutor$Worker.run(ThreadPoolExecutor.java:635)
[2024-11-09T17:54:39.439+0000] {spark_submit.py:634} INFO - at java.base/java.lang.Thread.run(Thread.java:840)
[2024-11-09T17:54:39.439+0000] {spark_submit.py:634} INFO - Caused by: java.io.IOException: Failed to connect to /172.23.0.3:7077
[2024-11-09T17:54:39.440+0000] {spark_submit.py:634} INFO - at org.apache.spark.network.client.TransportClientFactory.createClient(TransportClientFactory.java:294)
[2024-11-09T17:54:39.441+0000] {spark_submit.py:634} INFO - at org.apache.spark.network.client.TransportClientFactory.createClient(TransportClientFactory.java:214)
[2024-11-09T17:54:39.441+0000] {spark_submit.py:634} INFO - at org.apache.spark.network.client.TransportClientFactory.createClient(TransportClientFactory.java:226)
[2024-11-09T17:54:39.442+0000] {spark_submit.py:634} INFO - at org.apache.spark.rpc.netty.NettyRpcEnv.createClient(NettyRpcEnv.scala:204)
[2024-11-09T17:54:39.443+0000] {spark_submit.py:634} INFO - at org.apache.spark.rpc.netty.Outbox$$anon$1.call(Outbox.scala:202)
[2024-11-09T17:54:39.443+0000] {spark_submit.py:634} INFO - at org.apache.spark.rpc.netty.Outbox$$anon$1.call(Outbox.scala:198)
[2024-11-09T17:54:39.444+0000] {spark_submit.py:634} INFO - ... 4 more
[2024-11-09T17:54:39.445+0000] {spark_submit.py:634} INFO - Caused by: io.netty.channel.AbstractChannel$AnnotatedConnectException: Connection refused: /172.23.0.3:7077
[2024-11-09T17:54:39.445+0000] {spark_submit.py:634} INFO - Caused by: java.net.ConnectException: Connection refused
[2024-11-09T17:54:39.446+0000] {spark_submit.py:634} INFO - at java.base/sun.nio.ch.Net.pollConnect(Native Method)
[2024-11-09T17:54:39.446+0000] {spark_submit.py:634} INFO - at java.base/sun.nio.ch.Net.pollConnectNow(Net.java:672)
[2024-11-09T17:54:39.447+0000] {spark_submit.py:634} INFO - at java.base/sun.nio.ch.SocketChannelImpl.finishConnect(SocketChannelImpl.java:946)
[2024-11-09T17:54:39.448+0000] {spark_submit.py:634} INFO - at io.netty.channel.socket.nio.NioSocketChannel.doFinishConnect(NioSocketChannel.java:337)
[2024-11-09T17:54:39.448+0000] {spark_submit.py:634} INFO - at io.netty.channel.nio.AbstractNioChannel$AbstractNioUnsafe.finishConnect(AbstractNioChannel.java:334)
[2024-11-09T17:54:39.449+0000] {spark_submit.py:634} INFO - at io.netty.channel.nio.NioEventLoop.processSelectedKey(NioEventLoop.java:776)
[2024-11-09T17:54:39.450+0000] {spark_submit.py:634} INFO - at io.netty.channel.nio.NioEventLoop.processSelectedKeysOptimized(NioEventLoop.java:724)
[2024-11-09T17:54:39.451+0000] {spark_submit.py:634} INFO - at io.netty.channel.nio.NioEventLoop.processSelectedKeys(NioEventLoop.java:650)
[2024-11-09T17:54:39.451+0000] {spark_submit.py:634} INFO - at io.netty.channel.nio.NioEventLoop.run(NioEventLoop.java:562)
[2024-11-09T17:54:39.452+0000] {spark_submit.py:634} INFO - at io.netty.util.concurrent.SingleThreadEventExecutor$4.run(SingleThreadEventExecutor.java:997)
[2024-11-09T17:54:39.453+0000] {spark_submit.py:634} INFO - at io.netty.util.internal.ThreadExecutorMap$2.run(ThreadExecutorMap.java:74)
[2024-11-09T17:54:39.453+0000] {spark_submit.py:634} INFO - at io.netty.util.concurrent.FastThreadLocalRunnable.run(FastThreadLocalRunnable.java:30)
[2024-11-09T17:54:39.454+0000] {spark_submit.py:634} INFO - at java.base/java.lang.Thread.run(Thread.java:840)
[2024-11-09T17:54:59.428+0000] {spark_submit.py:634} INFO - 24/11/09 17:54:59 WARN StandaloneSchedulerBackend: Application ID is not initialized yet.
[2024-11-09T17:54:59.433+0000] {spark_submit.py:634} INFO - 24/11/09 17:54:59 ERROR StandaloneSchedulerBackend: Application has been killed. Reason: All masters are unresponsive! Giving up.
[2024-11-09T17:54:59.434+0000] {spark_submit.py:634} INFO - 24/11/09 17:54:59 INFO Utils: Successfully started service 'org.apache.spark.network.netty.NettyBlockTransferService' on port 45741.
[2024-11-09T17:54:59.435+0000] {spark_submit.py:634} INFO - 24/11/09 17:54:59 INFO NettyBlockTransferService: Server created on d2265ead819e:45741
[2024-11-09T17:54:59.435+0000] {spark_submit.py:634} INFO - 24/11/09 17:54:59 INFO BlockManager: Using org.apache.spark.storage.RandomBlockReplicationPolicy for block replication policy
[2024-11-09T17:54:59.440+0000] {spark_submit.py:634} INFO - 24/11/09 17:54:59 INFO BlockManagerMaster: Registering BlockManager BlockManagerId(driver, d2265ead819e, 45741, None)
[2024-11-09T17:54:59.444+0000] {spark_submit.py:634} INFO - 24/11/09 17:54:59 INFO BlockManagerMasterEndpoint: Registering block manager d2265ead819e:45741 with 434.4 MiB RAM, BlockManagerId(driver, d2265ead819e, 45741, None)
[2024-11-09T17:54:59.446+0000] {spark_submit.py:634} INFO - 24/11/09 17:54:59 INFO BlockManagerMaster: Registered BlockManager BlockManagerId(driver, d2265ead819e, 45741, None)
[2024-11-09T17:54:59.447+0000] {spark_submit.py:634} INFO - 24/11/09 17:54:59 INFO BlockManager: Initialized BlockManager: BlockManagerId(driver, d2265ead819e, 45741, None)
[2024-11-09T17:54:59.604+0000] {spark_submit.py:634} INFO - 24/11/09 17:54:59 INFO StandaloneSchedulerBackend: SchedulerBackend is ready for scheduling beginning after reached minRegisteredResourcesRatio: 0.0
[2024-11-09T17:54:59.838+0000] {spark_submit.py:634} INFO - 24/11/09 17:54:59 INFO SparkContext: SparkContext is stopping with exitCode 0.
[2024-11-09T17:54:59.851+0000] {spark_submit.py:634} INFO - 24/11/09 17:54:59 INFO SparkUI: Stopped Spark web UI at http://d2265ead819e:4040
[2024-11-09T17:54:59.857+0000] {spark_submit.py:634} INFO - 24/11/09 17:54:59 INFO StandaloneSchedulerBackend: Shutting down all executors
[2024-11-09T17:54:59.861+0000] {spark_submit.py:634} INFO - 24/11/09 17:54:59 INFO StandaloneSchedulerBackend$StandaloneDriverEndpoint: Asking each executor to shut down
[2024-11-09T17:54:59.865+0000] {spark_submit.py:634} INFO - 24/11/09 17:54:59 WARN StandaloneAppClient$ClientEndpoint: Drop UnregisterApplication(null) because has not yet connected to master
[2024-11-09T17:54:59.873+0000] {spark_submit.py:634} INFO - 24/11/09 17:54:59 INFO MapOutputTrackerMasterEndpoint: MapOutputTrackerMasterEndpoint stopped!
[2024-11-09T17:54:59.885+0000] {spark_submit.py:634} INFO - 24/11/09 17:54:59 INFO MemoryStore: MemoryStore cleared
[2024-11-09T17:54:59.886+0000] {spark_submit.py:634} INFO - 24/11/09 17:54:59 INFO BlockManager: BlockManager stopped
[2024-11-09T17:54:59.891+0000] {spark_submit.py:634} INFO - 24/11/09 17:54:59 INFO BlockManagerMaster: BlockManagerMaster stopped
[2024-11-09T17:54:59.894+0000] {spark_submit.py:634} INFO - 24/11/09 17:54:59 INFO OutputCommitCoordinator$OutputCommitCoordinatorEndpoint: OutputCommitCoordinator stopped!
[2024-11-09T17:54:59.903+0000] {spark_submit.py:634} INFO - 24/11/09 17:54:59 INFO SparkContext: Successfully stopped SparkContext
[2024-11-09T17:54:59.974+0000] {spark_submit.py:634} INFO - Traceback (most recent call last):
[2024-11-09T17:54:59.975+0000] {spark_submit.py:634} INFO - File "/opt/***/jobs/python/health_check.py", line 11, in <module>
[2024-11-09T17:54:59.977+0000] {spark_submit.py:634} INFO - for wc in wordCounts.collect():
[2024-11-09T17:54:59.978+0000] {spark_submit.py:634} INFO - ^^^^^^^^^^^^^^^^^^^^
[2024-11-09T17:54:59.979+0000] {spark_submit.py:634} INFO - File "/home/***/.local/lib/python3.11/site-packages/pyspark/python/lib/pyspark.zip/pyspark/rdd.py", line 1814, in collect
[2024-11-09T17:54:59.979+0000] {spark_submit.py:634} INFO - File "/home/***/.local/lib/python3.11/site-packages/pyspark/python/lib/py4j-0.10.9.7-src.zip/py4j/java_gateway.py", line 1322, in __call__
[2024-11-09T17:54:59.980+0000] {spark_submit.py:634} INFO - File "/home/***/.local/lib/python3.11/site-packages/pyspark/python/lib/pyspark.zip/pyspark/errors/exceptions/captured.py", line 169, in deco
[2024-11-09T17:54:59.981+0000] {spark_submit.py:634} INFO - File "/home/***/.local/lib/python3.11/site-packages/pyspark/python/lib/py4j-0.10.9.7-src.zip/py4j/protocol.py", line 326, in get_return_value
[2024-11-09T17:54:59.982+0000] {spark_submit.py:634} INFO - py4j.protocol.Py4JJavaError: An error occurred while calling z:org.apache.spark.api.python.PythonRDD.collectAndServe.
[2024-11-09T17:54:59.982+0000] {spark_submit.py:634} INFO - : java.lang.IllegalStateException: SparkContext has been shutdown
[2024-11-09T17:54:59.983+0000] {spark_submit.py:634} INFO - at org.apache.spark.SparkContext.runJob(SparkContext.scala:2255)
[2024-11-09T17:54:59.984+0000] {spark_submit.py:634} INFO - at org.apache.spark.SparkContext.runJob(SparkContext.scala:2284)
[2024-11-09T17:54:59.985+0000] {spark_submit.py:634} INFO - at org.apache.spark.SparkContext.runJob(SparkContext.scala:2303)
[2024-11-09T17:54:59.986+0000] {spark_submit.py:634} INFO - at org.apache.spark.SparkContext.runJob(SparkContext.scala:2328)
[2024-11-09T17:54:59.987+0000] {spark_submit.py:634} INFO - at org.apache.spark.rdd.RDD.$anonfun$collect$1(RDD.scala:1019)
[2024-11-09T17:54:59.988+0000] {spark_submit.py:634} INFO - at org.apache.spark.rdd.RDDOperationScope$.withScope(RDDOperationScope.scala:151)
[2024-11-09T17:54:59.989+0000] {spark_submit.py:634} INFO - at org.apache.spark.rdd.RDDOperationScope$.withScope(RDDOperationScope.scala:112)
[2024-11-09T17:54:59.989+0000] {spark_submit.py:634} INFO - at org.apache.spark.rdd.RDD.withScope(RDD.scala:405)
[2024-11-09T17:54:59.990+0000] {spark_submit.py:634} INFO - at org.apache.spark.rdd.RDD.collect(RDD.scala:1018)
[2024-11-09T17:54:59.991+0000] {spark_submit.py:634} INFO - at org.apache.spark.api.python.PythonRDD$.collectAndServe(PythonRDD.scala:193)
[2024-11-09T17:54:59.992+0000] {spark_submit.py:634} INFO - at org.apache.spark.api.python.PythonRDD.collectAndServe(PythonRDD.scala)
[2024-11-09T17:54:59.993+0000] {spark_submit.py:634} INFO - at java.base/jdk.internal.reflect.NativeMethodAccessorImpl.invoke0(Native Method)
[2024-11-09T17:54:59.994+0000] {spark_submit.py:634} INFO - at java.base/jdk.internal.reflect.NativeMethodAccessorImpl.invoke(NativeMethodAccessorImpl.java:77)
[2024-11-09T17:54:59.994+0000] {spark_submit.py:634} INFO - at java.base/jdk.internal.reflect.DelegatingMethodAccessorImpl.invoke(DelegatingMethodAccessorImpl.java:43)
[2024-11-09T17:54:59.995+0000] {spark_submit.py:634} INFO - at java.base/java.lang.reflect.Method.invoke(Method.java:569)
[2024-11-09T17:54:59.996+0000] {spark_submit.py:634} INFO - at py4j.reflection.MethodInvoker.invoke(MethodInvoker.java:244)
[2024-11-09T17:54:59.997+0000] {spark_submit.py:634} INFO - at py4j.reflection.ReflectionEngine.invoke(ReflectionEngine.java:374)
[2024-11-09T17:54:59.998+0000] {spark_submit.py:634} INFO - at py4j.Gateway.invoke(Gateway.java:282)
[2024-11-09T17:54:59.999+0000] {spark_submit.py:634} INFO - at py4j.commands.AbstractCommand.invokeMethod(AbstractCommand.java:132)
[2024-11-09T17:55:00.000+0000] {spark_submit.py:634} INFO - at py4j.commands.CallCommand.execute(CallCommand.java:79)
[2024-11-09T17:55:00.000+0000] {spark_submit.py:634} INFO - at py4j.ClientServerConnection.waitForCommands(ClientServerConnection.java:182)
[2024-11-09T17:55:00.001+0000] {spark_submit.py:634} INFO - at py4j.ClientServerConnection.run(ClientServerConnection.java:106)
[2024-11-09T17:55:00.002+0000] {spark_submit.py:634} INFO - at java.base/java.lang.Thread.run(Thread.java:840)
[2024-11-09T17:55:00.003+0000] {spark_submit.py:634} INFO - 
[2024-11-09T17:55:00.033+0000] {spark_submit.py:634} INFO - 24/11/09 17:55:00 INFO ShutdownHookManager: Shutdown hook called
[2024-11-09T17:55:00.034+0000] {spark_submit.py:634} INFO - 24/11/09 17:55:00 INFO ShutdownHookManager: Deleting directory /tmp/spark-8056afe9-5569-40fe-b349-744a39a7fc31
[2024-11-09T17:55:00.037+0000] {spark_submit.py:634} INFO - 24/11/09 17:55:00 INFO ShutdownHookManager: Deleting directory /tmp/spark-c54171bf-d37f-4b2c-be4d-7aa0e1f29ff0
[2024-11-09T17:55:00.041+0000] {spark_submit.py:634} INFO - 24/11/09 17:55:00 INFO ShutdownHookManager: Deleting directory /tmp/spark-c54171bf-d37f-4b2c-be4d-7aa0e1f29ff0/pyspark-77887578-eb29-4901-a298-1496aafde9eb
[2024-11-09T17:55:00.085+0000] {taskinstance.py:3310} ERROR - Task failed with exception
Traceback (most recent call last):
  File "/home/airflow/.local/lib/python3.11/site-packages/airflow/models/taskinstance.py", line 767, in _execute_task
    result = _execute_callable(context=context, **execute_callable_kwargs)
             ^^^^^^^^^^^^^^^^^^^^^^^^^^^^^^^^^^^^^^^^^^^^^^^^^^^^^^^^^^^^^
  File "/home/airflow/.local/lib/python3.11/site-packages/airflow/models/taskinstance.py", line 733, in _execute_callable
    return ExecutionCallableRunner(
           ^^^^^^^^^^^^^^^^^^^^^^^^
  File "/home/airflow/.local/lib/python3.11/site-packages/airflow/utils/operator_helpers.py", line 252, in run
    return self.func(*args, **kwargs)
           ^^^^^^^^^^^^^^^^^^^^^^^^^^
  File "/home/airflow/.local/lib/python3.11/site-packages/airflow/models/baseoperator.py", line 406, in wrapper
    return func(self, *args, **kwargs)
           ^^^^^^^^^^^^^^^^^^^^^^^^^^^
  File "/home/airflow/.local/lib/python3.11/site-packages/airflow/providers/apache/spark/operators/spark_submit.py", line 176, in execute
    self._hook.submit(self.application)
  File "/home/airflow/.local/lib/python3.11/site-packages/airflow/providers/apache/spark/hooks/spark_submit.py", line 560, in submit
    raise AirflowException(
airflow.exceptions.AirflowException: Cannot execute: spark-submit --master spark://172.23.0.3:7077 --name arrow-spark --deploy-mode client jobs/python/health_check.py. Error code is: 1.
[2024-11-09T17:55:00.090+0000] {taskinstance.py:1225} INFO - Marking task as FAILED. dag_id=spotify_pipeline, task_id=health_check, run_id=manual__2024-11-09T17:53:54.056446+00:00, execution_date=20241109T175354, start_date=20241109T175355, end_date=20241109T175500
[2024-11-09T17:55:00.101+0000] {taskinstance.py:340} INFO - ::group::Post task execution logs
[2024-11-09T17:55:00.102+0000] {standard_task_runner.py:124} ERROR - Failed to execute job 36 for task health_check (Cannot execute: spark-submit --master spark://172.23.0.3:7077 --name arrow-spark --deploy-mode client jobs/python/health_check.py. Error code is: 1.; 207)
Traceback (most recent call last):
  File "/home/airflow/.local/lib/python3.11/site-packages/airflow/task/task_runner/standard_task_runner.py", line 117, in _start_by_fork
    ret = args.func(args, dag=self.dag)
          ^^^^^^^^^^^^^^^^^^^^^^^^^^^^^
  File "/home/airflow/.local/lib/python3.11/site-packages/airflow/cli/cli_config.py", line 49, in command
    return func(*args, **kwargs)
           ^^^^^^^^^^^^^^^^^^^^^
  File "/home/airflow/.local/lib/python3.11/site-packages/airflow/utils/cli.py", line 115, in wrapper
    return f(*args, **kwargs)
           ^^^^^^^^^^^^^^^^^^
  File "/home/airflow/.local/lib/python3.11/site-packages/airflow/cli/commands/task_command.py", line 483, in task_run
    task_return_code = _run_task_by_selected_method(args, _dag, ti)
                       ^^^^^^^^^^^^^^^^^^^^^^^^^^^^^^^^^^^^^^^^^^^^
  File "/home/airflow/.local/lib/python3.11/site-packages/airflow/cli/commands/task_command.py", line 256, in _run_task_by_selected_method
    return _run_raw_task(args, ti)
           ^^^^^^^^^^^^^^^^^^^^^^^
  File "/home/airflow/.local/lib/python3.11/site-packages/airflow/cli/commands/task_command.py", line 341, in _run_raw_task
    return ti._run_raw_task(
           ^^^^^^^^^^^^^^^^^
  File "/home/airflow/.local/lib/python3.11/site-packages/airflow/utils/session.py", line 97, in wrapper
    return func(*args, session=session, **kwargs)
           ^^^^^^^^^^^^^^^^^^^^^^^^^^^^^^^^^^^^^^
  File "/home/airflow/.local/lib/python3.11/site-packages/airflow/models/taskinstance.py", line 3004, in _run_raw_task
    return _run_raw_task(
           ^^^^^^^^^^^^^^
  File "/home/airflow/.local/lib/python3.11/site-packages/airflow/models/taskinstance.py", line 273, in _run_raw_task
    TaskInstance._execute_task_with_callbacks(
  File "/home/airflow/.local/lib/python3.11/site-packages/airflow/models/taskinstance.py", line 3158, in _execute_task_with_callbacks
    result = self._execute_task(context, task_orig)
             ^^^^^^^^^^^^^^^^^^^^^^^^^^^^^^^^^^^^^^
  File "/home/airflow/.local/lib/python3.11/site-packages/airflow/models/taskinstance.py", line 3182, in _execute_task
    return _execute_task(self, context, task_orig)
           ^^^^^^^^^^^^^^^^^^^^^^^^^^^^^^^^^^^^^^^
  File "/home/airflow/.local/lib/python3.11/site-packages/airflow/models/taskinstance.py", line 767, in _execute_task
    result = _execute_callable(context=context, **execute_callable_kwargs)
             ^^^^^^^^^^^^^^^^^^^^^^^^^^^^^^^^^^^^^^^^^^^^^^^^^^^^^^^^^^^^^
  File "/home/airflow/.local/lib/python3.11/site-packages/airflow/models/taskinstance.py", line 733, in _execute_callable
    return ExecutionCallableRunner(
           ^^^^^^^^^^^^^^^^^^^^^^^^
  File "/home/airflow/.local/lib/python3.11/site-packages/airflow/utils/operator_helpers.py", line 252, in run
    return self.func(*args, **kwargs)
           ^^^^^^^^^^^^^^^^^^^^^^^^^^
  File "/home/airflow/.local/lib/python3.11/site-packages/airflow/models/baseoperator.py", line 406, in wrapper
    return func(self, *args, **kwargs)
           ^^^^^^^^^^^^^^^^^^^^^^^^^^^
  File "/home/airflow/.local/lib/python3.11/site-packages/airflow/providers/apache/spark/operators/spark_submit.py", line 176, in execute
    self._hook.submit(self.application)
  File "/home/airflow/.local/lib/python3.11/site-packages/airflow/providers/apache/spark/hooks/spark_submit.py", line 560, in submit
    raise AirflowException(
airflow.exceptions.AirflowException: Cannot execute: spark-submit --master spark://172.23.0.3:7077 --name arrow-spark --deploy-mode client jobs/python/health_check.py. Error code is: 1.
[2024-11-09T17:55:00.138+0000] {local_task_job_runner.py:266} INFO - Task exited with return code 1
[2024-11-09T17:55:00.153+0000] {taskinstance.py:3900} INFO - 0 downstream tasks scheduled from follow-on schedule check
[2024-11-09T17:55:00.156+0000] {local_task_job_runner.py:245} INFO - ::endgroup::
