[2024-11-09T17:50:36.850+0000] {local_task_job_runner.py:123} INFO - ::group::Pre task execution logs
[2024-11-09T17:50:36.868+0000] {taskinstance.py:2612} INFO - Dependencies all met for dep_context=non-requeueable deps ti=<TaskInstance: spotify_pipeline.health_check manual__2024-11-09T17:50:35.188814+00:00 [queued]>
[2024-11-09T17:50:36.876+0000] {taskinstance.py:2612} INFO - Dependencies all met for dep_context=requeueable deps ti=<TaskInstance: spotify_pipeline.health_check manual__2024-11-09T17:50:35.188814+00:00 [queued]>
[2024-11-09T17:50:36.878+0000] {taskinstance.py:2865} INFO - Starting attempt 1 of 1
[2024-11-09T17:50:36.894+0000] {taskinstance.py:2888} INFO - Executing <Task(SparkSubmitOperator): health_check> on 2024-11-09 17:50:35.188814+00:00
[2024-11-09T17:50:36.899+0000] {standard_task_runner.py:72} INFO - Started process 858 to run task
[2024-11-09T17:50:36.901+0000] {standard_task_runner.py:104} INFO - Running: ['***', 'tasks', 'run', 'spotify_pipeline', 'health_check', 'manual__2024-11-09T17:50:35.188814+00:00', '--job-id', '24', '--raw', '--subdir', 'DAGS_FOLDER/spotify_pipeline.py', '--cfg-path', '/tmp/tmpnno34hiw']
[2024-11-09T17:50:36.903+0000] {standard_task_runner.py:105} INFO - Job 24: Subtask health_check
[2024-11-09T17:50:36.948+0000] {task_command.py:467} INFO - Running <TaskInstance: spotify_pipeline.health_check manual__2024-11-09T17:50:35.188814+00:00 [running]> on host 073a922f9921
[2024-11-09T17:50:37.028+0000] {taskinstance.py:3131} INFO - Exporting env vars: AIRFLOW_CTX_DAG_OWNER='JK' AIRFLOW_CTX_DAG_ID='spotify_pipeline' AIRFLOW_CTX_TASK_ID='health_check' AIRFLOW_CTX_EXECUTION_DATE='2024-11-09T17:50:35.188814+00:00' AIRFLOW_CTX_TRY_NUMBER='1' AIRFLOW_CTX_DAG_RUN_ID='manual__2024-11-09T17:50:35.188814+00:00'
[2024-11-09T17:50:37.029+0000] {taskinstance.py:731} INFO - ::endgroup::
[2024-11-09T17:50:37.049+0000] {base.py:84} INFO - Retrieving connection 'spark-conn'
[2024-11-09T17:50:37.051+0000] {spark_submit.py:473} INFO - Spark-Submit cmd: spark-submit --master spark://172.23.0.3:7077 --name arrow-spark --deploy-mode client jobs/python/health_check.py
[2024-11-09T17:50:39.866+0000] {spark_submit.py:634} INFO - 24/11/09 17:50:39 INFO SparkContext: Running Spark version 3.4.2
[2024-11-09T17:50:39.927+0000] {spark_submit.py:634} INFO - 24/11/09 17:50:39 WARN NativeCodeLoader: Unable to load native-hadoop library for your platform... using builtin-java classes where applicable
[2024-11-09T17:50:40.022+0000] {spark_submit.py:634} INFO - 24/11/09 17:50:40 INFO ResourceUtils: ==============================================================
[2024-11-09T17:50:40.023+0000] {spark_submit.py:634} INFO - 24/11/09 17:50:40 INFO ResourceUtils: No custom resources configured for spark.driver.
[2024-11-09T17:50:40.024+0000] {spark_submit.py:634} INFO - 24/11/09 17:50:40 INFO ResourceUtils: ==============================================================
[2024-11-09T17:50:40.026+0000] {spark_submit.py:634} INFO - 24/11/09 17:50:40 INFO SparkContext: Submitted application: HealthCheck
[2024-11-09T17:50:40.050+0000] {spark_submit.py:634} INFO - 24/11/09 17:50:40 INFO ResourceProfile: Default ResourceProfile created, executor resources: Map(memory -> name: memory, amount: 1024, script: , vendor: , offHeap -> name: offHeap, amount: 0, script: , vendor: ), task resources: Map(cpus -> name: cpus, amount: 1.0)
[2024-11-09T17:50:40.060+0000] {spark_submit.py:634} INFO - 24/11/09 17:50:40 INFO ResourceProfile: Limiting resource is cpu
[2024-11-09T17:50:40.061+0000] {spark_submit.py:634} INFO - 24/11/09 17:50:40 INFO ResourceProfileManager: Added ResourceProfile id: 0
[2024-11-09T17:50:40.118+0000] {spark_submit.py:634} INFO - 24/11/09 17:50:40 INFO SecurityManager: Changing view acls to: ***
[2024-11-09T17:50:40.119+0000] {spark_submit.py:634} INFO - 24/11/09 17:50:40 INFO SecurityManager: Changing modify acls to: ***
[2024-11-09T17:50:40.120+0000] {spark_submit.py:634} INFO - 24/11/09 17:50:40 INFO SecurityManager: Changing view acls groups to:
[2024-11-09T17:50:40.122+0000] {spark_submit.py:634} INFO - 24/11/09 17:50:40 INFO SecurityManager: Changing modify acls groups to:
[2024-11-09T17:50:40.123+0000] {spark_submit.py:634} INFO - 24/11/09 17:50:40 INFO SecurityManager: SecurityManager: authentication disabled; ui acls disabled; users with view permissions: ***; groups with view permissions: EMPTY; users with modify permissions: ***; groups with modify permissions: EMPTY
[2024-11-09T17:50:40.359+0000] {spark_submit.py:634} INFO - 24/11/09 17:50:40 INFO Utils: Successfully started service 'sparkDriver' on port 35079.
[2024-11-09T17:50:40.385+0000] {spark_submit.py:634} INFO - 24/11/09 17:50:40 INFO SparkEnv: Registering MapOutputTracker
[2024-11-09T17:50:40.417+0000] {spark_submit.py:634} INFO - 24/11/09 17:50:40 INFO SparkEnv: Registering BlockManagerMaster
[2024-11-09T17:50:40.433+0000] {spark_submit.py:634} INFO - 24/11/09 17:50:40 INFO BlockManagerMasterEndpoint: Using org.apache.spark.storage.DefaultTopologyMapper for getting topology information
[2024-11-09T17:50:40.434+0000] {spark_submit.py:634} INFO - 24/11/09 17:50:40 INFO BlockManagerMasterEndpoint: BlockManagerMasterEndpoint up
[2024-11-09T17:50:40.438+0000] {spark_submit.py:634} INFO - 24/11/09 17:50:40 INFO SparkEnv: Registering BlockManagerMasterHeartbeat
[2024-11-09T17:50:40.455+0000] {spark_submit.py:634} INFO - 24/11/09 17:50:40 INFO DiskBlockManager: Created local directory at /tmp/blockmgr-2e1fdb8a-04bc-4ccf-ab31-282a041ab3b5
[2024-11-09T17:50:40.471+0000] {spark_submit.py:634} INFO - 24/11/09 17:50:40 INFO MemoryStore: MemoryStore started with capacity 434.4 MiB
[2024-11-09T17:50:40.490+0000] {spark_submit.py:634} INFO - 24/11/09 17:50:40 INFO SparkEnv: Registering OutputCommitCoordinator
[2024-11-09T17:50:40.631+0000] {spark_submit.py:634} INFO - 24/11/09 17:50:40 INFO JettyUtils: Start Jetty 0.0.0.0:4040 for SparkUI
[2024-11-09T17:50:40.685+0000] {spark_submit.py:634} INFO - 24/11/09 17:50:40 INFO Utils: Successfully started service 'SparkUI' on port 4040.
[2024-11-09T17:50:40.800+0000] {spark_submit.py:634} INFO - 24/11/09 17:50:40 INFO StandaloneAppClient$ClientEndpoint: Connecting to master spark://172.23.0.3:7077...
[2024-11-09T17:50:40.839+0000] {spark_submit.py:634} INFO - 24/11/09 17:50:40 INFO TransportClientFactory: Successfully created connection to /172.23.0.3:7077 after 22 ms (0 ms spent in bootstraps)
[2024-11-09T17:50:40.921+0000] {spark_submit.py:634} INFO - 24/11/09 17:50:40 INFO StandaloneSchedulerBackend: Connected to Spark cluster with app ID app-20241109175040-0002
[2024-11-09T17:50:40.924+0000] {spark_submit.py:634} INFO - 24/11/09 17:50:40 INFO StandaloneAppClient$ClientEndpoint: Executor added: app-20241109175040-0002/0 on worker-20241109174917-172.23.0.5-41799 (172.23.0.5:41799) with 2 core(s)
[2024-11-09T17:50:40.928+0000] {spark_submit.py:634} INFO - 24/11/09 17:50:40 INFO StandaloneSchedulerBackend: Granted executor ID app-20241109175040-0002/0 on hostPort 172.23.0.5:41799 with 2 core(s), 1024.0 MiB RAM
[2024-11-09T17:50:40.930+0000] {spark_submit.py:634} INFO - 24/11/09 17:50:40 INFO Utils: Successfully started service 'org.apache.spark.network.netty.NettyBlockTransferService' on port 39615.
[2024-11-09T17:50:40.932+0000] {spark_submit.py:634} INFO - 24/11/09 17:50:40 INFO NettyBlockTransferService: Server created on 073a922f9921:39615
[2024-11-09T17:50:40.933+0000] {spark_submit.py:634} INFO - 24/11/09 17:50:40 INFO BlockManager: Using org.apache.spark.storage.RandomBlockReplicationPolicy for block replication policy
[2024-11-09T17:50:40.939+0000] {spark_submit.py:634} INFO - 24/11/09 17:50:40 INFO BlockManagerMaster: Registering BlockManager BlockManagerId(driver, 073a922f9921, 39615, None)
[2024-11-09T17:50:40.943+0000] {spark_submit.py:634} INFO - 24/11/09 17:50:40 INFO BlockManagerMasterEndpoint: Registering block manager 073a922f9921:39615 with 434.4 MiB RAM, BlockManagerId(driver, 073a922f9921, 39615, None)
[2024-11-09T17:50:40.945+0000] {spark_submit.py:634} INFO - 24/11/09 17:50:40 INFO BlockManagerMaster: Registered BlockManager BlockManagerId(driver, 073a922f9921, 39615, None)
[2024-11-09T17:50:40.947+0000] {spark_submit.py:634} INFO - 24/11/09 17:50:40 INFO BlockManager: Initialized BlockManager: BlockManagerId(driver, 073a922f9921, 39615, None)
[2024-11-09T17:50:41.089+0000] {spark_submit.py:634} INFO - 24/11/09 17:50:41 INFO StandaloneAppClient$ClientEndpoint: Executor updated: app-20241109175040-0002/0 is now RUNNING
[2024-11-09T17:50:41.264+0000] {spark_submit.py:634} INFO - 24/11/09 17:50:41 INFO StandaloneSchedulerBackend: SchedulerBackend is ready for scheduling beginning after reached minRegisteredResourcesRatio: 0.0
[2024-11-09T17:50:41.925+0000] {spark_submit.py:634} INFO - 24/11/09 17:50:41 INFO SparkContext: Starting job: collect at /opt/***/jobs/python/health_check.py:11
[2024-11-09T17:50:41.958+0000] {spark_submit.py:634} INFO - 24/11/09 17:50:41 INFO DAGScheduler: Registering RDD 2 (reduceByKey at /opt/***/jobs/python/health_check.py:9) as input to shuffle 0
[2024-11-09T17:50:41.964+0000] {spark_submit.py:634} INFO - 24/11/09 17:50:41 INFO DAGScheduler: Got job 0 (collect at /opt/***/jobs/python/health_check.py:11) with 2 output partitions
[2024-11-09T17:50:41.966+0000] {spark_submit.py:634} INFO - 24/11/09 17:50:41 INFO DAGScheduler: Final stage: ResultStage 1 (collect at /opt/***/jobs/python/health_check.py:11)
[2024-11-09T17:50:41.967+0000] {spark_submit.py:634} INFO - 24/11/09 17:50:41 INFO DAGScheduler: Parents of final stage: List(ShuffleMapStage 0)
[2024-11-09T17:50:41.970+0000] {spark_submit.py:634} INFO - 24/11/09 17:50:41 INFO DAGScheduler: Missing parents: List(ShuffleMapStage 0)
[2024-11-09T17:50:41.977+0000] {spark_submit.py:634} INFO - 24/11/09 17:50:41 INFO DAGScheduler: Submitting ShuffleMapStage 0 (PairwiseRDD[2] at reduceByKey at /opt/***/jobs/python/health_check.py:9), which has no missing parents
[2024-11-09T17:50:42.079+0000] {spark_submit.py:634} INFO - 24/11/09 17:50:42 INFO MemoryStore: Block broadcast_0 stored as values in memory (estimated size 11.1 KiB, free 434.4 MiB)
[2024-11-09T17:50:42.124+0000] {spark_submit.py:634} INFO - 24/11/09 17:50:42 INFO MemoryStore: Block broadcast_0_piece0 stored as bytes in memory (estimated size 7.0 KiB, free 434.4 MiB)
[2024-11-09T17:50:42.128+0000] {spark_submit.py:634} INFO - 24/11/09 17:50:42 INFO BlockManagerInfo: Added broadcast_0_piece0 in memory on 073a922f9921:39615 (size: 7.0 KiB, free: 434.4 MiB)
[2024-11-09T17:50:42.133+0000] {spark_submit.py:634} INFO - 24/11/09 17:50:42 INFO SparkContext: Created broadcast 0 from broadcast at DAGScheduler.scala:1535
[2024-11-09T17:50:42.153+0000] {spark_submit.py:634} INFO - 24/11/09 17:50:42 INFO DAGScheduler: Submitting 2 missing tasks from ShuffleMapStage 0 (PairwiseRDD[2] at reduceByKey at /opt/***/jobs/python/health_check.py:9) (first 15 tasks are for partitions Vector(0, 1))
[2024-11-09T17:50:42.156+0000] {spark_submit.py:634} INFO - 24/11/09 17:50:42 INFO TaskSchedulerImpl: Adding task set 0.0 with 2 tasks resource profile 0
[2024-11-09T17:50:43.991+0000] {spark_submit.py:634} INFO - 24/11/09 17:50:43 INFO StandaloneSchedulerBackend$StandaloneDriverEndpoint: Registered executor NettyRpcEndpointRef(spark-client://Executor) (172.23.0.5:51714) with ID 0,  ResourceProfileId 0
[2024-11-09T17:50:44.071+0000] {spark_submit.py:634} INFO - 24/11/09 17:50:44 INFO BlockManagerMasterEndpoint: Registering block manager 172.23.0.5:33109 with 434.4 MiB RAM, BlockManagerId(0, 172.23.0.5, 33109, None)
[2024-11-09T17:50:44.147+0000] {spark_submit.py:634} INFO - 24/11/09 17:50:44 INFO TaskSetManager: Starting task 0.0 in stage 0.0 (TID 0) (172.23.0.5, executor 0, partition 0, PROCESS_LOCAL, 7403 bytes)
[2024-11-09T17:50:44.152+0000] {spark_submit.py:634} INFO - 24/11/09 17:50:44 INFO TaskSetManager: Starting task 1.0 in stage 0.0 (TID 1) (172.23.0.5, executor 0, partition 1, PROCESS_LOCAL, 7436 bytes)
[2024-11-09T17:50:44.533+0000] {spark_submit.py:634} INFO - 24/11/09 17:50:44 INFO BlockManagerInfo: Added broadcast_0_piece0 in memory on 172.23.0.5:33109 (size: 7.0 KiB, free: 434.4 MiB)
[2024-11-09T17:50:45.833+0000] {spark_submit.py:634} INFO - 24/11/09 17:50:45 INFO TaskSetManager: Finished task 0.0 in stage 0.0 (TID 0) in 1700 ms on 172.23.0.5 (executor 0) (1/2)
[2024-11-09T17:50:45.834+0000] {spark_submit.py:634} INFO - 24/11/09 17:50:45 INFO TaskSetManager: Finished task 1.0 in stage 0.0 (TID 1) in 1681 ms on 172.23.0.5 (executor 0) (2/2)
[2024-11-09T17:50:45.835+0000] {spark_submit.py:634} INFO - 24/11/09 17:50:45 INFO TaskSchedulerImpl: Removed TaskSet 0.0, whose tasks have all completed, from pool
[2024-11-09T17:50:45.838+0000] {spark_submit.py:634} INFO - 24/11/09 17:50:45 INFO PythonAccumulatorV2: Connected to AccumulatorServer at host: 127.0.0.1 port: 48113
[2024-11-09T17:50:45.845+0000] {spark_submit.py:634} INFO - 24/11/09 17:50:45 INFO DAGScheduler: ShuffleMapStage 0 (reduceByKey at /opt/***/jobs/python/health_check.py:9) finished in 3.847 s
[2024-11-09T17:50:45.847+0000] {spark_submit.py:634} INFO - 24/11/09 17:50:45 INFO DAGScheduler: looking for newly runnable stages
[2024-11-09T17:50:45.848+0000] {spark_submit.py:634} INFO - 24/11/09 17:50:45 INFO DAGScheduler: running: Set()
[2024-11-09T17:50:45.849+0000] {spark_submit.py:634} INFO - 24/11/09 17:50:45 INFO DAGScheduler: waiting: Set(ResultStage 1)
[2024-11-09T17:50:45.851+0000] {spark_submit.py:634} INFO - 24/11/09 17:50:45 INFO DAGScheduler: failed: Set()
[2024-11-09T17:50:45.853+0000] {spark_submit.py:634} INFO - 24/11/09 17:50:45 INFO DAGScheduler: Submitting ResultStage 1 (PythonRDD[5] at collect at /opt/***/jobs/python/health_check.py:11), which has no missing parents
[2024-11-09T17:50:45.867+0000] {spark_submit.py:634} INFO - 24/11/09 17:50:45 INFO MemoryStore: Block broadcast_1 stored as values in memory (estimated size 10.0 KiB, free 434.4 MiB)
[2024-11-09T17:50:45.870+0000] {spark_submit.py:634} INFO - 24/11/09 17:50:45 INFO MemoryStore: Block broadcast_1_piece0 stored as bytes in memory (estimated size 6.0 KiB, free 434.4 MiB)
[2024-11-09T17:50:45.871+0000] {spark_submit.py:634} INFO - 24/11/09 17:50:45 INFO BlockManagerInfo: Added broadcast_1_piece0 in memory on 073a922f9921:39615 (size: 6.0 KiB, free: 434.4 MiB)
[2024-11-09T17:50:45.872+0000] {spark_submit.py:634} INFO - 24/11/09 17:50:45 INFO SparkContext: Created broadcast 1 from broadcast at DAGScheduler.scala:1535
[2024-11-09T17:50:45.873+0000] {spark_submit.py:634} INFO - 24/11/09 17:50:45 INFO DAGScheduler: Submitting 2 missing tasks from ResultStage 1 (PythonRDD[5] at collect at /opt/***/jobs/python/health_check.py:11) (first 15 tasks are for partitions Vector(0, 1))
[2024-11-09T17:50:45.875+0000] {spark_submit.py:634} INFO - 24/11/09 17:50:45 INFO TaskSchedulerImpl: Adding task set 1.0 with 2 tasks resource profile 0
[2024-11-09T17:50:45.880+0000] {spark_submit.py:634} INFO - 24/11/09 17:50:45 INFO TaskSetManager: Starting task 0.0 in stage 1.0 (TID 2) (172.23.0.5, executor 0, partition 0, NODE_LOCAL, 7185 bytes)
[2024-11-09T17:50:45.881+0000] {spark_submit.py:634} INFO - 24/11/09 17:50:45 INFO TaskSetManager: Starting task 1.0 in stage 1.0 (TID 3) (172.23.0.5, executor 0, partition 1, NODE_LOCAL, 7185 bytes)
[2024-11-09T17:50:45.907+0000] {spark_submit.py:634} INFO - 24/11/09 17:50:45 INFO BlockManagerInfo: Added broadcast_1_piece0 in memory on 172.23.0.5:33109 (size: 6.0 KiB, free: 434.4 MiB)
[2024-11-09T17:50:45.991+0000] {spark_submit.py:634} INFO - 24/11/09 17:50:45 INFO MapOutputTrackerMasterEndpoint: Asked to send map output locations for shuffle 0 to 172.23.0.5:51714
[2024-11-09T17:50:46.231+0000] {spark_submit.py:634} INFO - 24/11/09 17:50:46 INFO TaskSetManager: Finished task 0.0 in stage 1.0 (TID 2) in 354 ms on 172.23.0.5 (executor 0) (1/2)
[2024-11-09T17:50:46.236+0000] {spark_submit.py:634} INFO - 24/11/09 17:50:46 INFO TaskSetManager: Finished task 1.0 in stage 1.0 (TID 3) in 355 ms on 172.23.0.5 (executor 0) (2/2)
[2024-11-09T17:50:46.237+0000] {spark_submit.py:634} INFO - 24/11/09 17:50:46 INFO TaskSchedulerImpl: Removed TaskSet 1.0, whose tasks have all completed, from pool
[2024-11-09T17:50:46.238+0000] {spark_submit.py:634} INFO - 24/11/09 17:50:46 INFO DAGScheduler: ResultStage 1 (collect at /opt/***/jobs/python/health_check.py:11) finished in 0.374 s
[2024-11-09T17:50:46.242+0000] {spark_submit.py:634} INFO - 24/11/09 17:50:46 INFO DAGScheduler: Job 0 is finished. Cancelling potential speculative or zombie tasks for this job
[2024-11-09T17:50:46.243+0000] {spark_submit.py:634} INFO - 24/11/09 17:50:46 INFO TaskSchedulerImpl: Killing all running tasks in stage 1: Stage finished
[2024-11-09T17:50:46.245+0000] {spark_submit.py:634} INFO - 24/11/09 17:50:46 INFO DAGScheduler: Job 0 finished: collect at /opt/***/jobs/python/health_check.py:11, took 4.318751 s
[2024-11-09T17:50:46.263+0000] {spark_submit.py:634} INFO - Python 1
[2024-11-09T17:50:46.264+0000] {spark_submit.py:634} INFO - Airflow 1
[2024-11-09T17:50:46.265+0000] {spark_submit.py:634} INFO - Docker 1
[2024-11-09T17:50:46.266+0000] {spark_submit.py:634} INFO - and 1
[2024-11-09T17:50:46.267+0000] {spark_submit.py:634} INFO - Yusuf 1
[2024-11-09T17:50:46.268+0000] {spark_submit.py:634} INFO - Hello 5
[2024-11-09T17:50:46.269+0000] {spark_submit.py:634} INFO - Spark 1
[2024-11-09T17:50:46.270+0000] {spark_submit.py:634} INFO - 24/11/09 17:50:46 INFO SparkContext: SparkContext is stopping with exitCode 0.
[2024-11-09T17:50:46.275+0000] {spark_submit.py:634} INFO - 24/11/09 17:50:46 INFO SparkUI: Stopped Spark web UI at http://073a922f9921:4040
[2024-11-09T17:50:46.279+0000] {spark_submit.py:634} INFO - 24/11/09 17:50:46 INFO StandaloneSchedulerBackend: Shutting down all executors
[2024-11-09T17:50:46.280+0000] {spark_submit.py:634} INFO - 24/11/09 17:50:46 INFO StandaloneSchedulerBackend$StandaloneDriverEndpoint: Asking each executor to shut down
[2024-11-09T17:50:46.296+0000] {spark_submit.py:634} INFO - 24/11/09 17:50:46 INFO MapOutputTrackerMasterEndpoint: MapOutputTrackerMasterEndpoint stopped!
[2024-11-09T17:50:46.315+0000] {spark_submit.py:634} INFO - 24/11/09 17:50:46 INFO MemoryStore: MemoryStore cleared
[2024-11-09T17:50:46.316+0000] {spark_submit.py:634} INFO - 24/11/09 17:50:46 INFO BlockManager: BlockManager stopped
[2024-11-09T17:50:46.323+0000] {spark_submit.py:634} INFO - 24/11/09 17:50:46 INFO BlockManagerMaster: BlockManagerMaster stopped
[2024-11-09T17:50:46.326+0000] {spark_submit.py:634} INFO - 24/11/09 17:50:46 INFO OutputCommitCoordinator$OutputCommitCoordinatorEndpoint: OutputCommitCoordinator stopped!
[2024-11-09T17:50:46.335+0000] {spark_submit.py:634} INFO - 24/11/09 17:50:46 INFO SparkContext: Successfully stopped SparkContext
[2024-11-09T17:50:47.314+0000] {spark_submit.py:634} INFO - 24/11/09 17:50:47 INFO ShutdownHookManager: Shutdown hook called
[2024-11-09T17:50:47.315+0000] {spark_submit.py:634} INFO - 24/11/09 17:50:47 INFO ShutdownHookManager: Deleting directory /tmp/spark-fe4b3e6f-05a1-4a98-b4f0-53de62a9e1a0
[2024-11-09T17:50:47.319+0000] {spark_submit.py:634} INFO - 24/11/09 17:50:47 INFO ShutdownHookManager: Deleting directory /tmp/spark-eca1a122-e59e-4c68-809f-825b44b247c6
[2024-11-09T17:50:47.322+0000] {spark_submit.py:634} INFO - 24/11/09 17:50:47 INFO ShutdownHookManager: Deleting directory /tmp/spark-eca1a122-e59e-4c68-809f-825b44b247c6/pyspark-e923762b-eac3-4f90-acc4-c67fd17daee3
[2024-11-09T17:50:47.367+0000] {taskinstance.py:340} INFO - ::group::Post task execution logs
[2024-11-09T17:50:47.368+0000] {taskinstance.py:352} INFO - Marking task as SUCCESS. dag_id=spotify_pipeline, task_id=health_check, run_id=manual__2024-11-09T17:50:35.188814+00:00, execution_date=20241109T175035, start_date=20241109T175036, end_date=20241109T175047
[2024-11-09T17:50:47.393+0000] {local_task_job_runner.py:266} INFO - Task exited with return code 0
[2024-11-09T17:50:47.409+0000] {taskinstance.py:3900} INFO - 0 downstream tasks scheduled from follow-on schedule check
[2024-11-09T17:50:47.412+0000] {local_task_job_runner.py:245} INFO - ::endgroup::
