[2024-11-09T17:51:07.760+0000] {local_task_job_runner.py:123} INFO - ::group::Pre task execution logs
[2024-11-09T17:51:07.777+0000] {taskinstance.py:2612} INFO - Dependencies all met for dep_context=non-requeueable deps ti=<TaskInstance: spotify_pipeline.health_check manual__2024-11-09T17:51:06.493045+00:00 [queued]>
[2024-11-09T17:51:07.785+0000] {taskinstance.py:2612} INFO - Dependencies all met for dep_context=requeueable deps ti=<TaskInstance: spotify_pipeline.health_check manual__2024-11-09T17:51:06.493045+00:00 [queued]>
[2024-11-09T17:51:07.786+0000] {taskinstance.py:2865} INFO - Starting attempt 1 of 1
[2024-11-09T17:51:07.800+0000] {taskinstance.py:2888} INFO - Executing <Task(SparkSubmitOperator): health_check> on 2024-11-09 17:51:06.493045+00:00
[2024-11-09T17:51:07.806+0000] {standard_task_runner.py:72} INFO - Started process 1080 to run task
[2024-11-09T17:51:07.808+0000] {standard_task_runner.py:104} INFO - Running: ['***', 'tasks', 'run', 'spotify_pipeline', 'health_check', 'manual__2024-11-09T17:51:06.493045+00:00', '--job-id', '28', '--raw', '--subdir', 'DAGS_FOLDER/spotify_pipeline.py', '--cfg-path', '/tmp/tmphitdtjma']
[2024-11-09T17:51:07.810+0000] {standard_task_runner.py:105} INFO - Job 28: Subtask health_check
[2024-11-09T17:51:07.858+0000] {task_command.py:467} INFO - Running <TaskInstance: spotify_pipeline.health_check manual__2024-11-09T17:51:06.493045+00:00 [running]> on host 073a922f9921
[2024-11-09T17:51:07.944+0000] {taskinstance.py:3131} INFO - Exporting env vars: AIRFLOW_CTX_DAG_OWNER='JK' AIRFLOW_CTX_DAG_ID='spotify_pipeline' AIRFLOW_CTX_TASK_ID='health_check' AIRFLOW_CTX_EXECUTION_DATE='2024-11-09T17:51:06.493045+00:00' AIRFLOW_CTX_TRY_NUMBER='1' AIRFLOW_CTX_DAG_RUN_ID='manual__2024-11-09T17:51:06.493045+00:00'
[2024-11-09T17:51:07.945+0000] {taskinstance.py:731} INFO - ::endgroup::
[2024-11-09T17:51:07.967+0000] {base.py:84} INFO - Retrieving connection 'spark-conn'
[2024-11-09T17:51:07.969+0000] {spark_submit.py:473} INFO - Spark-Submit cmd: spark-submit --master spark://172.23.0.3:7077 --name arrow-spark --deploy-mode client jobs/python/health_check.py
[2024-11-09T17:51:10.732+0000] {spark_submit.py:634} INFO - 24/11/09 17:51:10 INFO SparkContext: Running Spark version 3.4.2
[2024-11-09T17:51:10.799+0000] {spark_submit.py:634} INFO - 24/11/09 17:51:10 WARN NativeCodeLoader: Unable to load native-hadoop library for your platform... using builtin-java classes where applicable
[2024-11-09T17:51:10.901+0000] {spark_submit.py:634} INFO - 24/11/09 17:51:10 INFO ResourceUtils: ==============================================================
[2024-11-09T17:51:10.902+0000] {spark_submit.py:634} INFO - 24/11/09 17:51:10 INFO ResourceUtils: No custom resources configured for spark.driver.
[2024-11-09T17:51:10.903+0000] {spark_submit.py:634} INFO - 24/11/09 17:51:10 INFO ResourceUtils: ==============================================================
[2024-11-09T17:51:10.904+0000] {spark_submit.py:634} INFO - 24/11/09 17:51:10 INFO SparkContext: Submitted application: HealthCheck
[2024-11-09T17:51:10.926+0000] {spark_submit.py:634} INFO - 24/11/09 17:51:10 INFO ResourceProfile: Default ResourceProfile created, executor resources: Map(memory -> name: memory, amount: 1024, script: , vendor: , offHeap -> name: offHeap, amount: 0, script: , vendor: ), task resources: Map(cpus -> name: cpus, amount: 1.0)
[2024-11-09T17:51:10.936+0000] {spark_submit.py:634} INFO - 24/11/09 17:51:10 INFO ResourceProfile: Limiting resource is cpu
[2024-11-09T17:51:10.937+0000] {spark_submit.py:634} INFO - 24/11/09 17:51:10 INFO ResourceProfileManager: Added ResourceProfile id: 0
[2024-11-09T17:51:10.981+0000] {spark_submit.py:634} INFO - 24/11/09 17:51:10 INFO SecurityManager: Changing view acls to: ***
[2024-11-09T17:51:10.983+0000] {spark_submit.py:634} INFO - 24/11/09 17:51:10 INFO SecurityManager: Changing modify acls to: ***
[2024-11-09T17:51:10.984+0000] {spark_submit.py:634} INFO - 24/11/09 17:51:10 INFO SecurityManager: Changing view acls groups to:
[2024-11-09T17:51:10.985+0000] {spark_submit.py:634} INFO - 24/11/09 17:51:10 INFO SecurityManager: Changing modify acls groups to:
[2024-11-09T17:51:10.986+0000] {spark_submit.py:634} INFO - 24/11/09 17:51:10 INFO SecurityManager: SecurityManager: authentication disabled; ui acls disabled; users with view permissions: ***; groups with view permissions: EMPTY; users with modify permissions: ***; groups with modify permissions: EMPTY
[2024-11-09T17:51:11.218+0000] {spark_submit.py:634} INFO - 24/11/09 17:51:11 INFO Utils: Successfully started service 'sparkDriver' on port 44525.
[2024-11-09T17:51:11.244+0000] {spark_submit.py:634} INFO - 24/11/09 17:51:11 INFO SparkEnv: Registering MapOutputTracker
[2024-11-09T17:51:11.286+0000] {spark_submit.py:634} INFO - 24/11/09 17:51:11 INFO SparkEnv: Registering BlockManagerMaster
[2024-11-09T17:51:11.305+0000] {spark_submit.py:634} INFO - 24/11/09 17:51:11 INFO BlockManagerMasterEndpoint: Using org.apache.spark.storage.DefaultTopologyMapper for getting topology information
[2024-11-09T17:51:11.307+0000] {spark_submit.py:634} INFO - 24/11/09 17:51:11 INFO BlockManagerMasterEndpoint: BlockManagerMasterEndpoint up
[2024-11-09T17:51:11.312+0000] {spark_submit.py:634} INFO - 24/11/09 17:51:11 INFO SparkEnv: Registering BlockManagerMasterHeartbeat
[2024-11-09T17:51:11.331+0000] {spark_submit.py:634} INFO - 24/11/09 17:51:11 INFO DiskBlockManager: Created local directory at /tmp/blockmgr-9706a7d0-3c71-4342-aae9-85b5e7f23222
[2024-11-09T17:51:11.349+0000] {spark_submit.py:634} INFO - 24/11/09 17:51:11 INFO MemoryStore: MemoryStore started with capacity 434.4 MiB
[2024-11-09T17:51:11.369+0000] {spark_submit.py:634} INFO - 24/11/09 17:51:11 INFO SparkEnv: Registering OutputCommitCoordinator
[2024-11-09T17:51:11.520+0000] {spark_submit.py:634} INFO - 24/11/09 17:51:11 INFO JettyUtils: Start Jetty 0.0.0.0:4040 for SparkUI
[2024-11-09T17:51:11.579+0000] {spark_submit.py:634} INFO - 24/11/09 17:51:11 INFO Utils: Successfully started service 'SparkUI' on port 4040.
[2024-11-09T17:51:11.729+0000] {spark_submit.py:634} INFO - 24/11/09 17:51:11 INFO StandaloneAppClient$ClientEndpoint: Connecting to master spark://172.23.0.3:7077...
[2024-11-09T17:51:11.776+0000] {spark_submit.py:634} INFO - 24/11/09 17:51:11 INFO TransportClientFactory: Successfully created connection to /172.23.0.3:7077 after 27 ms (0 ms spent in bootstraps)
[2024-11-09T17:51:11.868+0000] {spark_submit.py:634} INFO - 24/11/09 17:51:11 INFO StandaloneSchedulerBackend: Connected to Spark cluster with app ID app-20241109175111-0003
[2024-11-09T17:51:11.870+0000] {spark_submit.py:634} INFO - 24/11/09 17:51:11 INFO StandaloneAppClient$ClientEndpoint: Executor added: app-20241109175111-0003/0 on worker-20241109174917-172.23.0.5-41799 (172.23.0.5:41799) with 2 core(s)
[2024-11-09T17:51:11.875+0000] {spark_submit.py:634} INFO - 24/11/09 17:51:11 INFO StandaloneSchedulerBackend: Granted executor ID app-20241109175111-0003/0 on hostPort 172.23.0.5:41799 with 2 core(s), 1024.0 MiB RAM
[2024-11-09T17:51:11.879+0000] {spark_submit.py:634} INFO - 24/11/09 17:51:11 INFO Utils: Successfully started service 'org.apache.spark.network.netty.NettyBlockTransferService' on port 46137.
[2024-11-09T17:51:11.880+0000] {spark_submit.py:634} INFO - 24/11/09 17:51:11 INFO NettyBlockTransferService: Server created on 073a922f9921:46137
[2024-11-09T17:51:11.882+0000] {spark_submit.py:634} INFO - 24/11/09 17:51:11 INFO BlockManager: Using org.apache.spark.storage.RandomBlockReplicationPolicy for block replication policy
[2024-11-09T17:51:11.893+0000] {spark_submit.py:634} INFO - 24/11/09 17:51:11 INFO BlockManagerMaster: Registering BlockManager BlockManagerId(driver, 073a922f9921, 46137, None)
[2024-11-09T17:51:11.899+0000] {spark_submit.py:634} INFO - 24/11/09 17:51:11 INFO BlockManagerMasterEndpoint: Registering block manager 073a922f9921:46137 with 434.4 MiB RAM, BlockManagerId(driver, 073a922f9921, 46137, None)
[2024-11-09T17:51:11.903+0000] {spark_submit.py:634} INFO - 24/11/09 17:51:11 INFO BlockManagerMaster: Registered BlockManager BlockManagerId(driver, 073a922f9921, 46137, None)
[2024-11-09T17:51:11.907+0000] {spark_submit.py:634} INFO - 24/11/09 17:51:11 INFO BlockManager: Initialized BlockManager: BlockManagerId(driver, 073a922f9921, 46137, None)
[2024-11-09T17:51:11.943+0000] {spark_submit.py:634} INFO - 24/11/09 17:51:11 INFO StandaloneAppClient$ClientEndpoint: Executor updated: app-20241109175111-0003/0 is now RUNNING
[2024-11-09T17:51:12.207+0000] {spark_submit.py:634} INFO - 24/11/09 17:51:12 INFO StandaloneSchedulerBackend: SchedulerBackend is ready for scheduling beginning after reached minRegisteredResourcesRatio: 0.0
[2024-11-09T17:51:12.863+0000] {spark_submit.py:634} INFO - 24/11/09 17:51:12 INFO SparkContext: Starting job: collect at /opt/***/jobs/python/health_check.py:11
[2024-11-09T17:51:12.890+0000] {spark_submit.py:634} INFO - 24/11/09 17:51:12 INFO DAGScheduler: Registering RDD 2 (reduceByKey at /opt/***/jobs/python/health_check.py:9) as input to shuffle 0
[2024-11-09T17:51:12.895+0000] {spark_submit.py:634} INFO - 24/11/09 17:51:12 INFO DAGScheduler: Got job 0 (collect at /opt/***/jobs/python/health_check.py:11) with 2 output partitions
[2024-11-09T17:51:12.897+0000] {spark_submit.py:634} INFO - 24/11/09 17:51:12 INFO DAGScheduler: Final stage: ResultStage 1 (collect at /opt/***/jobs/python/health_check.py:11)
[2024-11-09T17:51:12.898+0000] {spark_submit.py:634} INFO - 24/11/09 17:51:12 INFO DAGScheduler: Parents of final stage: List(ShuffleMapStage 0)
[2024-11-09T17:51:12.899+0000] {spark_submit.py:634} INFO - 24/11/09 17:51:12 INFO DAGScheduler: Missing parents: List(ShuffleMapStage 0)
[2024-11-09T17:51:12.907+0000] {spark_submit.py:634} INFO - 24/11/09 17:51:12 INFO DAGScheduler: Submitting ShuffleMapStage 0 (PairwiseRDD[2] at reduceByKey at /opt/***/jobs/python/health_check.py:9), which has no missing parents
[2024-11-09T17:51:13.021+0000] {spark_submit.py:634} INFO - 24/11/09 17:51:13 INFO MemoryStore: Block broadcast_0 stored as values in memory (estimated size 11.1 KiB, free 434.4 MiB)
[2024-11-09T17:51:13.062+0000] {spark_submit.py:634} INFO - 24/11/09 17:51:13 INFO MemoryStore: Block broadcast_0_piece0 stored as bytes in memory (estimated size 7.0 KiB, free 434.4 MiB)
[2024-11-09T17:51:13.067+0000] {spark_submit.py:634} INFO - 24/11/09 17:51:13 INFO BlockManagerInfo: Added broadcast_0_piece0 in memory on 073a922f9921:46137 (size: 7.0 KiB, free: 434.4 MiB)
[2024-11-09T17:51:13.072+0000] {spark_submit.py:634} INFO - 24/11/09 17:51:13 INFO SparkContext: Created broadcast 0 from broadcast at DAGScheduler.scala:1535
[2024-11-09T17:51:13.095+0000] {spark_submit.py:634} INFO - 24/11/09 17:51:13 INFO DAGScheduler: Submitting 2 missing tasks from ShuffleMapStage 0 (PairwiseRDD[2] at reduceByKey at /opt/***/jobs/python/health_check.py:9) (first 15 tasks are for partitions Vector(0, 1))
[2024-11-09T17:51:13.096+0000] {spark_submit.py:634} INFO - 24/11/09 17:51:13 INFO TaskSchedulerImpl: Adding task set 0.0 with 2 tasks resource profile 0
[2024-11-09T17:51:14.752+0000] {spark_submit.py:634} INFO - 24/11/09 17:51:14 INFO StandaloneSchedulerBackend$StandaloneDriverEndpoint: Registered executor NettyRpcEndpointRef(spark-client://Executor) (172.23.0.5:45360) with ID 0,  ResourceProfileId 0
[2024-11-09T17:51:14.817+0000] {spark_submit.py:634} INFO - 24/11/09 17:51:14 INFO BlockManagerMasterEndpoint: Registering block manager 172.23.0.5:45429 with 434.4 MiB RAM, BlockManagerId(0, 172.23.0.5, 45429, None)
[2024-11-09T17:51:14.884+0000] {spark_submit.py:634} INFO - 24/11/09 17:51:14 INFO TaskSetManager: Starting task 0.0 in stage 0.0 (TID 0) (172.23.0.5, executor 0, partition 0, PROCESS_LOCAL, 7403 bytes)
[2024-11-09T17:51:14.891+0000] {spark_submit.py:634} INFO - 24/11/09 17:51:14 INFO TaskSetManager: Starting task 1.0 in stage 0.0 (TID 1) (172.23.0.5, executor 0, partition 1, PROCESS_LOCAL, 7436 bytes)
[2024-11-09T17:51:15.204+0000] {spark_submit.py:634} INFO - 24/11/09 17:51:15 INFO BlockManagerInfo: Added broadcast_0_piece0 in memory on 172.23.0.5:45429 (size: 7.0 KiB, free: 434.4 MiB)
[2024-11-09T17:51:16.435+0000] {spark_submit.py:634} INFO - 24/11/09 17:51:16 INFO TaskSetManager: Finished task 0.0 in stage 0.0 (TID 0) in 1563 ms on 172.23.0.5 (executor 0) (1/2)
[2024-11-09T17:51:16.436+0000] {spark_submit.py:634} INFO - 24/11/09 17:51:16 INFO TaskSetManager: Finished task 1.0 in stage 0.0 (TID 1) in 1545 ms on 172.23.0.5 (executor 0) (2/2)
[2024-11-09T17:51:16.437+0000] {spark_submit.py:634} INFO - 24/11/09 17:51:16 INFO TaskSchedulerImpl: Removed TaskSet 0.0, whose tasks have all completed, from pool
[2024-11-09T17:51:16.441+0000] {spark_submit.py:634} INFO - 24/11/09 17:51:16 INFO PythonAccumulatorV2: Connected to AccumulatorServer at host: 127.0.0.1 port: 54759
[2024-11-09T17:51:16.448+0000] {spark_submit.py:634} INFO - 24/11/09 17:51:16 INFO DAGScheduler: ShuffleMapStage 0 (reduceByKey at /opt/***/jobs/python/health_check.py:9) finished in 3.522 s
[2024-11-09T17:51:16.449+0000] {spark_submit.py:634} INFO - 24/11/09 17:51:16 INFO DAGScheduler: looking for newly runnable stages
[2024-11-09T17:51:16.451+0000] {spark_submit.py:634} INFO - 24/11/09 17:51:16 INFO DAGScheduler: running: Set()
[2024-11-09T17:51:16.452+0000] {spark_submit.py:634} INFO - 24/11/09 17:51:16 INFO DAGScheduler: waiting: Set(ResultStage 1)
[2024-11-09T17:51:16.454+0000] {spark_submit.py:634} INFO - 24/11/09 17:51:16 INFO DAGScheduler: failed: Set()
[2024-11-09T17:51:16.455+0000] {spark_submit.py:634} INFO - 24/11/09 17:51:16 INFO DAGScheduler: Submitting ResultStage 1 (PythonRDD[5] at collect at /opt/***/jobs/python/health_check.py:11), which has no missing parents
[2024-11-09T17:51:16.465+0000] {spark_submit.py:634} INFO - 24/11/09 17:51:16 INFO MemoryStore: Block broadcast_1 stored as values in memory (estimated size 10.0 KiB, free 434.4 MiB)
[2024-11-09T17:51:16.470+0000] {spark_submit.py:634} INFO - 24/11/09 17:51:16 INFO MemoryStore: Block broadcast_1_piece0 stored as bytes in memory (estimated size 6.0 KiB, free 434.4 MiB)
[2024-11-09T17:51:16.471+0000] {spark_submit.py:634} INFO - 24/11/09 17:51:16 INFO BlockManagerInfo: Added broadcast_1_piece0 in memory on 073a922f9921:46137 (size: 6.0 KiB, free: 434.4 MiB)
[2024-11-09T17:51:16.472+0000] {spark_submit.py:634} INFO - 24/11/09 17:51:16 INFO SparkContext: Created broadcast 1 from broadcast at DAGScheduler.scala:1535
[2024-11-09T17:51:16.474+0000] {spark_submit.py:634} INFO - 24/11/09 17:51:16 INFO DAGScheduler: Submitting 2 missing tasks from ResultStage 1 (PythonRDD[5] at collect at /opt/***/jobs/python/health_check.py:11) (first 15 tasks are for partitions Vector(0, 1))
[2024-11-09T17:51:16.476+0000] {spark_submit.py:634} INFO - 24/11/09 17:51:16 INFO TaskSchedulerImpl: Adding task set 1.0 with 2 tasks resource profile 0
[2024-11-09T17:51:16.483+0000] {spark_submit.py:634} INFO - 24/11/09 17:51:16 INFO TaskSetManager: Starting task 0.0 in stage 1.0 (TID 2) (172.23.0.5, executor 0, partition 0, NODE_LOCAL, 7185 bytes)
[2024-11-09T17:51:16.485+0000] {spark_submit.py:634} INFO - 24/11/09 17:51:16 INFO TaskSetManager: Starting task 1.0 in stage 1.0 (TID 3) (172.23.0.5, executor 0, partition 1, NODE_LOCAL, 7185 bytes)
[2024-11-09T17:51:16.515+0000] {spark_submit.py:634} INFO - 24/11/09 17:51:16 INFO BlockManagerInfo: Added broadcast_1_piece0 in memory on 172.23.0.5:45429 (size: 6.0 KiB, free: 434.4 MiB)
[2024-11-09T17:51:16.600+0000] {spark_submit.py:634} INFO - 24/11/09 17:51:16 INFO MapOutputTrackerMasterEndpoint: Asked to send map output locations for shuffle 0 to 172.23.0.5:45360
[2024-11-09T17:51:16.840+0000] {spark_submit.py:634} INFO - 24/11/09 17:51:16 INFO TaskSetManager: Finished task 0.0 in stage 1.0 (TID 2) in 359 ms on 172.23.0.5 (executor 0) (1/2)
[2024-11-09T17:51:16.869+0000] {spark_submit.py:634} INFO - 24/11/09 17:51:16 INFO TaskSetManager: Finished task 1.0 in stage 1.0 (TID 3) in 385 ms on 172.23.0.5 (executor 0) (2/2)
[2024-11-09T17:51:16.870+0000] {spark_submit.py:634} INFO - 24/11/09 17:51:16 INFO TaskSchedulerImpl: Removed TaskSet 1.0, whose tasks have all completed, from pool
[2024-11-09T17:51:16.872+0000] {spark_submit.py:634} INFO - 24/11/09 17:51:16 INFO DAGScheduler: ResultStage 1 (collect at /opt/***/jobs/python/health_check.py:11) finished in 0.408 s
[2024-11-09T17:51:16.874+0000] {spark_submit.py:634} INFO - 24/11/09 17:51:16 INFO DAGScheduler: Job 0 is finished. Cancelling potential speculative or zombie tasks for this job
[2024-11-09T17:51:16.875+0000] {spark_submit.py:634} INFO - 24/11/09 17:51:16 INFO TaskSchedulerImpl: Killing all running tasks in stage 1: Stage finished
[2024-11-09T17:51:16.877+0000] {spark_submit.py:634} INFO - 24/11/09 17:51:16 INFO DAGScheduler: Job 0 finished: collect at /opt/***/jobs/python/health_check.py:11, took 4.013012 s
[2024-11-09T17:51:16.895+0000] {spark_submit.py:634} INFO - Python 1
[2024-11-09T17:51:16.896+0000] {spark_submit.py:634} INFO - Airflow 1
[2024-11-09T17:51:16.897+0000] {spark_submit.py:634} INFO - Docker 1
[2024-11-09T17:51:16.898+0000] {spark_submit.py:634} INFO - and 1
[2024-11-09T17:51:16.899+0000] {spark_submit.py:634} INFO - Yusuf 1
[2024-11-09T17:51:16.900+0000] {spark_submit.py:634} INFO - Hello 5
[2024-11-09T17:51:16.902+0000] {spark_submit.py:634} INFO - Spark 1
[2024-11-09T17:51:16.903+0000] {spark_submit.py:634} INFO - 24/11/09 17:51:16 INFO SparkContext: SparkContext is stopping with exitCode 0.
[2024-11-09T17:51:16.908+0000] {spark_submit.py:634} INFO - 24/11/09 17:51:16 INFO SparkUI: Stopped Spark web UI at http://073a922f9921:4040
[2024-11-09T17:51:16.912+0000] {spark_submit.py:634} INFO - 24/11/09 17:51:16 INFO StandaloneSchedulerBackend: Shutting down all executors
[2024-11-09T17:51:16.913+0000] {spark_submit.py:634} INFO - 24/11/09 17:51:16 INFO StandaloneSchedulerBackend$StandaloneDriverEndpoint: Asking each executor to shut down
[2024-11-09T17:51:16.938+0000] {spark_submit.py:634} INFO - 24/11/09 17:51:16 INFO MapOutputTrackerMasterEndpoint: MapOutputTrackerMasterEndpoint stopped!
[2024-11-09T17:51:16.960+0000] {spark_submit.py:634} INFO - 24/11/09 17:51:16 INFO MemoryStore: MemoryStore cleared
[2024-11-09T17:51:16.962+0000] {spark_submit.py:634} INFO - 24/11/09 17:51:16 INFO BlockManager: BlockManager stopped
[2024-11-09T17:51:16.969+0000] {spark_submit.py:634} INFO - 24/11/09 17:51:16 INFO BlockManagerMaster: BlockManagerMaster stopped
[2024-11-09T17:51:16.972+0000] {spark_submit.py:634} INFO - 24/11/09 17:51:16 INFO OutputCommitCoordinator$OutputCommitCoordinatorEndpoint: OutputCommitCoordinator stopped!
[2024-11-09T17:51:16.982+0000] {spark_submit.py:634} INFO - 24/11/09 17:51:16 INFO SparkContext: Successfully stopped SparkContext
[2024-11-09T17:51:17.923+0000] {spark_submit.py:634} INFO - 24/11/09 17:51:17 INFO ShutdownHookManager: Shutdown hook called
[2024-11-09T17:51:17.924+0000] {spark_submit.py:634} INFO - 24/11/09 17:51:17 INFO ShutdownHookManager: Deleting directory /tmp/spark-3171ecbc-a028-4614-83c5-a15e9e028fb0/pyspark-42024293-fc8a-4295-85cd-ecebad5f244f
[2024-11-09T17:51:17.927+0000] {spark_submit.py:634} INFO - 24/11/09 17:51:17 INFO ShutdownHookManager: Deleting directory /tmp/spark-f2ca77cd-41df-4818-8ac5-318a6bea014a
[2024-11-09T17:51:17.930+0000] {spark_submit.py:634} INFO - 24/11/09 17:51:17 INFO ShutdownHookManager: Deleting directory /tmp/spark-3171ecbc-a028-4614-83c5-a15e9e028fb0
[2024-11-09T17:51:17.973+0000] {taskinstance.py:340} INFO - ::group::Post task execution logs
[2024-11-09T17:51:17.975+0000] {taskinstance.py:352} INFO - Marking task as SUCCESS. dag_id=spotify_pipeline, task_id=health_check, run_id=manual__2024-11-09T17:51:06.493045+00:00, execution_date=20241109T175106, start_date=20241109T175107, end_date=20241109T175117
[2024-11-09T17:51:18.006+0000] {local_task_job_runner.py:266} INFO - Task exited with return code 0
[2024-11-09T17:51:18.021+0000] {taskinstance.py:3900} INFO - 0 downstream tasks scheduled from follow-on schedule check
[2024-11-09T17:51:18.024+0000] {local_task_job_runner.py:245} INFO - ::endgroup::
