[2024-11-09T17:48:53.870+0000] {local_task_job_runner.py:123} INFO - ::group::Pre task execution logs
[2024-11-09T17:48:53.887+0000] {taskinstance.py:2612} INFO - Dependencies all met for dep_context=non-requeueable deps ti=<TaskInstance: spotify_pipeline.health_check manual__2024-11-09T17:48:52.257698+00:00 [queued]>
[2024-11-09T17:48:53.896+0000] {taskinstance.py:2612} INFO - Dependencies all met for dep_context=requeueable deps ti=<TaskInstance: spotify_pipeline.health_check manual__2024-11-09T17:48:52.257698+00:00 [queued]>
[2024-11-09T17:48:53.897+0000] {taskinstance.py:2865} INFO - Starting attempt 1 of 1
[2024-11-09T17:48:53.913+0000] {taskinstance.py:2888} INFO - Executing <Task(SparkSubmitOperator): health_check> on 2024-11-09 17:48:52.257698+00:00
[2024-11-09T17:48:53.918+0000] {standard_task_runner.py:72} INFO - Started process 409 to run task
[2024-11-09T17:48:53.921+0000] {standard_task_runner.py:104} INFO - Running: ['***', 'tasks', 'run', 'spotify_pipeline', 'health_check', 'manual__2024-11-09T17:48:52.257698+00:00', '--job-id', '20', '--raw', '--subdir', 'DAGS_FOLDER/spotify_pipeline.py', '--cfg-path', '/tmp/tmpxjgnmr46']
[2024-11-09T17:48:53.923+0000] {standard_task_runner.py:105} INFO - Job 20: Subtask health_check
[2024-11-09T17:48:53.972+0000] {task_command.py:467} INFO - Running <TaskInstance: spotify_pipeline.health_check manual__2024-11-09T17:48:52.257698+00:00 [running]> on host 073a922f9921
[2024-11-09T17:48:54.053+0000] {taskinstance.py:3131} INFO - Exporting env vars: AIRFLOW_CTX_DAG_OWNER='JK' AIRFLOW_CTX_DAG_ID='spotify_pipeline' AIRFLOW_CTX_TASK_ID='health_check' AIRFLOW_CTX_EXECUTION_DATE='2024-11-09T17:48:52.257698+00:00' AIRFLOW_CTX_TRY_NUMBER='1' AIRFLOW_CTX_DAG_RUN_ID='manual__2024-11-09T17:48:52.257698+00:00'
[2024-11-09T17:48:54.054+0000] {taskinstance.py:731} INFO - ::endgroup::
[2024-11-09T17:48:54.075+0000] {base.py:84} INFO - Retrieving connection 'spark-conn'
[2024-11-09T17:48:54.077+0000] {spark_submit.py:473} INFO - Spark-Submit cmd: spark-submit --master spark://172.23.0.3:7077 --name arrow-spark --deploy-mode client jobs/python/health_check.py
[2024-11-09T17:48:57.735+0000] {spark_submit.py:634} INFO - 24/11/09 17:48:57 INFO SparkContext: Running Spark version 3.4.2
[2024-11-09T17:48:57.817+0000] {spark_submit.py:634} INFO - 24/11/09 17:48:57 WARN NativeCodeLoader: Unable to load native-hadoop library for your platform... using builtin-java classes where applicable
[2024-11-09T17:48:57.935+0000] {spark_submit.py:634} INFO - 24/11/09 17:48:57 INFO ResourceUtils: ==============================================================
[2024-11-09T17:48:57.937+0000] {spark_submit.py:634} INFO - 24/11/09 17:48:57 INFO ResourceUtils: No custom resources configured for spark.driver.
[2024-11-09T17:48:57.938+0000] {spark_submit.py:634} INFO - 24/11/09 17:48:57 INFO ResourceUtils: ==============================================================
[2024-11-09T17:48:57.940+0000] {spark_submit.py:634} INFO - 24/11/09 17:48:57 INFO SparkContext: Submitted application: HealthCheck
[2024-11-09T17:48:57.964+0000] {spark_submit.py:634} INFO - 24/11/09 17:48:57 INFO ResourceProfile: Default ResourceProfile created, executor resources: Map(memory -> name: memory, amount: 1024, script: , vendor: , offHeap -> name: offHeap, amount: 0, script: , vendor: ), task resources: Map(cpus -> name: cpus, amount: 1.0)
[2024-11-09T17:48:57.973+0000] {spark_submit.py:634} INFO - 24/11/09 17:48:57 INFO ResourceProfile: Limiting resource is cpu
[2024-11-09T17:48:57.974+0000] {spark_submit.py:634} INFO - 24/11/09 17:48:57 INFO ResourceProfileManager: Added ResourceProfile id: 0
[2024-11-09T17:48:58.042+0000] {spark_submit.py:634} INFO - 24/11/09 17:48:58 INFO SecurityManager: Changing view acls to: ***
[2024-11-09T17:48:58.043+0000] {spark_submit.py:634} INFO - 24/11/09 17:48:58 INFO SecurityManager: Changing modify acls to: ***
[2024-11-09T17:48:58.044+0000] {spark_submit.py:634} INFO - 24/11/09 17:48:58 INFO SecurityManager: Changing view acls groups to:
[2024-11-09T17:48:58.046+0000] {spark_submit.py:634} INFO - 24/11/09 17:48:58 INFO SecurityManager: Changing modify acls groups to:
[2024-11-09T17:48:58.047+0000] {spark_submit.py:634} INFO - 24/11/09 17:48:58 INFO SecurityManager: SecurityManager: authentication disabled; ui acls disabled; users with view permissions: ***; groups with view permissions: EMPTY; users with modify permissions: ***; groups with modify permissions: EMPTY
[2024-11-09T17:48:58.372+0000] {spark_submit.py:634} INFO - 24/11/09 17:48:58 INFO Utils: Successfully started service 'sparkDriver' on port 40063.
[2024-11-09T17:48:58.423+0000] {spark_submit.py:634} INFO - 24/11/09 17:48:58 INFO SparkEnv: Registering MapOutputTracker
[2024-11-09T17:48:58.477+0000] {spark_submit.py:634} INFO - 24/11/09 17:48:58 INFO SparkEnv: Registering BlockManagerMaster
[2024-11-09T17:48:58.503+0000] {spark_submit.py:634} INFO - 24/11/09 17:48:58 INFO BlockManagerMasterEndpoint: Using org.apache.spark.storage.DefaultTopologyMapper for getting topology information
[2024-11-09T17:48:58.505+0000] {spark_submit.py:634} INFO - 24/11/09 17:48:58 INFO BlockManagerMasterEndpoint: BlockManagerMasterEndpoint up
[2024-11-09T17:48:58.511+0000] {spark_submit.py:634} INFO - 24/11/09 17:48:58 INFO SparkEnv: Registering BlockManagerMasterHeartbeat
[2024-11-09T17:48:58.547+0000] {spark_submit.py:634} INFO - 24/11/09 17:48:58 INFO DiskBlockManager: Created local directory at /tmp/blockmgr-68b1e496-25d5-4b23-940f-1f0bd427be46
[2024-11-09T17:48:58.569+0000] {spark_submit.py:634} INFO - 24/11/09 17:48:58 INFO MemoryStore: MemoryStore started with capacity 434.4 MiB
[2024-11-09T17:48:58.592+0000] {spark_submit.py:634} INFO - 24/11/09 17:48:58 INFO SparkEnv: Registering OutputCommitCoordinator
[2024-11-09T17:48:58.794+0000] {spark_submit.py:634} INFO - 24/11/09 17:48:58 INFO JettyUtils: Start Jetty 0.0.0.0:4040 for SparkUI
[2024-11-09T17:48:58.863+0000] {spark_submit.py:634} INFO - 24/11/09 17:48:58 INFO Utils: Successfully started service 'SparkUI' on port 4040.
[2024-11-09T17:48:59.046+0000] {spark_submit.py:634} INFO - 24/11/09 17:48:59 INFO StandaloneAppClient$ClientEndpoint: Connecting to master spark://172.23.0.3:7077...
[2024-11-09T17:48:59.107+0000] {spark_submit.py:634} INFO - 24/11/09 17:48:59 INFO TransportClientFactory: Successfully created connection to /172.23.0.3:7077 after 37 ms (0 ms spent in bootstraps)
[2024-11-09T17:48:59.302+0000] {spark_submit.py:634} INFO - 24/11/09 17:48:59 INFO StandaloneSchedulerBackend: Connected to Spark cluster with app ID app-20241109174859-0000
[2024-11-09T17:48:59.311+0000] {spark_submit.py:634} INFO - 24/11/09 17:48:59 INFO Utils: Successfully started service 'org.apache.spark.network.netty.NettyBlockTransferService' on port 39185.
[2024-11-09T17:48:59.312+0000] {spark_submit.py:634} INFO - 24/11/09 17:48:59 INFO NettyBlockTransferService: Server created on 073a922f9921:39185
[2024-11-09T17:48:59.314+0000] {spark_submit.py:634} INFO - 24/11/09 17:48:59 INFO BlockManager: Using org.apache.spark.storage.RandomBlockReplicationPolicy for block replication policy
[2024-11-09T17:48:59.324+0000] {spark_submit.py:634} INFO - 24/11/09 17:48:59 INFO BlockManagerMaster: Registering BlockManager BlockManagerId(driver, 073a922f9921, 39185, None)
[2024-11-09T17:48:59.330+0000] {spark_submit.py:634} INFO - 24/11/09 17:48:59 INFO BlockManagerMasterEndpoint: Registering block manager 073a922f9921:39185 with 434.4 MiB RAM, BlockManagerId(driver, 073a922f9921, 39185, None)
[2024-11-09T17:48:59.331+0000] {spark_submit.py:634} INFO - 24/11/09 17:48:59 INFO StandaloneAppClient$ClientEndpoint: Executor added: app-20241109174859-0000/0 on worker-20241109173848-172.23.0.5-45167 (172.23.0.5:45167) with 2 core(s)
[2024-11-09T17:48:59.334+0000] {spark_submit.py:634} INFO - 24/11/09 17:48:59 INFO StandaloneSchedulerBackend: Granted executor ID app-20241109174859-0000/0 on hostPort 172.23.0.5:45167 with 2 core(s), 1024.0 MiB RAM
[2024-11-09T17:48:59.337+0000] {spark_submit.py:634} INFO - 24/11/09 17:48:59 INFO BlockManagerMaster: Registered BlockManager BlockManagerId(driver, 073a922f9921, 39185, None)
[2024-11-09T17:48:59.338+0000] {spark_submit.py:634} INFO - 24/11/09 17:48:59 INFO BlockManager: Initialized BlockManager: BlockManagerId(driver, 073a922f9921, 39185, None)
[2024-11-09T17:48:59.574+0000] {spark_submit.py:634} INFO - 24/11/09 17:48:59 INFO StandaloneAppClient$ClientEndpoint: Executor updated: app-20241109174859-0000/0 is now RUNNING
[2024-11-09T17:48:59.744+0000] {spark_submit.py:634} INFO - 24/11/09 17:48:59 INFO StandaloneSchedulerBackend: SchedulerBackend is ready for scheduling beginning after reached minRegisteredResourcesRatio: 0.0
[2024-11-09T17:49:00.552+0000] {spark_submit.py:634} INFO - 24/11/09 17:49:00 INFO SparkContext: Starting job: collect at /opt/***/jobs/python/health_check.py:11
[2024-11-09T17:49:00.594+0000] {spark_submit.py:634} INFO - 24/11/09 17:49:00 INFO DAGScheduler: Registering RDD 2 (reduceByKey at /opt/***/jobs/python/health_check.py:9) as input to shuffle 0
[2024-11-09T17:49:00.601+0000] {spark_submit.py:634} INFO - 24/11/09 17:49:00 INFO DAGScheduler: Got job 0 (collect at /opt/***/jobs/python/health_check.py:11) with 2 output partitions
[2024-11-09T17:49:00.602+0000] {spark_submit.py:634} INFO - 24/11/09 17:49:00 INFO DAGScheduler: Final stage: ResultStage 1 (collect at /opt/***/jobs/python/health_check.py:11)
[2024-11-09T17:49:00.604+0000] {spark_submit.py:634} INFO - 24/11/09 17:49:00 INFO DAGScheduler: Parents of final stage: List(ShuffleMapStage 0)
[2024-11-09T17:49:00.605+0000] {spark_submit.py:634} INFO - 24/11/09 17:49:00 INFO DAGScheduler: Missing parents: List(ShuffleMapStage 0)
[2024-11-09T17:49:00.612+0000] {spark_submit.py:634} INFO - 24/11/09 17:49:00 INFO DAGScheduler: Submitting ShuffleMapStage 0 (PairwiseRDD[2] at reduceByKey at /opt/***/jobs/python/health_check.py:9), which has no missing parents
[2024-11-09T17:49:00.767+0000] {spark_submit.py:634} INFO - 24/11/09 17:49:00 INFO MemoryStore: Block broadcast_0 stored as values in memory (estimated size 11.1 KiB, free 434.4 MiB)
[2024-11-09T17:49:00.827+0000] {spark_submit.py:634} INFO - 24/11/09 17:49:00 INFO MemoryStore: Block broadcast_0_piece0 stored as bytes in memory (estimated size 7.0 KiB, free 434.4 MiB)
[2024-11-09T17:49:00.832+0000] {spark_submit.py:634} INFO - 24/11/09 17:49:00 INFO BlockManagerInfo: Added broadcast_0_piece0 in memory on 073a922f9921:39185 (size: 7.0 KiB, free: 434.4 MiB)
[2024-11-09T17:49:00.838+0000] {spark_submit.py:634} INFO - 24/11/09 17:49:00 INFO SparkContext: Created broadcast 0 from broadcast at DAGScheduler.scala:1535
[2024-11-09T17:49:00.856+0000] {spark_submit.py:634} INFO - 24/11/09 17:49:00 INFO DAGScheduler: Submitting 2 missing tasks from ShuffleMapStage 0 (PairwiseRDD[2] at reduceByKey at /opt/***/jobs/python/health_check.py:9) (first 15 tasks are for partitions Vector(0, 1))
[2024-11-09T17:49:00.858+0000] {spark_submit.py:634} INFO - 24/11/09 17:49:00 INFO TaskSchedulerImpl: Adding task set 0.0 with 2 tasks resource profile 0
[2024-11-09T17:49:02.429+0000] {spark_submit.py:634} INFO - 24/11/09 17:49:02 INFO StandaloneSchedulerBackend$StandaloneDriverEndpoint: Registered executor NettyRpcEndpointRef(spark-client://Executor) (172.23.0.5:43070) with ID 0,  ResourceProfileId 0
[2024-11-09T17:49:02.500+0000] {spark_submit.py:634} INFO - 24/11/09 17:49:02 INFO BlockManagerMasterEndpoint: Registering block manager 172.23.0.5:34547 with 434.4 MiB RAM, BlockManagerId(0, 172.23.0.5, 34547, None)
[2024-11-09T17:49:02.558+0000] {spark_submit.py:634} INFO - 24/11/09 17:49:02 INFO TaskSetManager: Starting task 0.0 in stage 0.0 (TID 0) (172.23.0.5, executor 0, partition 0, PROCESS_LOCAL, 7403 bytes)
[2024-11-09T17:49:02.561+0000] {spark_submit.py:634} INFO - 24/11/09 17:49:02 INFO TaskSetManager: Starting task 1.0 in stage 0.0 (TID 1) (172.23.0.5, executor 0, partition 1, PROCESS_LOCAL, 7436 bytes)
[2024-11-09T17:49:02.868+0000] {spark_submit.py:634} INFO - 24/11/09 17:49:02 INFO BlockManagerInfo: Added broadcast_0_piece0 in memory on 172.23.0.5:34547 (size: 7.0 KiB, free: 434.4 MiB)
[2024-11-09T17:49:04.153+0000] {spark_submit.py:634} INFO - 24/11/09 17:49:04 INFO TaskSetManager: Finished task 1.0 in stage 0.0 (TID 1) in 1591 ms on 172.23.0.5 (executor 0) (1/2)
[2024-11-09T17:49:04.154+0000] {spark_submit.py:634} INFO - 24/11/09 17:49:04 INFO TaskSetManager: Finished task 0.0 in stage 0.0 (TID 0) in 1607 ms on 172.23.0.5 (executor 0) (2/2)
[2024-11-09T17:49:04.156+0000] {spark_submit.py:634} INFO - 24/11/09 17:49:04 INFO TaskSchedulerImpl: Removed TaskSet 0.0, whose tasks have all completed, from pool
[2024-11-09T17:49:04.160+0000] {spark_submit.py:634} INFO - 24/11/09 17:49:04 INFO PythonAccumulatorV2: Connected to AccumulatorServer at host: 127.0.0.1 port: 53471
[2024-11-09T17:49:04.167+0000] {spark_submit.py:634} INFO - 24/11/09 17:49:04 INFO DAGScheduler: ShuffleMapStage 0 (reduceByKey at /opt/***/jobs/python/health_check.py:9) finished in 3.531 s
[2024-11-09T17:49:04.168+0000] {spark_submit.py:634} INFO - 24/11/09 17:49:04 INFO DAGScheduler: looking for newly runnable stages
[2024-11-09T17:49:04.169+0000] {spark_submit.py:634} INFO - 24/11/09 17:49:04 INFO DAGScheduler: running: Set()
[2024-11-09T17:49:04.170+0000] {spark_submit.py:634} INFO - 24/11/09 17:49:04 INFO DAGScheduler: waiting: Set(ResultStage 1)
[2024-11-09T17:49:04.171+0000] {spark_submit.py:634} INFO - 24/11/09 17:49:04 INFO DAGScheduler: failed: Set()
[2024-11-09T17:49:04.173+0000] {spark_submit.py:634} INFO - 24/11/09 17:49:04 INFO DAGScheduler: Submitting ResultStage 1 (PythonRDD[5] at collect at /opt/***/jobs/python/health_check.py:11), which has no missing parents
[2024-11-09T17:49:04.184+0000] {spark_submit.py:634} INFO - 24/11/09 17:49:04 INFO MemoryStore: Block broadcast_1 stored as values in memory (estimated size 10.0 KiB, free 434.4 MiB)
[2024-11-09T17:49:04.187+0000] {spark_submit.py:634} INFO - 24/11/09 17:49:04 INFO MemoryStore: Block broadcast_1_piece0 stored as bytes in memory (estimated size 6.0 KiB, free 434.4 MiB)
[2024-11-09T17:49:04.189+0000] {spark_submit.py:634} INFO - 24/11/09 17:49:04 INFO BlockManagerInfo: Added broadcast_1_piece0 in memory on 073a922f9921:39185 (size: 6.0 KiB, free: 434.4 MiB)
[2024-11-09T17:49:04.190+0000] {spark_submit.py:634} INFO - 24/11/09 17:49:04 INFO SparkContext: Created broadcast 1 from broadcast at DAGScheduler.scala:1535
[2024-11-09T17:49:04.191+0000] {spark_submit.py:634} INFO - 24/11/09 17:49:04 INFO DAGScheduler: Submitting 2 missing tasks from ResultStage 1 (PythonRDD[5] at collect at /opt/***/jobs/python/health_check.py:11) (first 15 tasks are for partitions Vector(0, 1))
[2024-11-09T17:49:04.193+0000] {spark_submit.py:634} INFO - 24/11/09 17:49:04 INFO TaskSchedulerImpl: Adding task set 1.0 with 2 tasks resource profile 0
[2024-11-09T17:49:04.200+0000] {spark_submit.py:634} INFO - 24/11/09 17:49:04 INFO TaskSetManager: Starting task 0.0 in stage 1.0 (TID 2) (172.23.0.5, executor 0, partition 0, NODE_LOCAL, 7185 bytes)
[2024-11-09T17:49:04.201+0000] {spark_submit.py:634} INFO - 24/11/09 17:49:04 INFO TaskSetManager: Starting task 1.0 in stage 1.0 (TID 3) (172.23.0.5, executor 0, partition 1, NODE_LOCAL, 7185 bytes)
[2024-11-09T17:49:04.225+0000] {spark_submit.py:634} INFO - 24/11/09 17:49:04 INFO BlockManagerInfo: Added broadcast_1_piece0 in memory on 172.23.0.5:34547 (size: 6.0 KiB, free: 434.4 MiB)
[2024-11-09T17:49:04.315+0000] {spark_submit.py:634} INFO - 24/11/09 17:49:04 INFO MapOutputTrackerMasterEndpoint: Asked to send map output locations for shuffle 0 to 172.23.0.5:43070
[2024-11-09T17:49:04.589+0000] {spark_submit.py:634} INFO - 24/11/09 17:49:04 INFO TaskSetManager: Finished task 1.0 in stage 1.0 (TID 3) in 389 ms on 172.23.0.5 (executor 0) (1/2)
[2024-11-09T17:49:04.594+0000] {spark_submit.py:634} INFO - 24/11/09 17:49:04 INFO TaskSetManager: Finished task 0.0 in stage 1.0 (TID 2) in 397 ms on 172.23.0.5 (executor 0) (2/2)
[2024-11-09T17:49:04.595+0000] {spark_submit.py:634} INFO - 24/11/09 17:49:04 INFO TaskSchedulerImpl: Removed TaskSet 1.0, whose tasks have all completed, from pool
[2024-11-09T17:49:04.597+0000] {spark_submit.py:634} INFO - 24/11/09 17:49:04 INFO DAGScheduler: ResultStage 1 (collect at /opt/***/jobs/python/health_check.py:11) finished in 0.415 s
[2024-11-09T17:49:04.599+0000] {spark_submit.py:634} INFO - 24/11/09 17:49:04 INFO DAGScheduler: Job 0 is finished. Cancelling potential speculative or zombie tasks for this job
[2024-11-09T17:49:04.601+0000] {spark_submit.py:634} INFO - 24/11/09 17:49:04 INFO TaskSchedulerImpl: Killing all running tasks in stage 1: Stage finished
[2024-11-09T17:49:04.602+0000] {spark_submit.py:634} INFO - 24/11/09 17:49:04 INFO DAGScheduler: Job 0 finished: collect at /opt/***/jobs/python/health_check.py:11, took 4.048522 s
[2024-11-09T17:49:04.619+0000] {spark_submit.py:634} INFO - Python 1
[2024-11-09T17:49:04.621+0000] {spark_submit.py:634} INFO - Airflow 1
[2024-11-09T17:49:04.622+0000] {spark_submit.py:634} INFO - Docker 1
[2024-11-09T17:49:04.623+0000] {spark_submit.py:634} INFO - and 1
[2024-11-09T17:49:04.624+0000] {spark_submit.py:634} INFO - Yusuf 1
[2024-11-09T17:49:04.625+0000] {spark_submit.py:634} INFO - Hello 5
[2024-11-09T17:49:04.626+0000] {spark_submit.py:634} INFO - Spark 1
[2024-11-09T17:49:04.628+0000] {spark_submit.py:634} INFO - 24/11/09 17:49:04 INFO SparkContext: SparkContext is stopping with exitCode 0.
[2024-11-09T17:49:04.634+0000] {spark_submit.py:634} INFO - 24/11/09 17:49:04 INFO SparkUI: Stopped Spark web UI at http://073a922f9921:4040
[2024-11-09T17:49:04.638+0000] {spark_submit.py:634} INFO - 24/11/09 17:49:04 INFO StandaloneSchedulerBackend: Shutting down all executors
[2024-11-09T17:49:04.640+0000] {spark_submit.py:634} INFO - 24/11/09 17:49:04 INFO StandaloneSchedulerBackend$StandaloneDriverEndpoint: Asking each executor to shut down
[2024-11-09T17:49:04.658+0000] {spark_submit.py:634} INFO - 24/11/09 17:49:04 INFO MapOutputTrackerMasterEndpoint: MapOutputTrackerMasterEndpoint stopped!
[2024-11-09T17:49:04.678+0000] {spark_submit.py:634} INFO - 24/11/09 17:49:04 INFO MemoryStore: MemoryStore cleared
[2024-11-09T17:49:04.679+0000] {spark_submit.py:634} INFO - 24/11/09 17:49:04 INFO BlockManager: BlockManager stopped
[2024-11-09T17:49:04.686+0000] {spark_submit.py:634} INFO - 24/11/09 17:49:04 INFO BlockManagerMaster: BlockManagerMaster stopped
[2024-11-09T17:49:04.689+0000] {spark_submit.py:634} INFO - 24/11/09 17:49:04 INFO OutputCommitCoordinator$OutputCommitCoordinatorEndpoint: OutputCommitCoordinator stopped!
[2024-11-09T17:49:04.700+0000] {spark_submit.py:634} INFO - 24/11/09 17:49:04 INFO SparkContext: Successfully stopped SparkContext
[2024-11-09T17:49:05.731+0000] {spark_submit.py:634} INFO - 24/11/09 17:49:05 INFO ShutdownHookManager: Shutdown hook called
[2024-11-09T17:49:05.733+0000] {spark_submit.py:634} INFO - 24/11/09 17:49:05 INFO ShutdownHookManager: Deleting directory /tmp/spark-61000dbc-3cec-4177-9b3d-5450028e8621
[2024-11-09T17:49:05.738+0000] {spark_submit.py:634} INFO - 24/11/09 17:49:05 INFO ShutdownHookManager: Deleting directory /tmp/spark-40fdac42-4c25-47a0-b963-41754c74897c/pyspark-1fc206d4-dfc4-4ecc-a238-c220bc05cad6
[2024-11-09T17:49:05.743+0000] {spark_submit.py:634} INFO - 24/11/09 17:49:05 INFO ShutdownHookManager: Deleting directory /tmp/spark-40fdac42-4c25-47a0-b963-41754c74897c
[2024-11-09T17:49:05.801+0000] {taskinstance.py:340} INFO - ::group::Post task execution logs
[2024-11-09T17:49:05.803+0000] {taskinstance.py:352} INFO - Marking task as SUCCESS. dag_id=spotify_pipeline, task_id=health_check, run_id=manual__2024-11-09T17:48:52.257698+00:00, execution_date=20241109T174852, start_date=20241109T174853, end_date=20241109T174905
[2024-11-09T17:49:05.849+0000] {local_task_job_runner.py:266} INFO - Task exited with return code 0
[2024-11-09T17:49:05.868+0000] {taskinstance.py:3900} INFO - 0 downstream tasks scheduled from follow-on schedule check
[2024-11-09T17:49:05.871+0000] {local_task_job_runner.py:245} INFO - ::endgroup::
