[2024-11-09T11:42:33.913+0000] {local_task_job_runner.py:123} INFO - ::group::Pre task execution logs
[2024-11-09T11:42:33.941+0000] {taskinstance.py:2612} INFO - Dependencies all met for dep_context=non-requeueable deps ti=<TaskInstance: sparking_flow.java_job manual__2024-11-09T11:42:31.798805+00:00 [queued]>
[2024-11-09T11:42:33.952+0000] {taskinstance.py:2612} INFO - Dependencies all met for dep_context=requeueable deps ti=<TaskInstance: sparking_flow.java_job manual__2024-11-09T11:42:31.798805+00:00 [queued]>
[2024-11-09T11:42:33.954+0000] {taskinstance.py:2865} INFO - Starting attempt 1 of 1
[2024-11-09T11:42:33.971+0000] {taskinstance.py:2888} INFO - Executing <Task(SparkSubmitOperator): java_job> on 2024-11-09 11:42:31.798805+00:00
[2024-11-09T11:42:33.978+0000] {standard_task_runner.py:72} INFO - Started process 639 to run task
[2024-11-09T11:42:33.980+0000] {standard_task_runner.py:104} INFO - Running: ['***', 'tasks', 'run', 'sparking_flow', 'java_job', 'manual__2024-11-09T11:42:31.798805+00:00', '--job-id', '11', '--raw', '--subdir', 'DAGS_FOLDER/spark_***.py', '--cfg-path', '/tmp/tmpj7jzpu3k']
[2024-11-09T11:42:33.984+0000] {standard_task_runner.py:105} INFO - Job 11: Subtask java_job
[2024-11-09T11:42:34.059+0000] {task_command.py:467} INFO - Running <TaskInstance: sparking_flow.java_job manual__2024-11-09T11:42:31.798805+00:00 [running]> on host 3d16453afa47
[2024-11-09T11:42:34.167+0000] {taskinstance.py:3131} INFO - Exporting env vars: AIRFLOW_CTX_DAG_OWNER='Yusuf Ganiyu' AIRFLOW_CTX_DAG_ID='sparking_flow' AIRFLOW_CTX_TASK_ID='java_job' AIRFLOW_CTX_EXECUTION_DATE='2024-11-09T11:42:31.798805+00:00' AIRFLOW_CTX_TRY_NUMBER='1' AIRFLOW_CTX_DAG_RUN_ID='manual__2024-11-09T11:42:31.798805+00:00'
[2024-11-09T11:42:34.169+0000] {taskinstance.py:731} INFO - ::endgroup::
[2024-11-09T11:42:34.195+0000] {base.py:84} INFO - Retrieving connection 'spark-conn'
[2024-11-09T11:42:34.198+0000] {spark_submit.py:473} INFO - Spark-Submit cmd: spark-submit --master spark://172.23.0.3:7077 --name arrow-spark --class com.airscholar.spark.WordCountJob --deploy-mode client jobs/java/spark-job/target/spark-job-1.0-SNAPSHOT.jar
[2024-11-09T11:42:37.023+0000] {spark_submit.py:634} INFO - 24/11/09 11:42:37 INFO SparkContext: Running Spark version 3.4.2
[2024-11-09T11:42:37.120+0000] {spark_submit.py:634} INFO - 24/11/09 11:42:37 WARN NativeCodeLoader: Unable to load native-hadoop library for your platform... using builtin-java classes where applicable
[2024-11-09T11:42:37.279+0000] {spark_submit.py:634} INFO - 24/11/09 11:42:37 INFO ResourceUtils: ==============================================================
[2024-11-09T11:42:37.281+0000] {spark_submit.py:634} INFO - 24/11/09 11:42:37 INFO ResourceUtils: No custom resources configured for spark.driver.
[2024-11-09T11:42:37.282+0000] {spark_submit.py:634} INFO - 24/11/09 11:42:37 INFO ResourceUtils: ==============================================================
[2024-11-09T11:42:37.284+0000] {spark_submit.py:634} INFO - 24/11/09 11:42:37 INFO SparkContext: Submitted application: Word Count Job
[2024-11-09T11:42:37.322+0000] {spark_submit.py:634} INFO - 24/11/09 11:42:37 INFO ResourceProfile: Default ResourceProfile created, executor resources: Map(cores -> name: cores, amount: 1, script: , vendor: , memory -> name: memory, amount: 1024, script: , vendor: , offHeap -> name: offHeap, amount: 0, script: , vendor: ), task resources: Map(cpus -> name: cpus, amount: 1.0)
[2024-11-09T11:42:37.339+0000] {spark_submit.py:634} INFO - 24/11/09 11:42:37 INFO ResourceProfile: Limiting resource is cpu
[2024-11-09T11:42:37.343+0000] {spark_submit.py:634} INFO - 24/11/09 11:42:37 INFO ResourceProfileManager: Added ResourceProfile id: 0
[2024-11-09T11:42:37.409+0000] {spark_submit.py:634} INFO - 24/11/09 11:42:37 INFO SecurityManager: Changing view acls to: ***
[2024-11-09T11:42:37.411+0000] {spark_submit.py:634} INFO - 24/11/09 11:42:37 INFO SecurityManager: Changing modify acls to: ***
[2024-11-09T11:42:37.413+0000] {spark_submit.py:634} INFO - 24/11/09 11:42:37 INFO SecurityManager: Changing view acls groups to:
[2024-11-09T11:42:37.415+0000] {spark_submit.py:634} INFO - 24/11/09 11:42:37 INFO SecurityManager: Changing modify acls groups to:
[2024-11-09T11:42:37.417+0000] {spark_submit.py:634} INFO - 24/11/09 11:42:37 INFO SecurityManager: SecurityManager: authentication disabled; ui acls disabled; users with view permissions: ***; groups with view permissions: EMPTY; users with modify permissions: ***; groups with modify permissions: EMPTY
[2024-11-09T11:42:37.779+0000] {spark_submit.py:634} INFO - 24/11/09 11:42:37 INFO Utils: Successfully started service 'sparkDriver' on port 35819.
[2024-11-09T11:42:37.815+0000] {spark_submit.py:634} INFO - 24/11/09 11:42:37 INFO SparkEnv: Registering MapOutputTracker
[2024-11-09T11:42:37.869+0000] {spark_submit.py:634} INFO - 24/11/09 11:42:37 INFO SparkEnv: Registering BlockManagerMaster
[2024-11-09T11:42:37.891+0000] {spark_submit.py:634} INFO - 24/11/09 11:42:37 INFO BlockManagerMasterEndpoint: Using org.apache.spark.storage.DefaultTopologyMapper for getting topology information
[2024-11-09T11:42:37.893+0000] {spark_submit.py:634} INFO - 24/11/09 11:42:37 INFO BlockManagerMasterEndpoint: BlockManagerMasterEndpoint up
[2024-11-09T11:42:37.899+0000] {spark_submit.py:634} INFO - 24/11/09 11:42:37 INFO SparkEnv: Registering BlockManagerMasterHeartbeat
[2024-11-09T11:42:37.932+0000] {spark_submit.py:634} INFO - 24/11/09 11:42:37 INFO DiskBlockManager: Created local directory at /tmp/blockmgr-48f8f4c9-3755-481d-9a09-544eb606d273
[2024-11-09T11:42:37.962+0000] {spark_submit.py:634} INFO - 24/11/09 11:42:37 INFO MemoryStore: MemoryStore started with capacity 434.4 MiB
[2024-11-09T11:42:37.992+0000] {spark_submit.py:634} INFO - 24/11/09 11:42:37 INFO SparkEnv: Registering OutputCommitCoordinator
[2024-11-09T11:42:38.162+0000] {spark_submit.py:634} INFO - 24/11/09 11:42:38 INFO JettyUtils: Start Jetty 0.0.0.0:4040 for SparkUI
[2024-11-09T11:42:38.255+0000] {spark_submit.py:634} INFO - 24/11/09 11:42:38 INFO Utils: Successfully started service 'SparkUI' on port 4040.
[2024-11-09T11:42:38.324+0000] {spark_submit.py:634} INFO - 24/11/09 11:42:38 INFO SparkContext: Added JAR file:/opt/***/jobs/java/spark-job/target/spark-job-1.0-SNAPSHOT.jar at spark://3d16453afa47:35819/jars/spark-job-1.0-SNAPSHOT.jar with timestamp 1731152556992
[2024-11-09T11:42:38.416+0000] {spark_submit.py:634} INFO - 24/11/09 11:42:38 INFO Executor: Starting executor ID driver on host 3d16453afa47
[2024-11-09T11:42:38.427+0000] {spark_submit.py:634} INFO - 24/11/09 11:42:38 INFO Executor: Starting executor with user classpath (userClassPathFirst = false): ''
[2024-11-09T11:42:38.463+0000] {spark_submit.py:634} INFO - 24/11/09 11:42:38 INFO Executor: Fetching spark://3d16453afa47:35819/jars/spark-job-1.0-SNAPSHOT.jar with timestamp 1731152556992
[2024-11-09T11:42:38.531+0000] {spark_submit.py:634} INFO - 24/11/09 11:42:38 INFO TransportClientFactory: Successfully created connection to 3d16453afa47/172.23.0.4:35819 after 36 ms (0 ms spent in bootstraps)
[2024-11-09T11:42:38.540+0000] {spark_submit.py:634} INFO - 24/11/09 11:42:38 INFO Utils: Fetching spark://3d16453afa47:35819/jars/spark-job-1.0-SNAPSHOT.jar to /tmp/spark-1a42685b-9d54-4524-b735-32c9c4fd31cd/userFiles-2564144b-bc50-44d9-9aef-45dd51db5021/fetchFileTemp6566759485233628073.tmp
[2024-11-09T11:42:38.592+0000] {spark_submit.py:634} INFO - 24/11/09 11:42:38 INFO Executor: Adding file:/tmp/spark-1a42685b-9d54-4524-b735-32c9c4fd31cd/userFiles-2564144b-bc50-44d9-9aef-45dd51db5021/spark-job-1.0-SNAPSHOT.jar to class loader
[2024-11-09T11:42:38.602+0000] {spark_submit.py:634} INFO - 24/11/09 11:42:38 INFO Utils: Successfully started service 'org.apache.spark.network.netty.NettyBlockTransferService' on port 37939.
[2024-11-09T11:42:38.604+0000] {spark_submit.py:634} INFO - 24/11/09 11:42:38 INFO NettyBlockTransferService: Server created on 3d16453afa47:37939
[2024-11-09T11:42:38.606+0000] {spark_submit.py:634} INFO - 24/11/09 11:42:38 INFO BlockManager: Using org.apache.spark.storage.RandomBlockReplicationPolicy for block replication policy
[2024-11-09T11:42:38.614+0000] {spark_submit.py:634} INFO - 24/11/09 11:42:38 INFO BlockManagerMaster: Registering BlockManager BlockManagerId(driver, 3d16453afa47, 37939, None)
[2024-11-09T11:42:38.621+0000] {spark_submit.py:634} INFO - 24/11/09 11:42:38 INFO BlockManagerMasterEndpoint: Registering block manager 3d16453afa47:37939 with 434.4 MiB RAM, BlockManagerId(driver, 3d16453afa47, 37939, None)
[2024-11-09T11:42:38.624+0000] {spark_submit.py:634} INFO - 24/11/09 11:42:38 INFO BlockManagerMaster: Registered BlockManager BlockManagerId(driver, 3d16453afa47, 37939, None)
[2024-11-09T11:42:38.627+0000] {spark_submit.py:634} INFO - 24/11/09 11:42:38 INFO BlockManager: Initialized BlockManager: BlockManagerId(driver, 3d16453afa47, 37939, None)
[2024-11-09T11:42:39.842+0000] {spark_submit.py:634} INFO - 24/11/09 11:42:39 INFO SparkContext: Starting job: collect at WordCountJob.java:37
[2024-11-09T11:42:39.888+0000] {spark_submit.py:634} INFO - 24/11/09 11:42:39 INFO DAGScheduler: Registering RDD 2 (mapToPair at WordCountJob.java:33) as input to shuffle 0
[2024-11-09T11:42:39.894+0000] {spark_submit.py:634} INFO - 24/11/09 11:42:39 INFO DAGScheduler: Got job 0 (collect at WordCountJob.java:37) with 1 output partitions
[2024-11-09T11:42:39.896+0000] {spark_submit.py:634} INFO - 24/11/09 11:42:39 INFO DAGScheduler: Final stage: ResultStage 1 (collect at WordCountJob.java:37)
[2024-11-09T11:42:39.897+0000] {spark_submit.py:634} INFO - 24/11/09 11:42:39 INFO DAGScheduler: Parents of final stage: List(ShuffleMapStage 0)
[2024-11-09T11:42:39.900+0000] {spark_submit.py:634} INFO - 24/11/09 11:42:39 INFO DAGScheduler: Missing parents: List(ShuffleMapStage 0)
[2024-11-09T11:42:39.906+0000] {spark_submit.py:634} INFO - 24/11/09 11:42:39 INFO DAGScheduler: Submitting ShuffleMapStage 0 (MapPartitionsRDD[2] at mapToPair at WordCountJob.java:33), which has no missing parents
[2024-11-09T11:42:40.094+0000] {spark_submit.py:634} INFO - 24/11/09 11:42:40 INFO MemoryStore: Block broadcast_0 stored as values in memory (estimated size 6.4 KiB, free 434.4 MiB)
[2024-11-09T11:42:40.152+0000] {spark_submit.py:634} INFO - 24/11/09 11:42:40 INFO MemoryStore: Block broadcast_0_piece0 stored as bytes in memory (estimated size 3.4 KiB, free 434.4 MiB)
[2024-11-09T11:42:40.157+0000] {spark_submit.py:634} INFO - 24/11/09 11:42:40 INFO BlockManagerInfo: Added broadcast_0_piece0 in memory on 3d16453afa47:37939 (size: 3.4 KiB, free: 434.4 MiB)
[2024-11-09T11:42:40.163+0000] {spark_submit.py:634} INFO - 24/11/09 11:42:40 INFO SparkContext: Created broadcast 0 from broadcast at DAGScheduler.scala:1535
[2024-11-09T11:42:40.199+0000] {spark_submit.py:634} INFO - 24/11/09 11:42:40 INFO DAGScheduler: Submitting 1 missing tasks from ShuffleMapStage 0 (MapPartitionsRDD[2] at mapToPair at WordCountJob.java:33) (first 15 tasks are for partitions Vector(0))
[2024-11-09T11:42:40.201+0000] {spark_submit.py:634} INFO - 24/11/09 11:42:40 INFO TaskSchedulerImpl: Adding task set 0.0 with 1 tasks resource profile 0
[2024-11-09T11:42:40.338+0000] {spark_submit.py:634} INFO - 24/11/09 11:42:40 INFO TaskSetManager: Starting task 0.0 in stage 0.0 (TID 0) (3d16453afa47, executor driver, partition 0, PROCESS_LOCAL, 7428 bytes)
[2024-11-09T11:42:40.386+0000] {spark_submit.py:634} INFO - 24/11/09 11:42:40 INFO Executor: Running task 0.0 in stage 0.0 (TID 0)
[2024-11-09T11:42:40.889+0000] {spark_submit.py:634} INFO - 24/11/09 11:42:40 INFO Executor: Finished task 0.0 in stage 0.0 (TID 0). 1216 bytes result sent to driver
[2024-11-09T11:42:40.916+0000] {spark_submit.py:634} INFO - 24/11/09 11:42:40 INFO TaskSetManager: Finished task 0.0 in stage 0.0 (TID 0) in 631 ms on 3d16453afa47 (executor driver) (1/1)
[2024-11-09T11:42:40.932+0000] {spark_submit.py:634} INFO - 24/11/09 11:42:40 INFO TaskSchedulerImpl: Removed TaskSet 0.0, whose tasks have all completed, from pool
[2024-11-09T11:42:40.943+0000] {spark_submit.py:634} INFO - 24/11/09 11:42:40 INFO DAGScheduler: ShuffleMapStage 0 (mapToPair at WordCountJob.java:33) finished in 1.003 s
[2024-11-09T11:42:40.946+0000] {spark_submit.py:634} INFO - 24/11/09 11:42:40 INFO DAGScheduler: looking for newly runnable stages
[2024-11-09T11:42:40.948+0000] {spark_submit.py:634} INFO - 24/11/09 11:42:40 INFO DAGScheduler: running: Set()
[2024-11-09T11:42:40.951+0000] {spark_submit.py:634} INFO - 24/11/09 11:42:40 INFO DAGScheduler: waiting: Set(ResultStage 1)
[2024-11-09T11:42:40.952+0000] {spark_submit.py:634} INFO - 24/11/09 11:42:40 INFO DAGScheduler: failed: Set()
[2024-11-09T11:42:40.956+0000] {spark_submit.py:634} INFO - 24/11/09 11:42:40 INFO DAGScheduler: Submitting ResultStage 1 (ShuffledRDD[3] at reduceByKey at WordCountJob.java:34), which has no missing parents
[2024-11-09T11:42:40.997+0000] {spark_submit.py:634} INFO - 24/11/09 11:42:40 INFO MemoryStore: Block broadcast_1 stored as values in memory (estimated size 5.2 KiB, free 434.4 MiB)
[2024-11-09T11:42:41.002+0000] {spark_submit.py:634} INFO - 24/11/09 11:42:41 INFO MemoryStore: Block broadcast_1_piece0 stored as bytes in memory (estimated size 2.9 KiB, free 434.4 MiB)
[2024-11-09T11:42:41.005+0000] {spark_submit.py:634} INFO - 24/11/09 11:42:41 INFO BlockManagerInfo: Added broadcast_1_piece0 in memory on 3d16453afa47:37939 (size: 2.9 KiB, free: 434.4 MiB)
[2024-11-09T11:42:41.007+0000] {spark_submit.py:634} INFO - 24/11/09 11:42:41 INFO SparkContext: Created broadcast 1 from broadcast at DAGScheduler.scala:1535
[2024-11-09T11:42:41.012+0000] {spark_submit.py:634} INFO - 24/11/09 11:42:41 INFO DAGScheduler: Submitting 1 missing tasks from ResultStage 1 (ShuffledRDD[3] at reduceByKey at WordCountJob.java:34) (first 15 tasks are for partitions Vector(0))
[2024-11-09T11:42:41.014+0000] {spark_submit.py:634} INFO - 24/11/09 11:42:41 INFO TaskSchedulerImpl: Adding task set 1.0 with 1 tasks resource profile 0
[2024-11-09T11:42:41.026+0000] {spark_submit.py:634} INFO - 24/11/09 11:42:41 INFO TaskSetManager: Starting task 0.0 in stage 1.0 (TID 1) (3d16453afa47, executor driver, partition 0, NODE_LOCAL, 7181 bytes)
[2024-11-09T11:42:41.029+0000] {spark_submit.py:634} INFO - 24/11/09 11:42:41 INFO Executor: Running task 0.0 in stage 1.0 (TID 1)
[2024-11-09T11:42:41.122+0000] {spark_submit.py:634} INFO - 24/11/09 11:42:41 INFO ShuffleBlockFetcherIterator: Getting 1 (189.0 B) non-empty blocks including 1 (189.0 B) local and 0 (0.0 B) host-local and 0 (0.0 B) push-merged-local and 0 (0.0 B) remote blocks
[2024-11-09T11:42:41.126+0000] {spark_submit.py:634} INFO - 24/11/09 11:42:41 INFO ShuffleBlockFetcherIterator: Started 0 remote fetches in 37 ms
[2024-11-09T11:42:41.135+0000] {spark_submit.py:634} INFO - 24/11/09 11:42:41 INFO BlockManagerInfo: Removed broadcast_0_piece0 on 3d16453afa47:37939 in memory (size: 3.4 KiB, free: 434.4 MiB)
[2024-11-09T11:42:41.172+0000] {spark_submit.py:634} INFO - 24/11/09 11:42:41 INFO Executor: Finished task 0.0 in stage 1.0 (TID 1). 2044 bytes result sent to driver
[2024-11-09T11:42:41.178+0000] {spark_submit.py:634} INFO - 24/11/09 11:42:41 INFO TaskSetManager: Finished task 0.0 in stage 1.0 (TID 1) in 157 ms on 3d16453afa47 (executor driver) (1/1)
[2024-11-09T11:42:41.180+0000] {spark_submit.py:634} INFO - 24/11/09 11:42:41 INFO TaskSchedulerImpl: Removed TaskSet 1.0, whose tasks have all completed, from pool
[2024-11-09T11:42:41.184+0000] {spark_submit.py:634} INFO - 24/11/09 11:42:41 INFO DAGScheduler: ResultStage 1 (collect at WordCountJob.java:37) finished in 0.192 s
[2024-11-09T11:42:41.188+0000] {spark_submit.py:634} INFO - 24/11/09 11:42:41 INFO DAGScheduler: Job 0 is finished. Cancelling potential speculative or zombie tasks for this job
[2024-11-09T11:42:41.189+0000] {spark_submit.py:634} INFO - 24/11/09 11:42:41 INFO TaskSchedulerImpl: Killing all running tasks in stage 1: Stage finished
[2024-11-09T11:42:41.192+0000] {spark_submit.py:634} INFO - 24/11/09 11:42:41 INFO DAGScheduler: Job 0 finished: collect at WordCountJob.java:37, took 1.348467 s
[2024-11-09T11:42:41.195+0000] {spark_submit.py:634} INFO - spark: 1
[2024-11-09T11:42:41.196+0000] {spark_submit.py:634} INFO - docker: 1
[2024-11-09T11:42:41.198+0000] {spark_submit.py:634} INFO - Yusuf: 1
[2024-11-09T11:42:41.200+0000] {spark_submit.py:634} INFO - hello: 5
[2024-11-09T11:42:41.201+0000] {spark_submit.py:634} INFO - java: 1
[2024-11-09T11:42:41.202+0000] {spark_submit.py:634} INFO - world: 1
[2024-11-09T11:42:41.203+0000] {spark_submit.py:634} INFO - 24/11/09 11:42:41 INFO SparkContext: SparkContext is stopping with exitCode 0.
[2024-11-09T11:42:41.214+0000] {spark_submit.py:634} INFO - 24/11/09 11:42:41 INFO SparkUI: Stopped Spark web UI at http://3d16453afa47:4040
[2024-11-09T11:42:41.235+0000] {spark_submit.py:634} INFO - 24/11/09 11:42:41 INFO MapOutputTrackerMasterEndpoint: MapOutputTrackerMasterEndpoint stopped!
[2024-11-09T11:42:41.260+0000] {spark_submit.py:634} INFO - 24/11/09 11:42:41 INFO MemoryStore: MemoryStore cleared
[2024-11-09T11:42:41.262+0000] {spark_submit.py:634} INFO - 24/11/09 11:42:41 INFO BlockManager: BlockManager stopped
[2024-11-09T11:42:41.268+0000] {spark_submit.py:634} INFO - 24/11/09 11:42:41 INFO BlockManagerMaster: BlockManagerMaster stopped
[2024-11-09T11:42:41.272+0000] {spark_submit.py:634} INFO - 24/11/09 11:42:41 INFO OutputCommitCoordinator$OutputCommitCoordinatorEndpoint: OutputCommitCoordinator stopped!
[2024-11-09T11:42:41.289+0000] {spark_submit.py:634} INFO - 24/11/09 11:42:41 INFO SparkContext: Successfully stopped SparkContext
[2024-11-09T11:42:41.294+0000] {spark_submit.py:634} INFO - 24/11/09 11:42:41 INFO ShutdownHookManager: Shutdown hook called
[2024-11-09T11:42:41.299+0000] {spark_submit.py:634} INFO - 24/11/09 11:42:41 INFO ShutdownHookManager: Deleting directory /tmp/spark-072741e9-671d-45d8-9d4f-cdd075c39d15
[2024-11-09T11:42:41.317+0000] {spark_submit.py:634} INFO - 24/11/09 11:42:41 INFO ShutdownHookManager: Deleting directory /tmp/spark-1a42685b-9d54-4524-b735-32c9c4fd31cd
[2024-11-09T11:42:41.396+0000] {taskinstance.py:340} INFO - ::group::Post task execution logs
[2024-11-09T11:42:41.399+0000] {taskinstance.py:352} INFO - Marking task as SUCCESS. dag_id=sparking_flow, task_id=java_job, run_id=manual__2024-11-09T11:42:31.798805+00:00, execution_date=20241109T114231, start_date=20241109T114233, end_date=20241109T114241
[2024-11-09T11:42:41.436+0000] {local_task_job_runner.py:266} INFO - Task exited with return code 0
[2024-11-09T11:42:41.471+0000] {taskinstance.py:3900} INFO - 0 downstream tasks scheduled from follow-on schedule check
[2024-11-09T11:42:41.476+0000] {local_task_job_runner.py:245} INFO - ::endgroup::
