[2024-11-09T11:42:33.907+0000] {local_task_job_runner.py:123} INFO - ::group::Pre task execution logs
[2024-11-09T11:42:33.934+0000] {taskinstance.py:2612} INFO - Dependencies all met for dep_context=non-requeueable deps ti=<TaskInstance: sparking_flow.python_job manual__2024-11-09T11:42:31.798805+00:00 [queued]>
[2024-11-09T11:42:33.946+0000] {taskinstance.py:2612} INFO - Dependencies all met for dep_context=requeueable deps ti=<TaskInstance: sparking_flow.python_job manual__2024-11-09T11:42:31.798805+00:00 [queued]>
[2024-11-09T11:42:33.948+0000] {taskinstance.py:2865} INFO - Starting attempt 1 of 1
[2024-11-09T11:42:33.965+0000] {taskinstance.py:2888} INFO - Executing <Task(SparkSubmitOperator): python_job> on 2024-11-09 11:42:31.798805+00:00
[2024-11-09T11:42:33.971+0000] {standard_task_runner.py:72} INFO - Started process 637 to run task
[2024-11-09T11:42:33.974+0000] {standard_task_runner.py:104} INFO - Running: ['***', 'tasks', 'run', 'sparking_flow', 'python_job', 'manual__2024-11-09T11:42:31.798805+00:00', '--job-id', '12', '--raw', '--subdir', 'DAGS_FOLDER/spark_***.py', '--cfg-path', '/tmp/tmpug9_osl0']
[2024-11-09T11:42:33.978+0000] {standard_task_runner.py:105} INFO - Job 12: Subtask python_job
[2024-11-09T11:42:34.049+0000] {task_command.py:467} INFO - Running <TaskInstance: sparking_flow.python_job manual__2024-11-09T11:42:31.798805+00:00 [running]> on host 3d16453afa47
[2024-11-09T11:42:34.165+0000] {taskinstance.py:3131} INFO - Exporting env vars: AIRFLOW_CTX_DAG_OWNER='Yusuf Ganiyu' AIRFLOW_CTX_DAG_ID='sparking_flow' AIRFLOW_CTX_TASK_ID='python_job' AIRFLOW_CTX_EXECUTION_DATE='2024-11-09T11:42:31.798805+00:00' AIRFLOW_CTX_TRY_NUMBER='1' AIRFLOW_CTX_DAG_RUN_ID='manual__2024-11-09T11:42:31.798805+00:00'
[2024-11-09T11:42:34.167+0000] {taskinstance.py:731} INFO - ::endgroup::
[2024-11-09T11:42:34.196+0000] {base.py:84} INFO - Retrieving connection 'spark-conn'
[2024-11-09T11:42:34.198+0000] {spark_submit.py:473} INFO - Spark-Submit cmd: spark-submit --master spark://172.23.0.3:7077 --name arrow-spark --deploy-mode client jobs/python/wordcountjob.py
[2024-11-09T11:42:38.732+0000] {spark_submit.py:634} INFO - 24/11/09 11:42:38 INFO SparkContext: Running Spark version 3.4.2
[2024-11-09T11:42:38.815+0000] {spark_submit.py:634} INFO - 24/11/09 11:42:38 WARN NativeCodeLoader: Unable to load native-hadoop library for your platform... using builtin-java classes where applicable
[2024-11-09T11:42:38.991+0000] {spark_submit.py:634} INFO - 24/11/09 11:42:38 INFO ResourceUtils: ==============================================================
[2024-11-09T11:42:38.994+0000] {spark_submit.py:634} INFO - 24/11/09 11:42:38 INFO ResourceUtils: No custom resources configured for spark.driver.
[2024-11-09T11:42:38.997+0000] {spark_submit.py:634} INFO - 24/11/09 11:42:38 INFO ResourceUtils: ==============================================================
[2024-11-09T11:42:38.999+0000] {spark_submit.py:634} INFO - 24/11/09 11:42:38 INFO SparkContext: Submitted application: PythonWordCount
[2024-11-09T11:42:39.066+0000] {spark_submit.py:634} INFO - 24/11/09 11:42:39 INFO ResourceProfile: Default ResourceProfile created, executor resources: Map(memory -> name: memory, amount: 1024, script: , vendor: , offHeap -> name: offHeap, amount: 0, script: , vendor: ), task resources: Map(cpus -> name: cpus, amount: 1.0)
[2024-11-09T11:42:39.083+0000] {spark_submit.py:634} INFO - 24/11/09 11:42:39 INFO ResourceProfile: Limiting resource is cpu
[2024-11-09T11:42:39.085+0000] {spark_submit.py:634} INFO - 24/11/09 11:42:39 INFO ResourceProfileManager: Added ResourceProfile id: 0
[2024-11-09T11:42:39.177+0000] {spark_submit.py:634} INFO - 24/11/09 11:42:39 INFO SecurityManager: Changing view acls to: ***
[2024-11-09T11:42:39.179+0000] {spark_submit.py:634} INFO - 24/11/09 11:42:39 INFO SecurityManager: Changing modify acls to: ***
[2024-11-09T11:42:39.181+0000] {spark_submit.py:634} INFO - 24/11/09 11:42:39 INFO SecurityManager: Changing view acls groups to:
[2024-11-09T11:42:39.189+0000] {spark_submit.py:634} INFO - 24/11/09 11:42:39 INFO SecurityManager: Changing modify acls groups to:
[2024-11-09T11:42:39.191+0000] {spark_submit.py:634} INFO - 24/11/09 11:42:39 INFO SecurityManager: SecurityManager: authentication disabled; ui acls disabled; users with view permissions: ***; groups with view permissions: EMPTY; users with modify permissions: ***; groups with modify permissions: EMPTY
[2024-11-09T11:42:39.827+0000] {spark_submit.py:634} INFO - 24/11/09 11:42:39 INFO Utils: Successfully started service 'sparkDriver' on port 36483.
[2024-11-09T11:42:39.879+0000] {spark_submit.py:634} INFO - 24/11/09 11:42:39 INFO SparkEnv: Registering MapOutputTracker
[2024-11-09T11:42:39.952+0000] {spark_submit.py:634} INFO - 24/11/09 11:42:39 INFO SparkEnv: Registering BlockManagerMaster
[2024-11-09T11:42:39.999+0000] {spark_submit.py:634} INFO - 24/11/09 11:42:39 INFO BlockManagerMasterEndpoint: Using org.apache.spark.storage.DefaultTopologyMapper for getting topology information
[2024-11-09T11:42:40.001+0000] {spark_submit.py:634} INFO - 24/11/09 11:42:40 INFO BlockManagerMasterEndpoint: BlockManagerMasterEndpoint up
[2024-11-09T11:42:40.010+0000] {spark_submit.py:634} INFO - 24/11/09 11:42:40 INFO SparkEnv: Registering BlockManagerMasterHeartbeat
[2024-11-09T11:42:40.057+0000] {spark_submit.py:634} INFO - 24/11/09 11:42:40 INFO DiskBlockManager: Created local directory at /tmp/blockmgr-99a78de1-8eb0-4643-8ff7-fab874eb37e9
[2024-11-09T11:42:40.086+0000] {spark_submit.py:634} INFO - 24/11/09 11:42:40 INFO MemoryStore: MemoryStore started with capacity 434.4 MiB
[2024-11-09T11:42:40.116+0000] {spark_submit.py:634} INFO - 24/11/09 11:42:40 INFO SparkEnv: Registering OutputCommitCoordinator
[2024-11-09T11:42:40.405+0000] {spark_submit.py:634} INFO - 24/11/09 11:42:40 INFO JettyUtils: Start Jetty 0.0.0.0:4040 for SparkUI
[2024-11-09T11:42:40.547+0000] {spark_submit.py:634} INFO - 24/11/09 11:42:40 WARN Utils: Service 'SparkUI' could not bind on port 4040. Attempting port 4041.
[2024-11-09T11:42:40.551+0000] {spark_submit.py:634} INFO - 24/11/09 11:42:40 WARN Utils: Service 'SparkUI' could not bind on port 4041. Attempting port 4042.
[2024-11-09T11:42:40.570+0000] {spark_submit.py:634} INFO - 24/11/09 11:42:40 INFO Utils: Successfully started service 'SparkUI' on port 4042.
[2024-11-09T11:42:41.002+0000] {spark_submit.py:634} INFO - 24/11/09 11:42:41 INFO StandaloneAppClient$ClientEndpoint: Connecting to master spark://172.23.0.3:7077...
[2024-11-09T11:42:41.089+0000] {spark_submit.py:634} INFO - 24/11/09 11:42:41 INFO TransportClientFactory: Successfully created connection to /172.23.0.3:7077 after 50 ms (0 ms spent in bootstraps)
[2024-11-09T11:42:41.331+0000] {spark_submit.py:634} INFO - 24/11/09 11:42:41 INFO StandaloneSchedulerBackend: Connected to Spark cluster with app ID app-20241109114241-0001
[2024-11-09T11:42:41.343+0000] {spark_submit.py:634} INFO - 24/11/09 11:42:41 INFO Utils: Successfully started service 'org.apache.spark.network.netty.NettyBlockTransferService' on port 45501.
[2024-11-09T11:42:41.347+0000] {spark_submit.py:634} INFO - 24/11/09 11:42:41 INFO NettyBlockTransferService: Server created on 3d16453afa47:45501
[2024-11-09T11:42:41.350+0000] {spark_submit.py:634} INFO - 24/11/09 11:42:41 INFO BlockManager: Using org.apache.spark.storage.RandomBlockReplicationPolicy for block replication policy
[2024-11-09T11:42:41.362+0000] {spark_submit.py:634} INFO - 24/11/09 11:42:41 INFO BlockManagerMaster: Registering BlockManager BlockManagerId(driver, 3d16453afa47, 45501, None)
[2024-11-09T11:42:41.369+0000] {spark_submit.py:634} INFO - 24/11/09 11:42:41 INFO BlockManagerMasterEndpoint: Registering block manager 3d16453afa47:45501 with 434.4 MiB RAM, BlockManagerId(driver, 3d16453afa47, 45501, None)
[2024-11-09T11:42:41.373+0000] {spark_submit.py:634} INFO - 24/11/09 11:42:41 INFO BlockManagerMaster: Registered BlockManager BlockManagerId(driver, 3d16453afa47, 45501, None)
[2024-11-09T11:42:41.375+0000] {spark_submit.py:634} INFO - 24/11/09 11:42:41 INFO BlockManager: Initialized BlockManager: BlockManagerId(driver, 3d16453afa47, 45501, None)
[2024-11-09T11:42:41.695+0000] {spark_submit.py:634} INFO - 24/11/09 11:42:41 INFO StandaloneSchedulerBackend: SchedulerBackend is ready for scheduling beginning after reached minRegisteredResourcesRatio: 0.0
[2024-11-09T11:42:42.324+0000] {spark_submit.py:634} INFO - 24/11/09 11:42:42 INFO SparkContext: Starting job: collect at /opt/***/jobs/python/wordcountjob.py:11
[2024-11-09T11:42:42.357+0000] {spark_submit.py:634} INFO - 24/11/09 11:42:42 INFO DAGScheduler: Registering RDD 2 (reduceByKey at /opt/***/jobs/python/wordcountjob.py:9) as input to shuffle 0
[2024-11-09T11:42:42.362+0000] {spark_submit.py:634} INFO - 24/11/09 11:42:42 INFO DAGScheduler: Got job 0 (collect at /opt/***/jobs/python/wordcountjob.py:11) with 2 output partitions
[2024-11-09T11:42:42.364+0000] {spark_submit.py:634} INFO - 24/11/09 11:42:42 INFO DAGScheduler: Final stage: ResultStage 1 (collect at /opt/***/jobs/python/wordcountjob.py:11)
[2024-11-09T11:42:42.365+0000] {spark_submit.py:634} INFO - 24/11/09 11:42:42 INFO DAGScheduler: Parents of final stage: List(ShuffleMapStage 0)
[2024-11-09T11:42:42.367+0000] {spark_submit.py:634} INFO - 24/11/09 11:42:42 INFO DAGScheduler: Missing parents: List(ShuffleMapStage 0)
[2024-11-09T11:42:42.371+0000] {spark_submit.py:634} INFO - 24/11/09 11:42:42 INFO DAGScheduler: Submitting ShuffleMapStage 0 (PairwiseRDD[2] at reduceByKey at /opt/***/jobs/python/wordcountjob.py:9), which has no missing parents
[2024-11-09T11:42:42.448+0000] {spark_submit.py:634} INFO - 24/11/09 11:42:42 INFO MemoryStore: Block broadcast_0 stored as values in memory (estimated size 11.1 KiB, free 434.4 MiB)
[2024-11-09T11:42:42.477+0000] {spark_submit.py:634} INFO - 24/11/09 11:42:42 INFO MemoryStore: Block broadcast_0_piece0 stored as bytes in memory (estimated size 7.0 KiB, free 434.4 MiB)
[2024-11-09T11:42:42.481+0000] {spark_submit.py:634} INFO - 24/11/09 11:42:42 INFO BlockManagerInfo: Added broadcast_0_piece0 in memory on 3d16453afa47:45501 (size: 7.0 KiB, free: 434.4 MiB)
[2024-11-09T11:42:42.486+0000] {spark_submit.py:634} INFO - 24/11/09 11:42:42 INFO SparkContext: Created broadcast 0 from broadcast at DAGScheduler.scala:1535
[2024-11-09T11:42:42.502+0000] {spark_submit.py:634} INFO - 24/11/09 11:42:42 INFO DAGScheduler: Submitting 2 missing tasks from ShuffleMapStage 0 (PairwiseRDD[2] at reduceByKey at /opt/***/jobs/python/wordcountjob.py:9) (first 15 tasks are for partitions Vector(0, 1))
[2024-11-09T11:42:42.503+0000] {spark_submit.py:634} INFO - 24/11/09 11:42:42 INFO TaskSchedulerImpl: Adding task set 0.0 with 2 tasks resource profile 0
[2024-11-09T11:42:44.188+0000] {spark_submit.py:634} INFO - 24/11/09 11:42:44 INFO StandaloneAppClient$ClientEndpoint: Executor added: app-20241109114241-0001/0 on worker-20241109113523-172.23.0.5-35483 (172.23.0.5:35483) with 2 core(s)
[2024-11-09T11:42:44.194+0000] {spark_submit.py:634} INFO - 24/11/09 11:42:44 INFO StandaloneSchedulerBackend: Granted executor ID app-20241109114241-0001/0 on hostPort 172.23.0.5:35483 with 2 core(s), 1024.0 MiB RAM
[2024-11-09T11:42:44.248+0000] {spark_submit.py:634} INFO - 24/11/09 11:42:44 INFO StandaloneAppClient$ClientEndpoint: Executor updated: app-20241109114241-0001/0 is now RUNNING
[2024-11-09T11:42:47.030+0000] {spark_submit.py:634} INFO - 24/11/09 11:42:47 INFO StandaloneSchedulerBackend$StandaloneDriverEndpoint: Registered executor NettyRpcEndpointRef(spark-client://Executor) (172.23.0.5:38586) with ID 0,  ResourceProfileId 0
[2024-11-09T11:42:47.109+0000] {spark_submit.py:634} INFO - 24/11/09 11:42:47 INFO BlockManagerMasterEndpoint: Registering block manager 172.23.0.5:33423 with 434.4 MiB RAM, BlockManagerId(0, 172.23.0.5, 33423, None)
[2024-11-09T11:42:47.175+0000] {spark_submit.py:634} INFO - 24/11/09 11:42:47 INFO TaskSetManager: Starting task 0.0 in stage 0.0 (TID 0) (172.23.0.5, executor 0, partition 0, PROCESS_LOCAL, 7403 bytes)
[2024-11-09T11:42:47.178+0000] {spark_submit.py:634} INFO - 24/11/09 11:42:47 INFO TaskSetManager: Starting task 1.0 in stage 0.0 (TID 1) (172.23.0.5, executor 0, partition 1, PROCESS_LOCAL, 7436 bytes)
[2024-11-09T11:42:47.440+0000] {spark_submit.py:634} INFO - 24/11/09 11:42:47 INFO BlockManagerInfo: Added broadcast_0_piece0 in memory on 172.23.0.5:33423 (size: 7.0 KiB, free: 434.4 MiB)
[2024-11-09T11:42:48.809+0000] {spark_submit.py:634} INFO - 24/11/09 11:42:48 INFO TaskSetManager: Finished task 0.0 in stage 0.0 (TID 0) in 1651 ms on 172.23.0.5 (executor 0) (1/2)
[2024-11-09T11:42:48.811+0000] {spark_submit.py:634} INFO - 24/11/09 11:42:48 INFO TaskSetManager: Finished task 1.0 in stage 0.0 (TID 1) in 1632 ms on 172.23.0.5 (executor 0) (2/2)
[2024-11-09T11:42:48.812+0000] {spark_submit.py:634} INFO - 24/11/09 11:42:48 INFO TaskSchedulerImpl: Removed TaskSet 0.0, whose tasks have all completed, from pool
[2024-11-09T11:42:48.817+0000] {spark_submit.py:634} INFO - 24/11/09 11:42:48 INFO PythonAccumulatorV2: Connected to AccumulatorServer at host: 127.0.0.1 port: 38933
[2024-11-09T11:42:48.825+0000] {spark_submit.py:634} INFO - 24/11/09 11:42:48 INFO DAGScheduler: ShuffleMapStage 0 (reduceByKey at /opt/***/jobs/python/wordcountjob.py:9) finished in 6.436 s
[2024-11-09T11:42:48.826+0000] {spark_submit.py:634} INFO - 24/11/09 11:42:48 INFO DAGScheduler: looking for newly runnable stages
[2024-11-09T11:42:48.827+0000] {spark_submit.py:634} INFO - 24/11/09 11:42:48 INFO DAGScheduler: running: Set()
[2024-11-09T11:42:48.829+0000] {spark_submit.py:634} INFO - 24/11/09 11:42:48 INFO DAGScheduler: waiting: Set(ResultStage 1)
[2024-11-09T11:42:48.830+0000] {spark_submit.py:634} INFO - 24/11/09 11:42:48 INFO DAGScheduler: failed: Set()
[2024-11-09T11:42:48.831+0000] {spark_submit.py:634} INFO - 24/11/09 11:42:48 INFO DAGScheduler: Submitting ResultStage 1 (PythonRDD[5] at collect at /opt/***/jobs/python/wordcountjob.py:11), which has no missing parents
[2024-11-09T11:42:48.845+0000] {spark_submit.py:634} INFO - 24/11/09 11:42:48 INFO MemoryStore: Block broadcast_1 stored as values in memory (estimated size 10.0 KiB, free 434.4 MiB)
[2024-11-09T11:42:48.850+0000] {spark_submit.py:634} INFO - 24/11/09 11:42:48 INFO MemoryStore: Block broadcast_1_piece0 stored as bytes in memory (estimated size 6.0 KiB, free 434.4 MiB)
[2024-11-09T11:42:48.852+0000] {spark_submit.py:634} INFO - 24/11/09 11:42:48 INFO BlockManagerInfo: Added broadcast_1_piece0 in memory on 3d16453afa47:45501 (size: 6.0 KiB, free: 434.4 MiB)
[2024-11-09T11:42:48.853+0000] {spark_submit.py:634} INFO - 24/11/09 11:42:48 INFO SparkContext: Created broadcast 1 from broadcast at DAGScheduler.scala:1535
[2024-11-09T11:42:48.856+0000] {spark_submit.py:634} INFO - 24/11/09 11:42:48 INFO DAGScheduler: Submitting 2 missing tasks from ResultStage 1 (PythonRDD[5] at collect at /opt/***/jobs/python/wordcountjob.py:11) (first 15 tasks are for partitions Vector(0, 1))
[2024-11-09T11:42:48.857+0000] {spark_submit.py:634} INFO - 24/11/09 11:42:48 INFO TaskSchedulerImpl: Adding task set 1.0 with 2 tasks resource profile 0
[2024-11-09T11:42:48.866+0000] {spark_submit.py:634} INFO - 24/11/09 11:42:48 INFO TaskSetManager: Starting task 0.0 in stage 1.0 (TID 2) (172.23.0.5, executor 0, partition 0, NODE_LOCAL, 7185 bytes)
[2024-11-09T11:42:48.868+0000] {spark_submit.py:634} INFO - 24/11/09 11:42:48 INFO TaskSetManager: Starting task 1.0 in stage 1.0 (TID 3) (172.23.0.5, executor 0, partition 1, NODE_LOCAL, 7185 bytes)
[2024-11-09T11:42:48.905+0000] {spark_submit.py:634} INFO - 24/11/09 11:42:48 INFO BlockManagerInfo: Added broadcast_1_piece0 in memory on 172.23.0.5:33423 (size: 6.0 KiB, free: 434.4 MiB)
[2024-11-09T11:42:48.996+0000] {spark_submit.py:634} INFO - 24/11/09 11:42:48 INFO MapOutputTrackerMasterEndpoint: Asked to send map output locations for shuffle 0 to 172.23.0.5:38586
[2024-11-09T11:42:49.293+0000] {spark_submit.py:634} INFO - 24/11/09 11:42:49 INFO TaskSetManager: Finished task 0.0 in stage 1.0 (TID 2) in 431 ms on 172.23.0.5 (executor 0) (1/2)
[2024-11-09T11:42:49.301+0000] {spark_submit.py:634} INFO - 24/11/09 11:42:49 INFO TaskSetManager: Finished task 1.0 in stage 1.0 (TID 3) in 435 ms on 172.23.0.5 (executor 0) (2/2)
[2024-11-09T11:42:49.303+0000] {spark_submit.py:634} INFO - 24/11/09 11:42:49 INFO TaskSchedulerImpl: Removed TaskSet 1.0, whose tasks have all completed, from pool
[2024-11-09T11:42:49.304+0000] {spark_submit.py:634} INFO - 24/11/09 11:42:49 INFO DAGScheduler: ResultStage 1 (collect at /opt/***/jobs/python/wordcountjob.py:11) finished in 0.462 s
[2024-11-09T11:42:49.306+0000] {spark_submit.py:634} INFO - 24/11/09 11:42:49 INFO DAGScheduler: Job 0 is finished. Cancelling potential speculative or zombie tasks for this job
[2024-11-09T11:42:49.307+0000] {spark_submit.py:634} INFO - 24/11/09 11:42:49 INFO TaskSchedulerImpl: Killing all running tasks in stage 1: Stage finished
[2024-11-09T11:42:49.308+0000] {spark_submit.py:634} INFO - 24/11/09 11:42:49 INFO DAGScheduler: Job 0 finished: collect at /opt/***/jobs/python/wordcountjob.py:11, took 6.983232 s
[2024-11-09T11:42:49.324+0000] {spark_submit.py:634} INFO - Python 1
[2024-11-09T11:42:49.325+0000] {spark_submit.py:634} INFO - Airflow 1
[2024-11-09T11:42:49.326+0000] {spark_submit.py:634} INFO - Docker 1
[2024-11-09T11:42:49.327+0000] {spark_submit.py:634} INFO - and 1
[2024-11-09T11:42:49.327+0000] {spark_submit.py:634} INFO - Yusuf 1
[2024-11-09T11:42:49.328+0000] {spark_submit.py:634} INFO - Hello 5
[2024-11-09T11:42:49.329+0000] {spark_submit.py:634} INFO - Spark 1
[2024-11-09T11:42:49.330+0000] {spark_submit.py:634} INFO - 24/11/09 11:42:49 INFO SparkContext: SparkContext is stopping with exitCode 0.
[2024-11-09T11:42:49.334+0000] {spark_submit.py:634} INFO - 24/11/09 11:42:49 INFO SparkUI: Stopped Spark web UI at http://3d16453afa47:4042
[2024-11-09T11:42:49.337+0000] {spark_submit.py:634} INFO - 24/11/09 11:42:49 INFO StandaloneSchedulerBackend: Shutting down all executors
[2024-11-09T11:42:49.338+0000] {spark_submit.py:634} INFO - 24/11/09 11:42:49 INFO StandaloneSchedulerBackend$StandaloneDriverEndpoint: Asking each executor to shut down
[2024-11-09T11:42:49.354+0000] {spark_submit.py:634} INFO - 24/11/09 11:42:49 INFO MapOutputTrackerMasterEndpoint: MapOutputTrackerMasterEndpoint stopped!
[2024-11-09T11:42:49.374+0000] {spark_submit.py:634} INFO - 24/11/09 11:42:49 INFO MemoryStore: MemoryStore cleared
[2024-11-09T11:42:49.375+0000] {spark_submit.py:634} INFO - 24/11/09 11:42:49 INFO BlockManager: BlockManager stopped
[2024-11-09T11:42:49.380+0000] {spark_submit.py:634} INFO - 24/11/09 11:42:49 INFO BlockManagerMaster: BlockManagerMaster stopped
[2024-11-09T11:42:49.382+0000] {spark_submit.py:634} INFO - 24/11/09 11:42:49 INFO OutputCommitCoordinator$OutputCommitCoordinatorEndpoint: OutputCommitCoordinator stopped!
[2024-11-09T11:42:49.393+0000] {spark_submit.py:634} INFO - 24/11/09 11:42:49 INFO SparkContext: Successfully stopped SparkContext
[2024-11-09T11:42:50.353+0000] {spark_submit.py:634} INFO - 24/11/09 11:42:50 INFO ShutdownHookManager: Shutdown hook called
[2024-11-09T11:42:50.354+0000] {spark_submit.py:634} INFO - 24/11/09 11:42:50 INFO ShutdownHookManager: Deleting directory /tmp/spark-b7f92eae-141a-4bb3-82ca-023f78edc2d1
[2024-11-09T11:42:50.357+0000] {spark_submit.py:634} INFO - 24/11/09 11:42:50 INFO ShutdownHookManager: Deleting directory /tmp/spark-ea211cc0-dd4b-4189-b241-2305c69259c0
[2024-11-09T11:42:50.360+0000] {spark_submit.py:634} INFO - 24/11/09 11:42:50 INFO ShutdownHookManager: Deleting directory /tmp/spark-b7f92eae-141a-4bb3-82ca-023f78edc2d1/pyspark-38c1c135-e6b4-4e60-9e16-fd334ce47af3
[2024-11-09T11:42:50.406+0000] {taskinstance.py:340} INFO - ::group::Post task execution logs
[2024-11-09T11:42:50.407+0000] {taskinstance.py:352} INFO - Marking task as SUCCESS. dag_id=sparking_flow, task_id=python_job, run_id=manual__2024-11-09T11:42:31.798805+00:00, execution_date=20241109T114231, start_date=20241109T114233, end_date=20241109T114250
[2024-11-09T11:42:50.433+0000] {local_task_job_runner.py:266} INFO - Task exited with return code 0
[2024-11-09T11:42:50.458+0000] {taskinstance.py:3900} INFO - 1 downstream tasks scheduled from follow-on schedule check
[2024-11-09T11:42:50.461+0000] {local_task_job_runner.py:245} INFO - ::endgroup::
