[2024-10-20T13:50:21.028+0000] {local_task_job_runner.py:123} INFO - ::group::Pre task execution logs
[2024-10-20T13:50:21.049+0000] {taskinstance.py:2612} INFO - Dependencies all met for dep_context=non-requeueable deps ti=<TaskInstance: sparking_flow.start scheduled__2024-10-19T00:00:00+00:00 [queued]>
[2024-10-20T13:50:21.059+0000] {taskinstance.py:2612} INFO - Dependencies all met for dep_context=requeueable deps ti=<TaskInstance: sparking_flow.start scheduled__2024-10-19T00:00:00+00:00 [queued]>
[2024-10-20T13:50:21.060+0000] {taskinstance.py:2865} INFO - Starting attempt 1 of 1
[2024-10-20T13:50:21.078+0000] {taskinstance.py:2888} INFO - Executing <Task(PythonOperator): start> on 2024-10-19 00:00:00+00:00
[2024-10-20T13:50:21.084+0000] {standard_task_runner.py:72} INFO - Started process 315 to run task
[2024-10-20T13:50:21.087+0000] {standard_task_runner.py:104} INFO - Running: ['***', 'tasks', 'run', 'sparking_flow', 'start', 'scheduled__2024-10-19T00:00:00+00:00', '--job-id', '3', '--raw', '--subdir', 'DAGS_FOLDER/spark_***.py', '--cfg-path', '/tmp/tmp_96bm_rh']
[2024-10-20T13:50:21.090+0000] {standard_task_runner.py:105} INFO - Job 3: Subtask start
[2024-10-20T13:50:21.145+0000] {task_command.py:467} INFO - Running <TaskInstance: sparking_flow.start scheduled__2024-10-19T00:00:00+00:00 [running]> on host 7f22e23f7520
[2024-10-20T13:50:21.235+0000] {taskinstance.py:3131} INFO - Exporting env vars: AIRFLOW_CTX_DAG_OWNER='Yusuf Ganiyu' AIRFLOW_CTX_DAG_ID='sparking_flow' AIRFLOW_CTX_TASK_ID='start' AIRFLOW_CTX_EXECUTION_DATE='2024-10-19T00:00:00+00:00' AIRFLOW_CTX_TRY_NUMBER='1' AIRFLOW_CTX_DAG_RUN_ID='scheduled__2024-10-19T00:00:00+00:00'
[2024-10-20T13:50:21.236+0000] {taskinstance.py:731} INFO - ::endgroup::
[2024-10-20T13:50:21.263+0000] {logging_mixin.py:190} INFO - Jobs started
[2024-10-20T13:50:21.264+0000] {python.py:240} INFO - Done. Returned value was: None
[2024-10-20T13:50:21.275+0000] {taskinstance.py:340} INFO - ::group::Post task execution logs
[2024-10-20T13:50:21.276+0000] {taskinstance.py:352} INFO - Marking task as SUCCESS. dag_id=sparking_flow, task_id=start, run_id=scheduled__2024-10-19T00:00:00+00:00, execution_date=20241019T000000, start_date=20241020T135021, end_date=20241020T135021
[2024-10-20T13:50:21.302+0000] {local_task_job_runner.py:266} INFO - Task exited with return code 0
[2024-10-20T13:50:21.330+0000] {taskinstance.py:3900} INFO - 3 downstream tasks scheduled from follow-on schedule check
[2024-10-20T13:50:21.333+0000] {local_task_job_runner.py:245} INFO - ::endgroup::
[2024-10-20T14:13:08.411+0000] {local_task_job_runner.py:123} INFO - ::group::Pre task execution logs
[2024-10-20T14:13:08.433+0000] {taskinstance.py:2612} INFO - Dependencies all met for dep_context=non-requeueable deps ti=<TaskInstance: sparking_flow.start scheduled__2024-10-19T00:00:00+00:00 [queued]>
[2024-10-20T14:13:08.443+0000] {taskinstance.py:2612} INFO - Dependencies all met for dep_context=requeueable deps ti=<TaskInstance: sparking_flow.start scheduled__2024-10-19T00:00:00+00:00 [queued]>
[2024-10-20T14:13:08.445+0000] {taskinstance.py:2865} INFO - Starting attempt 1 of 1
[2024-10-20T14:13:08.461+0000] {taskinstance.py:2888} INFO - Executing <Task(PythonOperator): start> on 2024-10-19 00:00:00+00:00
[2024-10-20T14:13:08.470+0000] {standard_task_runner.py:72} INFO - Started process 223 to run task
[2024-10-20T14:13:08.473+0000] {standard_task_runner.py:104} INFO - Running: ['***', 'tasks', 'run', 'sparking_flow', 'start', 'scheduled__2024-10-19T00:00:00+00:00', '--job-id', '2', '--raw', '--subdir', 'DAGS_FOLDER/spark_***.py', '--cfg-path', '/tmp/tmpj727vayo']
[2024-10-20T14:13:08.476+0000] {standard_task_runner.py:105} INFO - Job 2: Subtask start
[2024-10-20T14:13:08.536+0000] {task_command.py:467} INFO - Running <TaskInstance: sparking_flow.start scheduled__2024-10-19T00:00:00+00:00 [running]> on host c087a2fed2c9
[2024-10-20T14:13:08.622+0000] {taskinstance.py:3131} INFO - Exporting env vars: AIRFLOW_CTX_DAG_OWNER='Yusuf Ganiyu' AIRFLOW_CTX_DAG_ID='sparking_flow' AIRFLOW_CTX_TASK_ID='start' AIRFLOW_CTX_EXECUTION_DATE='2024-10-19T00:00:00+00:00' AIRFLOW_CTX_TRY_NUMBER='1' AIRFLOW_CTX_DAG_RUN_ID='scheduled__2024-10-19T00:00:00+00:00'
[2024-10-20T14:13:08.624+0000] {taskinstance.py:731} INFO - ::endgroup::
[2024-10-20T14:13:08.646+0000] {logging_mixin.py:190} INFO - Jobs started
[2024-10-20T14:13:08.647+0000] {python.py:240} INFO - Done. Returned value was: None
[2024-10-20T14:13:08.657+0000] {taskinstance.py:340} INFO - ::group::Post task execution logs
[2024-10-20T14:13:08.659+0000] {taskinstance.py:352} INFO - Marking task as SUCCESS. dag_id=sparking_flow, task_id=start, run_id=scheduled__2024-10-19T00:00:00+00:00, execution_date=20241019T000000, start_date=20241020T141308, end_date=20241020T141308
[2024-10-20T14:13:08.688+0000] {local_task_job_runner.py:266} INFO - Task exited with return code 0
[2024-10-20T14:13:08.719+0000] {taskinstance.py:3900} INFO - 3 downstream tasks scheduled from follow-on schedule check
[2024-10-20T14:13:08.723+0000] {local_task_job_runner.py:245} INFO - ::endgroup::
[2024-10-20T14:21:49.831+0000] {local_task_job_runner.py:123} INFO - ::group::Pre task execution logs
[2024-10-20T14:21:49.852+0000] {taskinstance.py:2612} INFO - Dependencies all met for dep_context=non-requeueable deps ti=<TaskInstance: sparking_flow.start scheduled__2024-10-19T00:00:00+00:00 [queued]>
[2024-10-20T14:21:49.863+0000] {taskinstance.py:2612} INFO - Dependencies all met for dep_context=requeueable deps ti=<TaskInstance: sparking_flow.start scheduled__2024-10-19T00:00:00+00:00 [queued]>
[2024-10-20T14:21:49.865+0000] {taskinstance.py:2865} INFO - Starting attempt 1 of 1
[2024-10-20T14:21:49.882+0000] {taskinstance.py:2888} INFO - Executing <Task(PythonOperator): start> on 2024-10-19 00:00:00+00:00
[2024-10-20T14:21:49.887+0000] {standard_task_runner.py:72} INFO - Started process 232 to run task
[2024-10-20T14:21:49.891+0000] {standard_task_runner.py:104} INFO - Running: ['***', 'tasks', 'run', 'sparking_flow', 'start', 'scheduled__2024-10-19T00:00:00+00:00', '--job-id', '3', '--raw', '--subdir', 'DAGS_FOLDER/spark_***.py', '--cfg-path', '/tmp/tmp6_k9ioww']
[2024-10-20T14:21:49.895+0000] {standard_task_runner.py:105} INFO - Job 3: Subtask start
[2024-10-20T14:21:49.954+0000] {task_command.py:467} INFO - Running <TaskInstance: sparking_flow.start scheduled__2024-10-19T00:00:00+00:00 [running]> on host 857aae8b2a67
[2024-10-20T14:21:50.058+0000] {taskinstance.py:3131} INFO - Exporting env vars: AIRFLOW_CTX_DAG_OWNER='Yusuf Ganiyu' AIRFLOW_CTX_DAG_ID='sparking_flow' AIRFLOW_CTX_TASK_ID='start' AIRFLOW_CTX_EXECUTION_DATE='2024-10-19T00:00:00+00:00' AIRFLOW_CTX_TRY_NUMBER='1' AIRFLOW_CTX_DAG_RUN_ID='scheduled__2024-10-19T00:00:00+00:00'
[2024-10-20T14:21:50.060+0000] {taskinstance.py:731} INFO - ::endgroup::
[2024-10-20T14:21:50.092+0000] {logging_mixin.py:190} INFO - Jobs started
[2024-10-20T14:21:50.093+0000] {python.py:240} INFO - Done. Returned value was: None
[2024-10-20T14:21:50.106+0000] {taskinstance.py:340} INFO - ::group::Post task execution logs
[2024-10-20T14:21:50.107+0000] {taskinstance.py:352} INFO - Marking task as SUCCESS. dag_id=sparking_flow, task_id=start, run_id=scheduled__2024-10-19T00:00:00+00:00, execution_date=20241019T000000, start_date=20241020T142149, end_date=20241020T142150
[2024-10-20T14:21:50.147+0000] {local_task_job_runner.py:266} INFO - Task exited with return code 0
[2024-10-20T14:21:50.174+0000] {taskinstance.py:3900} INFO - 3 downstream tasks scheduled from follow-on schedule check
[2024-10-20T14:21:50.180+0000] {local_task_job_runner.py:245} INFO - ::endgroup::
[2024-10-20T14:29:35.709+0000] {local_task_job_runner.py:123} INFO - ::group::Pre task execution logs
[2024-10-20T14:29:35.727+0000] {taskinstance.py:2612} INFO - Dependencies all met for dep_context=non-requeueable deps ti=<TaskInstance: sparking_flow.start scheduled__2024-10-19T00:00:00+00:00 [queued]>
[2024-10-20T14:29:35.737+0000] {taskinstance.py:2612} INFO - Dependencies all met for dep_context=requeueable deps ti=<TaskInstance: sparking_flow.start scheduled__2024-10-19T00:00:00+00:00 [queued]>
[2024-10-20T14:29:35.738+0000] {taskinstance.py:2865} INFO - Starting attempt 1 of 1
[2024-10-20T14:29:35.754+0000] {taskinstance.py:2888} INFO - Executing <Task(PythonOperator): start> on 2024-10-19 00:00:00+00:00
[2024-10-20T14:29:35.760+0000] {standard_task_runner.py:72} INFO - Started process 227 to run task
[2024-10-20T14:29:35.766+0000] {standard_task_runner.py:104} INFO - Running: ['***', 'tasks', 'run', 'sparking_flow', 'start', 'scheduled__2024-10-19T00:00:00+00:00', '--job-id', '3', '--raw', '--subdir', 'DAGS_FOLDER/spark_***.py', '--cfg-path', '/tmp/tmpogin7od_']
[2024-10-20T14:29:35.769+0000] {standard_task_runner.py:105} INFO - Job 3: Subtask start
[2024-10-20T14:29:35.825+0000] {task_command.py:467} INFO - Running <TaskInstance: sparking_flow.start scheduled__2024-10-19T00:00:00+00:00 [running]> on host 4e8fe2d0691f
[2024-10-20T14:29:35.927+0000] {taskinstance.py:3131} INFO - Exporting env vars: AIRFLOW_CTX_DAG_OWNER='Yusuf Ganiyu' AIRFLOW_CTX_DAG_ID='sparking_flow' AIRFLOW_CTX_TASK_ID='start' AIRFLOW_CTX_EXECUTION_DATE='2024-10-19T00:00:00+00:00' AIRFLOW_CTX_TRY_NUMBER='1' AIRFLOW_CTX_DAG_RUN_ID='scheduled__2024-10-19T00:00:00+00:00'
[2024-10-20T14:29:35.929+0000] {taskinstance.py:731} INFO - ::endgroup::
[2024-10-20T14:29:35.958+0000] {logging_mixin.py:190} INFO - Jobs started
[2024-10-20T14:29:35.960+0000] {python.py:240} INFO - Done. Returned value was: None
[2024-10-20T14:29:35.972+0000] {taskinstance.py:340} INFO - ::group::Post task execution logs
[2024-10-20T14:29:35.974+0000] {taskinstance.py:352} INFO - Marking task as SUCCESS. dag_id=sparking_flow, task_id=start, run_id=scheduled__2024-10-19T00:00:00+00:00, execution_date=20241019T000000, start_date=20241020T142935, end_date=20241020T142935
[2024-10-20T14:29:36.020+0000] {local_task_job_runner.py:266} INFO - Task exited with return code 0
[2024-10-20T14:29:36.052+0000] {taskinstance.py:3900} INFO - 3 downstream tasks scheduled from follow-on schedule check
[2024-10-20T14:29:36.057+0000] {local_task_job_runner.py:245} INFO - ::endgroup::
