[2024-11-09T17:53:55.287+0000] {local_task_job_runner.py:123} INFO - ::group::Pre task execution logs
[2024-11-09T17:53:55.306+0000] {taskinstance.py:2612} INFO - Dependencies all met for dep_context=non-requeueable deps ti=<TaskInstance: spotify_pipeline.repartition manual__2024-11-09T17:53:54.056446+00:00 [queued]>
[2024-11-09T17:53:55.314+0000] {taskinstance.py:2612} INFO - Dependencies all met for dep_context=requeueable deps ti=<TaskInstance: spotify_pipeline.repartition manual__2024-11-09T17:53:54.056446+00:00 [queued]>
[2024-11-09T17:53:55.315+0000] {taskinstance.py:2865} INFO - Starting attempt 1 of 1
[2024-11-09T17:53:55.328+0000] {taskinstance.py:2888} INFO - Executing <Task(SparkSubmitOperator): repartition> on 2024-11-09 17:53:54.056446+00:00
[2024-11-09T17:53:55.333+0000] {standard_task_runner.py:72} INFO - Started process 205 to run task
[2024-11-09T17:53:55.336+0000] {standard_task_runner.py:104} INFO - Running: ['***', 'tasks', 'run', 'spotify_pipeline', 'repartition', 'manual__2024-11-09T17:53:54.056446+00:00', '--job-id', '35', '--raw', '--subdir', 'DAGS_FOLDER/spotify_pipeline.py', '--cfg-path', '/tmp/tmp5syg3m0t']
[2024-11-09T17:53:55.339+0000] {standard_task_runner.py:105} INFO - Job 35: Subtask repartition
[2024-11-09T17:53:55.388+0000] {task_command.py:467} INFO - Running <TaskInstance: spotify_pipeline.repartition manual__2024-11-09T17:53:54.056446+00:00 [running]> on host d2265ead819e
[2024-11-09T17:53:55.470+0000] {taskinstance.py:3131} INFO - Exporting env vars: AIRFLOW_CTX_DAG_OWNER='JK' AIRFLOW_CTX_DAG_ID='spotify_pipeline' AIRFLOW_CTX_TASK_ID='repartition' AIRFLOW_CTX_EXECUTION_DATE='2024-11-09T17:53:54.056446+00:00' AIRFLOW_CTX_TRY_NUMBER='1' AIRFLOW_CTX_DAG_RUN_ID='manual__2024-11-09T17:53:54.056446+00:00'
[2024-11-09T17:53:55.472+0000] {taskinstance.py:731} INFO - ::endgroup::
[2024-11-09T17:53:55.492+0000] {base.py:84} INFO - Retrieving connection 'spark-conn'
[2024-11-09T17:53:55.493+0000] {spark_submit.py:473} INFO - Spark-Submit cmd: spark-submit --master spark://172.23.0.3:7077 --name arrow-spark --deploy-mode client jobs/python/reparition_countries.py /opt/data/kaggle_spotify.csv 10 /opt/data/bronze/kaggle_spotify
[2024-11-09T17:53:57.565+0000] {spark_submit.py:634} INFO - python3: can't open file '/opt/***/jobs/python/reparition_countries.py': [Errno 2] No such file or directory
[2024-11-09T17:53:57.588+0000] {spark_submit.py:634} INFO - 24/11/09 17:53:57 INFO ShutdownHookManager: Shutdown hook called
[2024-11-09T17:53:57.592+0000] {spark_submit.py:634} INFO - 24/11/09 17:53:57 INFO ShutdownHookManager: Deleting directory /tmp/spark-e0eabf53-7452-4372-8aa9-74279f91fa8a
[2024-11-09T17:53:57.638+0000] {taskinstance.py:3310} ERROR - Task failed with exception
Traceback (most recent call last):
  File "/home/airflow/.local/lib/python3.11/site-packages/airflow/models/taskinstance.py", line 767, in _execute_task
    result = _execute_callable(context=context, **execute_callable_kwargs)
             ^^^^^^^^^^^^^^^^^^^^^^^^^^^^^^^^^^^^^^^^^^^^^^^^^^^^^^^^^^^^^
  File "/home/airflow/.local/lib/python3.11/site-packages/airflow/models/taskinstance.py", line 733, in _execute_callable
    return ExecutionCallableRunner(
           ^^^^^^^^^^^^^^^^^^^^^^^^
  File "/home/airflow/.local/lib/python3.11/site-packages/airflow/utils/operator_helpers.py", line 252, in run
    return self.func(*args, **kwargs)
           ^^^^^^^^^^^^^^^^^^^^^^^^^^
  File "/home/airflow/.local/lib/python3.11/site-packages/airflow/models/baseoperator.py", line 406, in wrapper
    return func(self, *args, **kwargs)
           ^^^^^^^^^^^^^^^^^^^^^^^^^^^
  File "/home/airflow/.local/lib/python3.11/site-packages/airflow/providers/apache/spark/operators/spark_submit.py", line 176, in execute
    self._hook.submit(self.application)
  File "/home/airflow/.local/lib/python3.11/site-packages/airflow/providers/apache/spark/hooks/spark_submit.py", line 560, in submit
    raise AirflowException(
airflow.exceptions.AirflowException: Cannot execute: spark-submit --master spark://172.23.0.3:7077 --name arrow-spark --deploy-mode client jobs/python/reparition_countries.py /opt/data/kaggle_spotify.csv 10 /opt/data/bronze/kaggle_spotify. Error code is: 2.
[2024-11-09T17:53:57.642+0000] {taskinstance.py:1225} INFO - Marking task as FAILED. dag_id=spotify_pipeline, task_id=repartition, run_id=manual__2024-11-09T17:53:54.056446+00:00, execution_date=20241109T175354, start_date=20241109T175355, end_date=20241109T175357
[2024-11-09T17:53:57.656+0000] {taskinstance.py:340} INFO - ::group::Post task execution logs
[2024-11-09T17:53:57.657+0000] {standard_task_runner.py:124} ERROR - Failed to execute job 35 for task repartition (Cannot execute: spark-submit --master spark://172.23.0.3:7077 --name arrow-spark --deploy-mode client jobs/python/reparition_countries.py /opt/data/kaggle_spotify.csv 10 /opt/data/bronze/kaggle_spotify. Error code is: 2.; 205)
Traceback (most recent call last):
  File "/home/airflow/.local/lib/python3.11/site-packages/airflow/task/task_runner/standard_task_runner.py", line 117, in _start_by_fork
    ret = args.func(args, dag=self.dag)
          ^^^^^^^^^^^^^^^^^^^^^^^^^^^^^
  File "/home/airflow/.local/lib/python3.11/site-packages/airflow/cli/cli_config.py", line 49, in command
    return func(*args, **kwargs)
           ^^^^^^^^^^^^^^^^^^^^^
  File "/home/airflow/.local/lib/python3.11/site-packages/airflow/utils/cli.py", line 115, in wrapper
    return f(*args, **kwargs)
           ^^^^^^^^^^^^^^^^^^
  File "/home/airflow/.local/lib/python3.11/site-packages/airflow/cli/commands/task_command.py", line 483, in task_run
    task_return_code = _run_task_by_selected_method(args, _dag, ti)
                       ^^^^^^^^^^^^^^^^^^^^^^^^^^^^^^^^^^^^^^^^^^^^
  File "/home/airflow/.local/lib/python3.11/site-packages/airflow/cli/commands/task_command.py", line 256, in _run_task_by_selected_method
    return _run_raw_task(args, ti)
           ^^^^^^^^^^^^^^^^^^^^^^^
  File "/home/airflow/.local/lib/python3.11/site-packages/airflow/cli/commands/task_command.py", line 341, in _run_raw_task
    return ti._run_raw_task(
           ^^^^^^^^^^^^^^^^^
  File "/home/airflow/.local/lib/python3.11/site-packages/airflow/utils/session.py", line 97, in wrapper
    return func(*args, session=session, **kwargs)
           ^^^^^^^^^^^^^^^^^^^^^^^^^^^^^^^^^^^^^^
  File "/home/airflow/.local/lib/python3.11/site-packages/airflow/models/taskinstance.py", line 3004, in _run_raw_task
    return _run_raw_task(
           ^^^^^^^^^^^^^^
  File "/home/airflow/.local/lib/python3.11/site-packages/airflow/models/taskinstance.py", line 273, in _run_raw_task
    TaskInstance._execute_task_with_callbacks(
  File "/home/airflow/.local/lib/python3.11/site-packages/airflow/models/taskinstance.py", line 3158, in _execute_task_with_callbacks
    result = self._execute_task(context, task_orig)
             ^^^^^^^^^^^^^^^^^^^^^^^^^^^^^^^^^^^^^^
  File "/home/airflow/.local/lib/python3.11/site-packages/airflow/models/taskinstance.py", line 3182, in _execute_task
    return _execute_task(self, context, task_orig)
           ^^^^^^^^^^^^^^^^^^^^^^^^^^^^^^^^^^^^^^^
  File "/home/airflow/.local/lib/python3.11/site-packages/airflow/models/taskinstance.py", line 767, in _execute_task
    result = _execute_callable(context=context, **execute_callable_kwargs)
             ^^^^^^^^^^^^^^^^^^^^^^^^^^^^^^^^^^^^^^^^^^^^^^^^^^^^^^^^^^^^^
  File "/home/airflow/.local/lib/python3.11/site-packages/airflow/models/taskinstance.py", line 733, in _execute_callable
    return ExecutionCallableRunner(
           ^^^^^^^^^^^^^^^^^^^^^^^^
  File "/home/airflow/.local/lib/python3.11/site-packages/airflow/utils/operator_helpers.py", line 252, in run
    return self.func(*args, **kwargs)
           ^^^^^^^^^^^^^^^^^^^^^^^^^^
  File "/home/airflow/.local/lib/python3.11/site-packages/airflow/models/baseoperator.py", line 406, in wrapper
    return func(self, *args, **kwargs)
           ^^^^^^^^^^^^^^^^^^^^^^^^^^^
  File "/home/airflow/.local/lib/python3.11/site-packages/airflow/providers/apache/spark/operators/spark_submit.py", line 176, in execute
    self._hook.submit(self.application)
  File "/home/airflow/.local/lib/python3.11/site-packages/airflow/providers/apache/spark/hooks/spark_submit.py", line 560, in submit
    raise AirflowException(
airflow.exceptions.AirflowException: Cannot execute: spark-submit --master spark://172.23.0.3:7077 --name arrow-spark --deploy-mode client jobs/python/reparition_countries.py /opt/data/kaggle_spotify.csv 10 /opt/data/bronze/kaggle_spotify. Error code is: 2.
[2024-11-09T17:53:57.678+0000] {local_task_job_runner.py:266} INFO - Task exited with return code 1
[2024-11-09T17:53:57.702+0000] {taskinstance.py:3900} INFO - 0 downstream tasks scheduled from follow-on schedule check
[2024-11-09T17:53:57.708+0000] {local_task_job_runner.py:245} INFO - ::endgroup::
